Archive member included because of file (symbol)

/home/tools/CodeSourcery/Sourcery_CodeBench_for_ARM_EABI/bin/../lib/gcc/arm-none-eabi/4.7.2/../../../../arm-none-eabi/lib/armv7-m/libc.a(lib_a-asm-memcpy.o)
                              /home/jon/VistaModels/ARM/m3/CBwork/AEShw/Debug/Test.o (memcpy)
/home/tools/CodeSourcery/Sourcery_CodeBench_for_ARM_EABI/bin/../lib/gcc/arm-none-eabi/4.7.2/../../../../arm-none-eabi/lib/armv7-m/libc.a(lib_a-atexit.o)
                              (atexit)
/home/tools/CodeSourcery/Sourcery_CodeBench_for_ARM_EABI/bin/../lib/gcc/arm-none-eabi/4.7.2/../../../../arm-none-eabi/lib/armv7-m/libc.a(lib_a-exit.o)
                              (exit)
/home/tools/CodeSourcery/Sourcery_CodeBench_for_ARM_EABI/bin/../lib/gcc/arm-none-eabi/4.7.2/../../../../arm-none-eabi/lib/armv7-m/libc.a(lib_a-memset.o)
                              /home/jon/VistaModels/ARM/m3/CBwork/AEShw/Debug/Test.o (memset)
/home/tools/CodeSourcery/Sourcery_CodeBench_for_ARM_EABI/bin/../lib/gcc/arm-none-eabi/4.7.2/../../../../arm-none-eabi/lib/armv7-m/libc.a(lib_a-printf.o)
                              /home/jon/VistaModels/ARM/m3/CBwork/AEShw/Debug/Test.o (printf)
/home/tools/CodeSourcery/Sourcery_CodeBench_for_ARM_EABI/bin/../lib/gcc/arm-none-eabi/4.7.2/../../../../arm-none-eabi/lib/armv7-m/libc.a(lib_a-sinit.o)
                              /home/tools/CodeSourcery/Sourcery_CodeBench_for_ARM_EABI/bin/../lib/gcc/arm-none-eabi/4.7.2/../../../../arm-none-eabi/lib/armv7-m/libc.a(lib_a-printf.o) (__sinit)
/home/tools/CodeSourcery/Sourcery_CodeBench_for_ARM_EABI/bin/../lib/gcc/arm-none-eabi/4.7.2/../../../../arm-none-eabi/lib/armv7-m/libc.a(lib_a-stdout.o)
                              /home/tools/CodeSourcery/Sourcery_CodeBench_for_ARM_EABI/bin/../lib/gcc/arm-none-eabi/4.7.2/../../../../arm-none-eabi/lib/armv7-m/libc.a(lib_a-printf.o) (_cslibc_global__stdout)
/home/tools/CodeSourcery/Sourcery_CodeBench_for_ARM_EABI/bin/../lib/gcc/arm-none-eabi/4.7.2/../../../../arm-none-eabi/lib/armv7-m/libc.a(lib_a-strcat.o)
                              /home/jon/VistaModels/ARM/m3/CBwork/AEShw/Debug/Test.o (strcat)
/home/tools/CodeSourcery/Sourcery_CodeBench_for_ARM_EABI/bin/../lib/gcc/arm-none-eabi/4.7.2/../../../../arm-none-eabi/lib/armv7-m/libc.a(lib_a-strcpy.o)
                              /home/tools/CodeSourcery/Sourcery_CodeBench_for_ARM_EABI/bin/../lib/gcc/arm-none-eabi/4.7.2/../../../../arm-none-eabi/lib/armv7-m/libc.a(lib_a-strcat.o) (strcpy)
/home/tools/CodeSourcery/Sourcery_CodeBench_for_ARM_EABI/bin/../lib/gcc/arm-none-eabi/4.7.2/../../../../arm-none-eabi/lib/armv7-m/libc.a(lib_a-strlen.o)
                              /home/jon/VistaModels/ARM/m3/CBwork/AEShw/Debug/Test.o (strlen)
/home/tools/CodeSourcery/Sourcery_CodeBench_for_ARM_EABI/bin/../lib/gcc/arm-none-eabi/4.7.2/../../../../arm-none-eabi/lib/armv7-m/libc.a(lib_a-vfprintf.o)
                              /home/tools/CodeSourcery/Sourcery_CodeBench_for_ARM_EABI/bin/../lib/gcc/arm-none-eabi/4.7.2/../../../../arm-none-eabi/lib/armv7-m/libc.a(lib_a-printf.o) (_vfprintf_r)
/home/tools/CodeSourcery/Sourcery_CodeBench_for_ARM_EABI/bin/../lib/gcc/arm-none-eabi/4.7.2/../../../../arm-none-eabi/lib/armv7-m/libc.a(lib_a-vfsprint.o)
                              /home/tools/CodeSourcery/Sourcery_CodeBench_for_ARM_EABI/bin/../lib/gcc/arm-none-eabi/4.7.2/../../../../arm-none-eabi/lib/armv7-m/libc.a(lib_a-vfprintf.o) (__sprint_r)
/home/tools/CodeSourcery/Sourcery_CodeBench_for_ARM_EABI/bin/../lib/gcc/arm-none-eabi/4.7.2/../../../../arm-none-eabi/lib/armv7-m/libc.a(lib_a-wsetup.o)
                              /home/tools/CodeSourcery/Sourcery_CodeBench_for_ARM_EABI/bin/../lib/gcc/arm-none-eabi/4.7.2/../../../../arm-none-eabi/lib/armv7-m/libc.a(lib_a-vfprintf.o) (__swsetup_r)
/home/tools/CodeSourcery/Sourcery_CodeBench_for_ARM_EABI/bin/../lib/gcc/arm-none-eabi/4.7.2/../../../../arm-none-eabi/lib/armv7-m/libc.a(lib_a-__atexit.o)
                              /home/tools/CodeSourcery/Sourcery_CodeBench_for_ARM_EABI/bin/../lib/gcc/arm-none-eabi/4.7.2/../../../../arm-none-eabi/lib/armv7-m/libc.a(lib_a-atexit.o) (__register_exitproc)
/home/tools/CodeSourcery/Sourcery_CodeBench_for_ARM_EABI/bin/../lib/gcc/arm-none-eabi/4.7.2/../../../../arm-none-eabi/lib/armv7-m/libc.a(lib_a-__atexitg.o)
                              /home/tools/CodeSourcery/Sourcery_CodeBench_for_ARM_EABI/bin/../lib/gcc/arm-none-eabi/4.7.2/../../../../arm-none-eabi/lib/armv7-m/libc.a(lib_a-__atexit.o) (_cslibc_global__atexit0)
/home/tools/CodeSourcery/Sourcery_CodeBench_for_ARM_EABI/bin/../lib/gcc/arm-none-eabi/4.7.2/../../../../arm-none-eabi/lib/armv7-m/libc.a(lib_a-__call_atexit.o)
                              /home/tools/CodeSourcery/Sourcery_CodeBench_for_ARM_EABI/bin/../lib/gcc/arm-none-eabi/4.7.2/../../../../arm-none-eabi/lib/armv7-m/libc.a(lib_a-exit.o) (__call_exitprocs)
[...]
Memory Configuration

Name             Origin             Length             Attributes
ram              0x00000000         0x08000000         xrw
*default*        0x00000000         0xffffffff

Linker script and memory map

LOAD /home/tools/CodeSourcery/Sourcery_CodeBench_for_ARM_EABI/bin/../lib/gcc/arm-none-eabi/4.7.2/armv7-m/crti.o
LOAD /home/tools/CodeSourcery/Sourcery_CodeBench_for_ARM_EABI/bin/../lib/gcc/arm-none-eabi/4.7.2/armv7-m/crtbegin.o
LOAD /home/jon/VistaModels/ARM/m3/CBwork/AEShw/Debug/Test.o
START GROUP
LOAD /home/tools/CodeSourcery/Sourcery_CodeBench_for_ARM_EABI/bin/../lib/gcc/arm-none-eabi/4.7.2/armv7-m/libgcc.a
LOAD /home/tools/CodeSourcery/Sourcery_CodeBench_for_ARM_EABI/bin/../lib/gcc/arm-none-eabi/4.7.2/../../../../arm-none-eabi/lib/armv7-m/libc.a
END GROUP
LOAD /home/tools/CodeSourcery/Sourcery_CodeBench_for_ARM_EABI/bin/../lib/gcc/arm-none-eabi/4.7.2/armv7-m/crtend.o
LOAD /home/tools/CodeSourcery/Sourcery_CodeBench_for_ARM_EABI/bin/../lib/gcc/arm-none-eabi/4.7.2/armv7-m/crtn.o
START GROUP
LOAD /home/tools/CodeSourcery/Sourcery_CodeBench_for_ARM_EABI/bin/../lib/gcc/arm-none-eabi/4.7.2/armv7-m/libgcc.a
LOAD /home/tools/CodeSourcery/Sourcery_CodeBench_for_ARM_EABI/bin/../lib/gcc/arm-none-eabi/4.7.2/../../../../arm-none-eabi/lib/armv7-m/libc.a
LOAD /home/tools/CodeSourcery/Sourcery_CodeBench_for_ARM_EABI/bin/../lib/gcc/arm-none-eabi/4.7.2/../../../../arm-none-eabi/lib/armv7-m/libcs3.a
LOAD /home/tools/CodeSourcery/Sourcery_CodeBench_for_ARM_EABI/bin/../lib/gcc/arm-none-eabi/4.7.2/../../../../arm-none-eabi/lib/armv7-m/libcs3hosted.a
LOAD /home/tools/CodeSourcery/Sourcery_CodeBench_for_ARM_EABI/bin/../lib/gcc/arm-none-eabi/4.7.2/../../../../arm-none-eabi/lib/armv7-m/libcs3micro.a
END GROUP
                0x00006a08                PROVIDE (__cs3_heap_start, _end)
                0x00106c00                PROVIDE (__cs3_heap_end, (__cs3_region_start_ram + __cs3_region_size_ram))
                0x00000001                PROVIDE (__cs3_region_num, ((__cs3_regions_end - __cs3_regions) / 0x14))
                0x00006288                __libc_fini = _fini
                0x00106c00                PROVIDE (__cs3_stack, (__cs3_region_start_ram + __cs3_region_size_ram))

.text           0x00000000     0x5864
 CREATE_OBJECT_SYMBOLS
                0x00000000                __cs3_region_start_ram = .
                0x00000000                _ftext = .
 *(.cs3.region-head.ram)
                0x00000000                __cs3_interrupt_vector = __cs3_interrupt_vector_micro
 *(.cs3.interrupt_vector)
 .cs3.interrupt_vector
                0x00000000       0xc0 /home/tools/CodeSourcery/Sourcery_CodeBench_for_ARM_EABI/bin/../lib/gcc/arm-none-eabi/4.7.2/../../../../arm-none-eabi/lib/armv7-m/libcs3micro.a(micro-vector.o)
                0x00000000                __cs3_interrupt_vector_micro
                0x00000001                ASSERT ((. != __cs3_interrupt_vector_micro), No interrupt vector)
                0x000000c0                PROVIDE (__cs3_reset, __cs3_reset_qemu_micro)
 *(.cs3.reset)
 .cs3.reset     0x000000c0       0x18 /home/tools/CodeSourcery/Sourcery_CodeBench_for_ARM_EABI/bin/../lib/gcc/arm-none-eabi/4.7.2/../../../../arm-none-eabi/lib/armv7-m/libcs3.a(qemu-micro-reset.o)
                0x000000c0                __cs3_reset_qemu_micro
                [0x000000d8]                __cs3_start_asm_sim = DEFINED (__cs3_start_asm)?__cs3_start_asm:__cs3_start_asm_sim
 *(.text.cs3.init)
 .text.cs3.init
                0x000000d8       0x38 /home/tools/CodeSourcery/Sourcery_CodeBench_for_ARM_EABI/bin/../lib/gcc/arm-none-eabi/4.7.2/../../../../arm-none-eabi/lib/armv7-m/libcs3.a(start-sim.o)
                0x000000d8                __cs3_start_asm_sim
 .text.cs3.init
                0x00000110       0x58 /home/tools/CodeSourcery/Sourcery_CodeBench_for_ARM_EABI/bin/../lib/gcc/arm-none-eabi/4.7.2/../../../../arm-none-eabi/lib/armv7-m/libcs3.a(start_c.o)
                0x00000110                __cs3_start_c
 *(.text .text.* .gnu.linkonce.t.*)
 .text          0x00000168        0x0 /home/tools/CodeSourcery/Sourcery_CodeBench_for_ARM_EABI/bin/../lib/gcc/arm-none-eabi/4.7.2/armv7-m/crti.o
 .text          0x00000168       0xb0 /home/tools/CodeSourcery/Sourcery_CodeBench_for_ARM_EABI/bin/../lib/gcc/arm-none-eabi/4.7.2/armv7-m/crtbegin.o
 .text          0x00000218      0x350 /home/jon/VistaModels/ARM/m3/CBwork/AEShw/Debug/Test.o
                0x00000248                Char2Hex
                0x000002d4                CharStr2HexStr
                0x00000328                main
                0x0000053c                __cs3_isr_external_1
 .text          0x00000568      0x2d0 /home/tools/CodeSourcery/Sourcery_CodeBench_for_ARM_EABI/bin/../lib/gcc/arm-none-eabi/4.7.2/../../../../arm-none-eabi/lib/armv7-m/libc.a(lib_a-asm-memcpy.o)
                0x00000568                memcpy
 .text          0x00000838        0xc /home/tools/CodeSourcery/Sourcery_CodeBench_for_ARM_EABI/bin/../lib/gcc/arm-none-eabi/4.7.2/../../../../arm-none-eabi/lib/armv7-m/libc.a(lib_a-atexit.o)
                0x00000838                atexit
 .text          0x00000844       0x1c /home/tools/CodeSourcery/Sourcery_CodeBench_for_ARM_EABI/bin/../lib/gcc/arm-none-eabi/4.7.2/../../../../arm-none-eabi/lib/armv7-m/libc.a(lib_a-exit.o)
                0x00000844                exit
 .text          0x00000860      0x110 /home/tools/CodeSourcery/Sourcery_CodeBench_for_ARM_EABI/bin/../lib/gcc/arm-none-eabi/4.7.2/../../../../arm-none-eabi/lib/armv7-m/libc.a(lib_a-memset.o)
                0x00000860                memset
 .text          0x00000970       0x38 /home/tools/CodeSourcery/Sourcery_CodeBench_for_ARM_EABI/bin/../lib/gcc/arm-none-eabi/4.7.2/../../../../arm-none-eabi/lib/armv7-m/libc.a(lib_a-printf.o)
                0x00000970                printf
 .text          0x000009a8       0x30 /home/tools/CodeSourcery/Sourcery_CodeBench_for_ARM_EABI/bin/../lib/gcc/arm-none-eabi/4.7.2/../../../../arm-none-eabi/lib/armv7-m/libc.a(lib_a-sinit.o)
                0x000009a8                __sinit
                0x000009d4                __sinit_lock_acquire
                0x000009d6                __sinit_lock_release
 .text          0x000009d8        0x0 /home/tools/CodeSourcery/Sourcery_CodeBench_for_ARM_EABI/bin/../lib/gcc/arm-none-eabi/4.7.2/../../../../arm-none-eabi/lib/armv7-m/libc.a(lib_a-stdout.o)
 .text.startup  0x000009d8       0x54 /home/tools/CodeSourcery/Sourcery_CodeBench_for_ARM_EABI/bin/../lib/gcc/arm-none-eabi/4.7.2/../../../../arm-none-eabi/lib/armv7-m/libc.a(lib_a-stdout.o)
 .text          0x00000a2c       0x4c /home/tools/CodeSourcery/Sourcery_CodeBench_for_ARM_EABI/bin/../lib/gcc/arm-none-eabi/4.7.2/../../../../arm-none-eabi/lib/armv7-m/libc.a(lib_a-strcat.o)
                0x00000a2c                strcat
 .text          0x00000a78       0xbc /home/tools/CodeSourcery/Sourcery_CodeBench_for_ARM_EABI/bin/../lib/gcc/arm-none-eabi/4.7.2/../../../../arm-none-eabi/lib/armv7-m/libc.a(lib_a-strcpy.o)
                0x00000a78                strcpy
 .text          0x00000b34       0x64 /home/tools/CodeSourcery/Sourcery_CodeBench_for_ARM_EABI/bin/../lib/gcc/arm-none-eabi/4.7.2/../../../../arm-none-eabi/lib/armv7-m/libc.a(lib_a-strlen.o)
                0x00000b34                strlen
 .text          0x00000b98      0xf08 /home/tools/CodeSourcery/Sourcery_CodeBench_for_ARM_EABI/bin/../lib/gcc/arm-none-eabi/4.7.2/../../../../arm-none-eabi/lib/armv7-m/libc.a(lib_a-vfprintf.o)
                0x00000b98                _vfprintf_r
                0x00001a84                vfprintf
 .text          0x00001aa0       0x1a /home/tools/CodeSourcery/Sourcery_CodeBench_for_ARM_EABI/bin/../lib/gcc/arm-none-eabi/4.7.2/../../../../arm-none-eabi/lib/armv7-m/libc.a(lib_a-vfsprint.o)
                0x00001aa0                __sprint_r
 *fill*         0x00001aba        0x2 
 .text          0x00001abc       0xb0 /home/tools/CodeSourcery/Sourcery_CodeBench_for_ARM_EABI/bin/../lib/gcc/arm-none-eabi/4.7.2/../../../../arm-none-eabi/lib/armv7-m/libc.a(lib_a-wsetup.o)
                0x00001abc                __swsetup_r
 .text          0x00001b6c       0xb0 /home/tools/CodeSourcery/Sourcery_CodeBench_for_ARM_EABI/bin/../lib/gcc/arm-none-eabi/4.7.2/../../../../arm-none-eabi/lib/armv7-m/libc.a(lib_a-__atexit.o)
                0x00001b6c                __register_exitproc
 .text          0x00001c1c        0x0 /home/tools/CodeSourcery/Sourcery_CodeBench_for_ARM_EABI/bin/../lib/gcc/arm-none-eabi/4.7.2/../../../../arm-none-eabi/lib/armv7-m/libc.a(lib_a-__atexitg.o)
 .text          0x00001c1c       0xdc /home/tools/CodeSourcery/Sourcery_CodeBench_for_ARM_EABI/bin/../lib/gcc/arm-none-eabi/4.7.2/../../../../arm-none-eabi/lib/armv7-m/libc.a(lib_a-__call_atexit.o)
                0x00001c1c                __call_exitprocs
 .text.startup  0x00001cf8       0x14 /home/tools/CodeSourcery/Sourcery_CodeBench_for_ARM_EABI/bin/../lib/gcc/arm-none-eabi/4.7.2/../../../../arm-none-eabi/lib/armv7-m/libc.a(lib_a-__call_atexit.o)
 .text          0x00001d0c      0x264 /home/tools/CodeSourcery/Sourcery_CodeBench_for_ARM_EABI/bin/../lib/gcc/arm-none-eabi/4.7.2/../../../../arm-none-eabi/lib/armv7-m/libc.a(lib_a-__fpspecifierhelp.o)
                0x00001d0c                __handle_fp_specifiers
 .text          0x00001f70       0x10 /home/tools/CodeSourcery/Sourcery_CodeBench_for_ARM_EABI/bin/../lib/gcc/arm-none-eabi/4.7.2/../../../../arm-none-eabi/lib/armv7-m/libc.a(lib_a-_cleanup.o)
                0x00001f70                _cleanup_r
                0x00001f7c                _cleanup
 .text          0x00001f80        0x0 /home/tools/CodeSourcery/Sourcery_CodeBench_for_ARM_EABI/bin/../lib/gcc/arm-none-eabi/4.7.2/../../../../arm-none-eabi/lib/armv7-m/libc.a(lib_a-cleanupg.o)
 .text          0x00001f80      0xc70 /home/tools/CodeSourcery/Sourcery_CodeBench_for_ARM_EABI/bin/../lib/gcc/arm-none-eabi/4.7.2/../../../../arm-none-eabi/lib/armv7-m/libc.a(lib_a-dtoa.o)
                0x0000209e                dtoa
 .text          0x00002bf0       0x80 /home/tools/CodeSourcery/Sourcery_CodeBench_for_ARM_EABI/bin/../lib/gcc/arm-none-eabi/4.7.2/../../../../arm-none-eabi/lib/armv7-m/libc.a(lib_a-fclose.o)
                0x00002bf0                fclose
 .text          0x00002c70      0x168 /home/tools/CodeSourcery/Sourcery_CodeBench_for_ARM_EABI/bin/../lib/gcc/arm-none-eabi/4.7.2/../../../../arm-none-eabi/lib/armv7-m/libc.a(lib_a-fflush.o)
                0x00002c70                _fflush_r
                0x00002dbc                fflush
 .text          0x00002dd8       0x30 /home/tools/CodeSourcery/Sourcery_CodeBench_for_ARM_EABI/bin/../lib/gcc/arm-none-eabi/4.7.2/../../../../arm-none-eabi/lib/armv7-m/libc.a(lib_a-fini.o)
                0x00002dd8                __libc_fini_array
 .text          0x00002e08      0x238 /home/tools/CodeSourcery/Sourcery_CodeBench_for_ARM_EABI/bin/../lib/gcc/arm-none-eabi/4.7.2/../../../../arm-none-eabi/lib/armv7-m/libc.a(lib_a-fvwrite.o)
                0x00002e08                __sfvwrite_r
 .text          0x00003040       0x44 /home/tools/CodeSourcery/Sourcery_CodeBench_for_ARM_EABI/bin/../lib/gcc/arm-none-eabi/4.7.2/../../../../arm-none-eabi/lib/armv7-m/libc.a(lib_a-fwalk.o)
                0x00003040                _fwalk_nonreent
 .text          0x00003084        0x0 /home/tools/CodeSourcery/Sourcery_CodeBench_for_ARM_EABI/bin/../lib/gcc/arm-none-eabi/4.7.2/../../../../arm-none-eabi/lib/armv7-m/libc.a(lib_a-impure.o)
 .text          0x00003084       0x6c /home/tools/CodeSourcery/Sourcery_CodeBench_for_ARM_EABI/bin/../lib/gcc/arm-none-eabi/4.7.2/../../../../arm-none-eabi/lib/armv7-m/libc.a(lib_a-locale.o)
                0x00003084                setlocale
                0x000030c8                __locale_charset
                0x000030d0                __locale_mb_cur_max
                0x000030dc                __locale_msgcharset
                0x000030e4                __locale_cjk_lang
                0x000030e8                localeconv
 .text          0x000030f0       0xa0 /home/tools/CodeSourcery/Sourcery_CodeBench_for_ARM_EABI/bin/../lib/gcc/arm-none-eabi/4.7.2/../../../../arm-none-eabi/lib/armv7-m/libc.a(lib_a-makebuf.o)
                0x000030f0                __smakebuf_r
 .text          0x00003190       0x20 /home/tools/CodeSourcery/Sourcery_CodeBench_for_ARM_EABI/bin/../lib/gcc/arm-none-eabi/4.7.2/../../../../arm-none-eabi/lib/armv7-m/libc.a(lib_a-malloc.o)
                0x00003190                malloc
                0x000031a0                free
 .text          0x000031b0      0x3f8 /home/tools/CodeSourcery/Sourcery_CodeBench_for_ARM_EABI/bin/../lib/gcc/arm-none-eabi/4.7.2/../../../../arm-none-eabi/lib/armv7-m/libc.a(lib_a-mallocr.o)
                0x000031b0                _malloc_r
 .text          0x000035a8       0x94 /home/tools/CodeSourcery/Sourcery_CodeBench_for_ARM_EABI/bin/../lib/gcc/arm-none-eabi/4.7.2/../../../../arm-none-eabi/lib/armv7-m/libc.a(lib_a-memchr.o)
                0x000035a8                memchr
 .text          0x0000363c       0xc8 /home/tools/CodeSourcery/Sourcery_CodeBench_for_ARM_EABI/bin/../lib/gcc/arm-none-eabi/4.7.2/../../../../arm-none-eabi/lib/armv7-m/libc.a(lib_a-memmove.o)
                0x0000363c                memmove
 .text          0x00003704        0x4 /home/tools/CodeSourcery/Sourcery_CodeBench_for_ARM_EABI/bin/../lib/gcc/arm-none-eabi/4.7.2/../../../../arm-none-eabi/lib/armv7-m/libc.a(lib_a-mlock.o)
                0x00003704                __malloc_lock
                0x00003706                __malloc_unlock
 .text          0x00003708      0x834 /home/tools/CodeSourcery/Sourcery_CodeBench_for_ARM_EABI/bin/../lib/gcc/arm-none-eabi/4.7.2/../../../../arm-none-eabi/lib/armv7-m/libc.a(lib_a-mprec.o)
                0x00003708                _Balloc
                0x00003770                _Bfree
                0x0000379e                __multadd
                0x00003812                __s2b
                0x00003890                __hi0bits
                0x000038ce                __lo0bits
                0x00003928                __i2b
                0x0000393a                __multiply
                0x00003a5e                __pow5mult
                0x00003b00                __lshift
                0x00003ba8                __mcmp
                0x00003be2                __mdiff
                0x00003ca8                __ulp
                0x00003ce8                __b2d
                0x00003d94                __d2b
                0x00003e3e                __ratio
                0x00003e88                _mprec_log10
                0x00003ebc                __copybits
                0x00003ef0                __any_on
 .text          0x00003f3c       0x1e /home/tools/CodeSourcery/Sourcery_CodeBench_for_ARM_EABI/bin/../lib/gcc/arm-none-eabi/4.7.2/../../../../arm-none-eabi/lib/armv7-m/libc.a(lib_a-s_isinf.o)
                0x00003f3c                isinf
 .text          0x00003f5a       0x18 /home/tools/CodeSourcery/Sourcery_CodeBench_for_ARM_EABI/bin/../lib/gcc/arm-none-eabi/4.7.2/../../../../arm-none-eabi/lib/armv7-m/libc.a(lib_a-s_isnan.o)
                0x00003f5a                isnan
 .text          0x00003f72        0x4 /home/tools/CodeSourcery/Sourcery_CodeBench_for_ARM_EABI/bin/../lib/gcc/arm-none-eabi/4.7.2/../../../../arm-none-eabi/lib/armv7-m/libc.a(lib_a-sfplock.o)
                0x00003f72                __sfp_lock_acquire
                0x00003f74                __sfp_lock_release
 .text          0x00003f76        0x0 /home/tools/CodeSourcery/Sourcery_CodeBench_for_ARM_EABI/bin/../lib/gcc/arm-none-eabi/4.7.2/../../../../arm-none-eabi/lib/armv7-m/libc.a(lib_a-sglueg.o)
 *fill*         0x00003f76        0x2 
 .text          0x00003f78       0xd4 /home/tools/CodeSourcery/Sourcery_CodeBench_for_ARM_EABI/bin/../lib/gcc/arm-none-eabi/4.7.2/../../../../arm-none-eabi/lib/armv7-m/libc.a(lib_a-stdio.o)
                0x00003f78                __sclose
                0x00003f80                __sseek
                0x00003fa8                __swrite
                0x00003fde                __sread
                0x00004004                _cslibc_global_std
 .text          0x0000404c      0x1f0 /home/tools/CodeSourcery/Sourcery_CodeBench_for_ARM_EABI/bin/../lib/gcc/arm-none-eabi/4.7.2/../../../../arm-none-eabi/lib/armv7-m/libc.a(lib_a-strcmp.o)
                0x0000404c                strcmp
 .text          0x0000423c       0x9c /home/tools/CodeSourcery/Sourcery_CodeBench_for_ARM_EABI/bin/../lib/gcc/arm-none-eabi/4.7.2/../../../../arm-none-eabi/lib/armv7-m/libc.a(lib_a-__stdiobufferinghelp.o)
                0x0000423c                __init_stdio_buffer
                0x0000429c                __alloc_stdio_buffer
                0x000042d0                __free_stdio_buffer
 .text          0x000042d8       0x14 /home/tools/CodeSourcery/Sourcery_CodeBench_for_ARM_EABI/bin/../lib/gcc/arm-none-eabi/4.7.2/../../../../arm-none-eabi/lib/armv7-m/libc.a(lib_a-calloc.o)
                0x000042d8                calloc
 .text          0x000042ec       0x5a /home/tools/CodeSourcery/Sourcery_CodeBench_for_ARM_EABI/bin/../lib/gcc/arm-none-eabi/4.7.2/../../../../arm-none-eabi/lib/armv7-m/libc.a(lib_a-callocr.o)
                0x000042ec                _calloc_r
 .text          0x00004346        0x0 /home/tools/CodeSourcery/Sourcery_CodeBench_for_ARM_EABI/bin/../lib/gcc/arm-none-eabi/4.7.2/../../../../arm-none-eabi/lib/armv7-m/libc.a(lib_a-errnog.o)
 *fill*         0x00004346        0x2 
 .text          0x00004348      0x200 /home/tools/CodeSourcery/Sourcery_CodeBench_for_ARM_EABI/bin/../lib/gcc/arm-none-eabi/4.7.2/../../../../arm-none-eabi/lib/armv7-m/libc.a(lib_a-freer.o)
                0x00004348                _malloc_trim_r
                0x000043e0                _free_r
 .text          0x00004548      0x370 /home/tools/CodeSourcery/Sourcery_CodeBench_for_ARM_EABI/bin/../lib/gcc/arm-none-eabi/4.7.2/armv7-m/libgcc.a(_arm_addsubdf3.o)
                0x00004548                __aeabi_drsub
                0x00004550                __aeabi_dsub
                0x00004550                __subdf3
                0x00004554                __adddf3
                0x00004554                __aeabi_dadd
                0x000047cc                __aeabi_ui2d
                0x000047cc                __floatunsidf
                0x000047ec                __floatsidf
                0x000047ec                __aeabi_i2d
                0x00004810                __extendsfdf2
                0x00004810                __aeabi_f2d
                0x0000484c                __aeabi_ul2d
                0x0000484c                __floatundidf
                0x0000485c                __floatdidf
                0x0000485c                __aeabi_l2d
 .text          0x000048b8      0x424 /home/tools/CodeSourcery/Sourcery_CodeBench_for_ARM_EABI/bin/../lib/gcc/arm-none-eabi/4.7.2/armv7-m/libgcc.a(_arm_muldivdf3.o)
                0x000048b8                __aeabi_dmul
                0x000048b8                __muldf3
                0x00004b0c                __aeabi_ddiv
                0x00004b0c                __divdf3
 .text          0x00004cdc      0x110 /home/tools/CodeSourcery/Sourcery_CodeBench_for_ARM_EABI/bin/../lib/gcc/arm-none-eabi/4.7.2/armv7-m/libgcc.a(_arm_cmpdf2.o)
                0x00004cdc                __gtdf2
                0x00004cdc                __gedf2
                0x00004ce4                __ltdf2
                0x00004ce4                __ledf2
                0x00004cec                __cmpdf2
                0x00004cec                __eqdf2
                0x00004cec                __nedf2
                0x00004d68                __aeabi_cdrcmple
                0x00004d78                __aeabi_cdcmple
                0x00004d78                __aeabi_cdcmpeq
                0x00004d88                __aeabi_dcmpeq
                0x00004d9c                __aeabi_dcmplt
                0x00004db0                __aeabi_dcmple
                0x00004dc4                __aeabi_dcmpge
                0x00004dd8                __aeabi_dcmpgt
 .text          0x00004dec       0x50 /home/tools/CodeSourcery/Sourcery_CodeBench_for_ARM_EABI/bin/../lib/gcc/arm-none-eabi/4.7.2/armv7-m/libgcc.a(_arm_fixdfsi.o)
                0x00004dec                __fixdfsi
                0x00004dec                __aeabi_d2iz
 .text          0x00004e3c       0x2c /home/tools/CodeSourcery/Sourcery_CodeBench_for_ARM_EABI/bin/../lib/gcc/arm-none-eabi/4.7.2/armv7-m/libgcc.a(_aeabi_uldivmod.o)
                0x00004e3c                __aeabi_uldivmod
 .text          0x00004e68       0x60 /home/tools/CodeSourcery/Sourcery_CodeBench_for_ARM_EABI/bin/../lib/gcc/arm-none-eabi/4.7.2/armv7-m/libgcc.a(bpabi.o)
                0x00004e68                __gnu_ldivmod_helper
                0x00004e98                __gnu_uldivmod_helper
 .text          0x00004ec8        0x4 /home/tools/CodeSourcery/Sourcery_CodeBench_for_ARM_EABI/bin/../lib/gcc/arm-none-eabi/4.7.2/armv7-m/libgcc.a(_dvmd_tls.o)
                0x00004ec8                __aeabi_ldiv0
                0x00004ec8                __aeabi_idiv0
 .text          0x00004ecc      0x2bc /home/tools/CodeSourcery/Sourcery_CodeBench_for_ARM_EABI/bin/../lib/gcc/arm-none-eabi/4.7.2/armv7-m/libgcc.a(_divdi3.o)
                0x00004ecc                __divdi3
 .text          0x00005188      0x28c /home/tools/CodeSourcery/Sourcery_CodeBench_for_ARM_EABI/bin/../lib/gcc/arm-none-eabi/4.7.2/armv7-m/libgcc.a(_udivdi3.o)
                0x00005188                __udivdi3
 .text          0x00005414        0x0 /home/tools/CodeSourcery/Sourcery_CodeBench_for_ARM_EABI/bin/../lib/gcc/arm-none-eabi/4.7.2/armv7-m/crtend.o
 .text          0x00005414        0x0 /home/tools/CodeSourcery/Sourcery_CodeBench_for_ARM_EABI/bin/../lib/gcc/arm-none-eabi/4.7.2/armv7-m/crtn.o
 .text          0x00005414        0x0 /home/tools/CodeSourcery/Sourcery_CodeBench_for_ARM_EABI/bin/../lib/gcc/arm-none-eabi/4.7.2/../../../../arm-none-eabi/lib/armv7-m/libcs3.a(start-sim.o)
 .text          0x00005414       0x30 /home/tools/CodeSourcery/Sourcery_CodeBench_for_ARM_EABI/bin/../lib/gcc/arm-none-eabi/4.7.2/../../../../arm-none-eabi/lib/armv7-m/libcs3.a(start_c.o)
                0x00005414                __cs3_premain
 .text          0x00005444        0x0 /home/tools/CodeSourcery/Sourcery_CodeBench_for_ARM_EABI/bin/../lib/gcc/arm-none-eabi/4.7.2/../../../../arm-none-eabi/lib/armv7-m/libcs3.a(heap.o)
 .text          0x00005444        0x0 /home/tools/CodeSourcery/Sourcery_CodeBench_for_ARM_EABI/bin/../lib/gcc/arm-none-eabi/4.7.2/../../../../arm-none-eabi/lib/armv7-m/libcs3.a(qemu-micro-reset.o)
 .text          0x00005444       0x4a /home/tools/CodeSourcery/Sourcery_CodeBench_for_ARM_EABI/bin/../lib/gcc/arm-none-eabi/4.7.2/../../../../arm-none-eabi/lib/armv7-m/libcs3hosted.a(hosted-_close.o)
                0x00005444                _close
 *fill*         0x0000548e        0x2 
 .text          0x00005490       0x10 /home/tools/CodeSourcery/Sourcery_CodeBench_for_ARM_EABI/bin/../lib/gcc/arm-none-eabi/4.7.2/../../../../arm-none-eabi/lib/armv7-m/libcs3hosted.a(hosted-_exit.o)
                0x00005490                _exit
 .text          0x000054a0       0x3e /home/tools/CodeSourcery/Sourcery_CodeBench_for_ARM_EABI/bin/../lib/gcc/arm-none-eabi/4.7.2/../../../../arm-none-eabi/lib/armv7-m/libcs3hosted.a(hosted-_fstat.o)
                0x000054a0                _fstat
 .text          0x000054de       0x18 /home/tools/CodeSourcery/Sourcery_CodeBench_for_ARM_EABI/bin/../lib/gcc/arm-none-eabi/4.7.2/../../../../arm-none-eabi/lib/armv7-m/libcs3hosted.a(hosted-isatty.o)
                0x000054de                _isatty
 .text          0x000054f6       0x5c /home/tools/CodeSourcery/Sourcery_CodeBench_for_ARM_EABI/bin/../lib/gcc/arm-none-eabi/4.7.2/../../../../arm-none-eabi/lib/armv7-m/libcs3hosted.a(hosted-_lseek.o)
                0x000054f6                _lseek
 .text          0x00005552       0x36 /home/tools/CodeSourcery/Sourcery_CodeBench_for_ARM_EABI/bin/../lib/gcc/arm-none-eabi/4.7.2/../../../../arm-none-eabi/lib/armv7-m/libcs3hosted.a(hosted-_read.o)
                0x00005552                _read
 .text          0x00005588       0x36 /home/tools/CodeSourcery/Sourcery_CodeBench_for_ARM_EABI/bin/../lib/gcc/arm-none-eabi/4.7.2/../../../../arm-none-eabi/lib/armv7-m/libcs3hosted.a(hosted-_write.o)
                0x00005588                _write
 *fill*         0x000055be        0x2 
 .text          0x000055c0       0x44 /home/tools/CodeSourcery/Sourcery_CodeBench_for_ARM_EABI/bin/../lib/gcc/arm-none-eabi/4.7.2/../../../../arm-none-eabi/lib/armv7-m/libcs3hosted.a(hosted-sbrk.o)
                0x000055c0                _sbrk
 .text          0x00005604       0xf4 /home/tools/CodeSourcery/Sourcery_CodeBench_for_ARM_EABI/bin/../lib/gcc/arm-none-eabi/4.7.2/../../../../arm-none-eabi/lib/armv7-m/libcs3hosted.a(hosted-rdi.o)
                0x00005668                __cs3_openslot
                0x000056a0                __cs3_newslot
                0x000056dc                __cs3_checkerror
 .text.startup  0x000056f8       0xe8 /home/tools/CodeSourcery/Sourcery_CodeBench_for_ARM_EABI/bin/../lib/gcc/arm-none-eabi/4.7.2/../../../../arm-none-eabi/lib/armv7-m/libcs3hosted.a(hosted-rdi.o)
 .text          0x000057e0        0x0 /home/tools/CodeSourcery/Sourcery_CodeBench_for_ARM_EABI/bin/../lib/gcc/arm-none-eabi/4.7.2/../../../../arm-none-eabi/lib/armv7-m/libcs3micro.a(micro-vector.o)
 .text          0x000057e0        0x2 /home/tools/CodeSourcery/Sourcery_CodeBench_for_ARM_EABI/bin/../lib/gcc/arm-none-eabi/4.7.2/../../../../arm-none-eabi/lib/armv7-m/libcs3micro.a(micro_isr_interrupt.o)
                0x000057e0                __cs3_isr_external_24
                0x000057e0                __cs3_isr_external_9
                0x000057e0                __cs3_isr_external_14
                0x000057e0                __cs3_isr_reserved_9
                0x000057e0                __cs3_isr_external_4
                0x000057e0                __cs3_isr_external_21
                0x000057e0                __cs3_isr_external_0
                0x000057e0                __cs3_isr_external_27
                0x000057e0                __cs3_isr_external_11
                0x000057e0                __cs3_isr_external_3
                0x000057e0                __cs3_isr_external_16
                0x000057e0                __cs3_isr_external_31
                0x000057e0                __cs3_isr_external_5
                0x000057e0                __cs3_isr_external_6
                0x000057e0                __cs3_isr_external_12
                0x000057e0                __cs3_isr_external_13
                0x000057e0                __cs3_isr_external_30
                0x000057e0                __cs3_isr_external_23
                0x000057e0                __cs3_isr_external_20
                0x000057e0                __cs3_isr_reserved_13
                0x000057e0                __cs3_isr_external_8
                0x000057e0                __cs3_isr_external_26
                0x000057e0                __cs3_isr_reserved_8
                0x000057e0                __cs3_isr_reserved_7
                0x000057e0                __cs3_isr_external_7
                0x000057e0                __cs3_isr_external_28
                0x000057e0                __cs3_isr_external_22
                0x000057e0                __cs3_isr_external_10
                0x000057e0                __cs3_isr_external_15
                0x000057e0                __cs3_isr_interrupt
                0x000057e0                __cs3_isr_external_18
                0x000057e0                __cs3_isr_external_29
                0x000057e0                __cs3_isr_external_25
                0x000057e0                __cs3_isr_reserved_10
                0x000057e0                __cs3_isr_external_2
                0x000057e0                __cs3_isr_external_17
                0x000057e0                __cs3_isr_external_19
 .text          0x000057e2        0x2 /home/tools/CodeSourcery/Sourcery_CodeBench_for_ARM_EABI/bin/../lib/gcc/arm-none-eabi/4.7.2/../../../../arm-none-eabi/lib/armv7-m/libcs3micro.a(micro_isr_nmi.o)
                0x000057e2                __cs3_isr_nmi
 .text          0x000057e4        0x2 /home/tools/CodeSourcery/Sourcery_CodeBench_for_ARM_EABI/bin/../lib/gcc/arm-none-eabi/4.7.2/../../../../arm-none-eabi/lib/armv7-m/libcs3micro.a(micro_isr_hard_fault.o)
                0x000057e4                __cs3_isr_hard_fault
 .text          0x000057e6        0x2 /home/tools/CodeSourcery/Sourcery_CodeBench_for_ARM_EABI/bin/../lib/gcc/arm-none-eabi/4.7.2/../../../../arm-none-eabi/lib/armv7-m/libcs3micro.a(micro_isr_mpu_fault.o)
                0x000057e6                __cs3_isr_mpu_fault
 .text          0x000057e8        0x2 /home/tools/CodeSourcery/Sourcery_CodeBench_for_ARM_EABI/bin/../lib/gcc/arm-none-eabi/4.7.2/../../../../arm-none-eabi/lib/armv7-m/libcs3micro.a(micro_isr_bus_fault.o)
                0x000057e8                __cs3_isr_bus_fault
 .text          0x000057ea        0x2 /home/tools/CodeSourcery/Sourcery_CodeBench_for_ARM_EABI/bin/../lib/gcc/arm-none-eabi/4.7.2/../../../../arm-none-eabi/lib/armv7-m/libcs3micro.a(micro_isr_usage_fault.o)
                0x000057ea                __cs3_isr_usage_fault
 .text          0x000057ec        0x2 /home/tools/CodeSourcery/Sourcery_CodeBench_for_ARM_EABI/bin/../lib/gcc/arm-none-eabi/4.7.2/../../../../arm-none-eabi/lib/armv7-m/libcs3micro.a(micro_isr_svcall.o)
                0x000057ec                __cs3_isr_svcall
 .text          0x000057ee        0x2 /home/tools/CodeSourcery/Sourcery_CodeBench_for_ARM_EABI/bin/../lib/gcc/arm-none-eabi/4.7.2/../../../../arm-none-eabi/lib/armv7-m/libcs3micro.a(micro_isr_debug.o)
                0x000057ee                __cs3_isr_debug
 .text          0x000057f0        0x2 /home/tools/CodeSourcery/Sourcery_CodeBench_for_ARM_EABI/bin/../lib/gcc/arm-none-eabi/4.7.2/../../../../arm-none-eabi/lib/armv7-m/libcs3micro.a(micro_isr_pendsv.o)
                0x000057f0                __cs3_isr_pendsv
 .text          0x000057f2        0x2 /home/tools/CodeSourcery/Sourcery_CodeBench_for_ARM_EABI/bin/../lib/gcc/arm-none-eabi/4.7.2/../../../../arm-none-eabi/lib/armv7-m/libcs3micro.a(micro_isr_systick.o)
                0x000057f2                __cs3_isr_systick
 .text          0x000057f4       0x24 /home/tools/CodeSourcery/Sourcery_CodeBench_for_ARM_EABI/bin/../lib/gcc/arm-none-eabi/4.7.2/../../../../arm-none-eabi/lib/armv7-m/libc.a(lib_a-errno.o)
                0x000057f4                __errno
                0x000057fc                _get_errno
                0x00005808                _set_errno
 .text          0x00005818       0x4c /home/tools/CodeSourcery/Sourcery_CodeBench_for_ARM_EABI/bin/../lib/gcc/arm-none-eabi/4.7.2/../../../../arm-none-eabi/lib/armv7-m/libc.a(lib_a-init.o)
                0x00005818                __libc_init_array
 *(.plt)
 *(.gnu.warning)
 *(.glue_7t)
 .glue_7t       0x00000000        0x0 linker stubs
 *(.glue_7)
 .glue_7        0x00000000        0x0 linker stubs
 *(.vfp11_veneer)
 .vfp11_veneer  0x00000000        0x0 linker stubs
 *(.ARM.extab* .gnu.linkonce.armextab.*)
 .ARM.extab     0x00005864        0x0 /home/tools/CodeSourcery/Sourcery_CodeBench_for_ARM_EABI/bin/../lib/gcc/arm-none-eabi/4.7.2/armv7-m/libgcc.a(_divdi3.o)
 .ARM.extab     0x00005864        0x0 /home/tools/CodeSourcery/Sourcery_CodeBench_for_ARM_EABI/bin/../lib/gcc/arm-none-eabi/4.7.2/armv7-m/libgcc.a(_udivdi3.o)
 *(.gcc_except_table)

.v4_bx          0x00005864        0x0
 .v4_bx         0x00000000        0x0 linker stubs

.iplt           0x00005864        0x0
 .iplt          0x00000000        0x0 /home/tools/CodeSourcery/Sourcery_CodeBench_for_ARM_EABI/bin/../lib/gcc/arm-none-eabi/4.7.2/armv7-m/crtbegin.o

.eh_frame_hdr
 *(.eh_frame_hdr)
 *(.eh_frame_entry .eh_frame_entry.*)

.eh_frame       0x00005864        0x4
 *(.eh_frame)
 .eh_frame      0x00005864        0x0 /home/tools/CodeSourcery/Sourcery_CodeBench_for_ARM_EABI/bin/../lib/gcc/arm-none-eabi/4.7.2/armv7-m/crtbegin.o
 .eh_frame      0x00005864        0x4 /home/tools/CodeSourcery/Sourcery_CodeBench_for_ARM_EABI/bin/../lib/gcc/arm-none-eabi/4.7.2/armv7-m/crtend.o
 *(.eh_frame.*)
                0x00005868                PROVIDE (__exidx_start, .)

.ARM.exidx      0x00005868        0x8
 *(.ARM.exidx* .gnu.linkonce.armexidx.*)
 .ARM.exidx     0x00005868        0x8 /home/tools/CodeSourcery/Sourcery_CodeBench_for_ARM_EABI/bin/../lib/gcc/arm-none-eabi/4.7.2/armv7-m/libgcc.a(_divdi3.o)
 .ARM.exidx     0x00005870        0x0 /home/tools/CodeSourcery/Sourcery_CodeBench_for_ARM_EABI/bin/../lib/gcc/arm-none-eabi/4.7.2/armv7-m/libgcc.a(_udivdi3.o)
                                  0x8 (size before relaxing)
                0x00005870                PROVIDE (__exidx_end, .)

.rel.dyn        0x00005870        0x0
 .rel.iplt      0x00000000        0x0 /home/tools/CodeSourcery/Sourcery_CodeBench_for_ARM_EABI/bin/../lib/gcc/arm-none-eabi/4.7.2/armv7-m/crtbegin.o

.rodata         0x00005870      0xa40
 *(.rodata .rodata.* .gnu.linkonce.r.*)
 .rodata        0x00005870      0x81c /home/jon/VistaModels/ARM/m3/CBwork/AEShw/Debug/Test.o
 .rodata        0x0000608c       0x20 /home/tools/CodeSourcery/Sourcery_CodeBench_for_ARM_EABI/bin/../lib/gcc/arm-none-eabi/4.7.2/../../../../arm-none-eabi/lib/armv7-m/libc.a(lib_a-vfprintf.o)
 .rodata.str1.1
                0x000060ac       0x2a /home/tools/CodeSourcery/Sourcery_CodeBench_for_ARM_EABI/bin/../lib/gcc/arm-none-eabi/4.7.2/../../../../arm-none-eabi/lib/armv7-m/libc.a(lib_a-vfprintf.o)
 .rodata.str1.1
                0x000060d6       0x10 /home/tools/CodeSourcery/Sourcery_CodeBench_for_ARM_EABI/bin/../lib/gcc/arm-none-eabi/4.7.2/../../../../arm-none-eabi/lib/armv7-m/libc.a(lib_a-__fpspecifierhelp.o)
 .rodata.str1.1
                0x000060e6        0xd /home/tools/CodeSourcery/Sourcery_CodeBench_for_ARM_EABI/bin/../lib/gcc/arm-none-eabi/4.7.2/../../../../arm-none-eabi/lib/armv7-m/libc.a(lib_a-dtoa.o)
                                  0xf (size before relaxing)
 .rodata.str1.1
                0x000060f3        0x2 /home/tools/CodeSourcery/Sourcery_CodeBench_for_ARM_EABI/bin/../lib/gcc/arm-none-eabi/4.7.2/../../../../arm-none-eabi/lib/armv7-m/libc.a(lib_a-impure.o)
 *fill*         0x000060f5        0x3 
 .rodata        0x000060f8       0x38 /home/tools/CodeSourcery/Sourcery_CodeBench_for_ARM_EABI/bin/../lib/gcc/arm-none-eabi/4.7.2/../../../../arm-none-eabi/lib/armv7-m/libc.a(lib_a-locale.o)
 .rodata.str1.1
                0x00006130        0xe /home/tools/CodeSourcery/Sourcery_CodeBench_for_ARM_EABI/bin/../lib/gcc/arm-none-eabi/4.7.2/../../../../arm-none-eabi/lib/armv7-m/libc.a(lib_a-locale.o)
                                 0x11 (size before relaxing)
 *fill*         0x0000613e        0x2 
 .rodata        0x00006140      0x128 /home/tools/CodeSourcery/Sourcery_CodeBench_for_ARM_EABI/bin/../lib/gcc/arm-none-eabi/4.7.2/../../../../arm-none-eabi/lib/armv7-m/libc.a(lib_a-mprec.o)
                0x00006150                __mprec_tens
                0x00006218                __mprec_tinytens
                0x00006240                __mprec_bigtens
 .rodata.str1.1
                0x00006268        0x4 /home/tools/CodeSourcery/Sourcery_CodeBench_for_ARM_EABI/bin/../lib/gcc/arm-none-eabi/4.7.2/../../../../arm-none-eabi/lib/armv7-m/libcs3hosted.a(hosted-rdi.o)
                0x0000626c                . = ALIGN (0x4)
 *(.init)
 .init          0x0000626c        0x4 /home/tools/CodeSourcery/Sourcery_CodeBench_for_ARM_EABI/bin/../lib/gcc/arm-none-eabi/4.7.2/armv7-m/crti.o
                0x0000626c                _init
 .init          0x00006270        0x8 /home/tools/CodeSourcery/Sourcery_CodeBench_for_ARM_EABI/bin/../lib/gcc/arm-none-eabi/4.7.2/armv7-m/crtn.o
                0x00006278                . = ALIGN (0x4)
                0x00006278                __preinit_array_start = .
 *(.preinit_array)
                0x00006278                __preinit_array_end = .
                0x00006278                . = ALIGN (0x4)
                0x00006278                __init_array_start = .
 *(SORT(.init_array.*))
 .init_array.00000
                0x00006278        0x4 /home/tools/CodeSourcery/Sourcery_CodeBench_for_ARM_EABI/bin/../lib/gcc/arm-none-eabi/4.7.2/../../../../arm-none-eabi/lib/armv7-m/libc.a(lib_a-__call_atexit.o)
 .init_array.00005
                0x0000627c        0x4 /home/tools/CodeSourcery/Sourcery_CodeBench_for_ARM_EABI/bin/../lib/gcc/arm-none-eabi/4.7.2/../../../../arm-none-eabi/lib/armv7-m/libc.a(lib_a-stdout.o)
 *(.init_array)
 .init_array    0x00006280        0x4 /home/tools/CodeSourcery/Sourcery_CodeBench_for_ARM_EABI/bin/../lib/gcc/arm-none-eabi/4.7.2/armv7-m/crtbegin.o
 .init_array    0x00006284        0x4 /home/tools/CodeSourcery/Sourcery_CodeBench_for_ARM_EABI/bin/../lib/gcc/arm-none-eabi/4.7.2/../../../../arm-none-eabi/lib/armv7-m/libcs3hosted.a(hosted-rdi.o)
                0x00006288                __init_array_end = .
                0x00006288                . = ALIGN (0x4)
 *(.fini)
 .fini          0x00006288        0x4 /home/tools/CodeSourcery/Sourcery_CodeBench_for_ARM_EABI/bin/../lib/gcc/arm-none-eabi/4.7.2/armv7-m/crti.o
                0x00006288                _fini
 .fini          0x0000628c        0x8 /home/tools/CodeSourcery/Sourcery_CodeBench_for_ARM_EABI/bin/../lib/gcc/arm-none-eabi/4.7.2/armv7-m/crtn.o
                0x00006294                . = ALIGN (0x4)
                0x00006294                __fini_array_start = .
 *(.fini_array)
 .fini_array    0x00006294        0x4 /home/tools/CodeSourcery/Sourcery_CodeBench_for_ARM_EABI/bin/../lib/gcc/arm-none-eabi/4.7.2/armv7-m/crtbegin.o
 *(SORT(.fini_array.*))
                0x00006298                __fini_array_end = .
                0x00006298                . = ALIGN (0x4)
 *crtbegin.o(.ctors)
 *(EXCLUDE_FILE(*crtend.o) .ctors)
 *(SORT(.ctors.*))
 *crtend.o(.ctors)
                0x00006298                . = ALIGN (0x4)
 *crtbegin.o(.dtors)
 *(EXCLUDE_FILE(*crtend.o) .dtors)
 *(SORT(.dtors.*))
 *crtend.o(.dtors)
                0x00006298                . = ALIGN (0x4)
                0x00006298                __cs3_regions = .
                0x00006298        0x4 LONG 0x0
                0x0000629c        0x4 LONG 0x0 __cs3_region_init_ram
                0x000062a0        0x4 LONG 0x0 __cs3_region_start_ram
                0x000062a4        0x4 LONG 0x67d0 __cs3_region_init_size_ram
                0x000062a8        0x4 LONG 0x238 __cs3_region_zero_size_ram
                0x000062ac                __cs3_regions_end = .
                0x000062b0                . = ALIGN (0x8)
 *fill*         0x000062ac        0x4 
                0x000062b0                _etext = .
                0x00000001                ASSERT (! ((__cs3_region_init_ram & 0x7)), __cs3_region_init_ram not aligned)
                0x00000001                ASSERT (! ((__cs3_region_start_ram & 0x7)), __cs3_region_start_ram not aligned)
                0x00000001                ASSERT (! ((__cs3_region_init_size_ram & 0x7)), __cs3_region_init_size_ram not aligned)
                0x00000001                ASSERT (! ((__cs3_region_zero_size_ram & 0x7)), __cs3_region_zero_size_ram not aligned)

.data           0x000062b0      0x520
 *(.jcr)
 .jcr           0x000062b0        0x0 /home/tools/CodeSourcery/Sourcery_CodeBench_for_ARM_EABI/bin/../lib/gcc/arm-none-eabi/4.7.2/armv7-m/crtbegin.o
 .jcr           0x000062b0        0x4 /home/tools/CodeSourcery/Sourcery_CodeBench_for_ARM_EABI/bin/../lib/gcc/arm-none-eabi/4.7.2/armv7-m/crtend.o
 *(.got.plt)
 *(.got)
 *(.shdata)
 *(.data .data.* .gnu.linkonce.d.*)
 .data          0x000062b4        0x0 /home/tools/CodeSourcery/Sourcery_CodeBench_for_ARM_EABI/bin/../lib/gcc/arm-none-eabi/4.7.2/armv7-m/crti.o
 .data          0x000062b4        0x4 /home/tools/CodeSourcery/Sourcery_CodeBench_for_ARM_EABI/bin/../lib/gcc/arm-none-eabi/4.7.2/armv7-m/crtbegin.o
                0x000062b4                __dso_handle
 .data          0x000062b8        0x0 /home/jon/VistaModels/ARM/m3/CBwork/AEShw/Debug/Test.o
 .data          0x000062b8        0x0 /home/tools/CodeSourcery/Sourcery_CodeBench_for_ARM_EABI/bin/../lib/gcc/arm-none-eabi/4.7.2/../../../../arm-none-eabi/lib/armv7-m/libc.a(lib_a-asm-memcpy.o)
 .data          0x000062b8        0x0 /home/tools/CodeSourcery/Sourcery_CodeBench_for_ARM_EABI/bin/../lib/gcc/arm-none-eabi/4.7.2/../../../../arm-none-eabi/lib/armv7-m/libc.a(lib_a-atexit.o)
 .data          0x000062b8        0x0 /home/tools/CodeSourcery/Sourcery_CodeBench_for_ARM_EABI/bin/../lib/gcc/arm-none-eabi/4.7.2/../../../../arm-none-eabi/lib/armv7-m/libc.a(lib_a-exit.o)
 .data          0x000062b8        0x0 /home/tools/CodeSourcery/Sourcery_CodeBench_for_ARM_EABI/bin/../lib/gcc/arm-none-eabi/4.7.2/../../../../arm-none-eabi/lib/armv7-m/libc.a(lib_a-memset.o)
 .data          0x000062b8        0x0 /home/tools/CodeSourcery/Sourcery_CodeBench_for_ARM_EABI/bin/../lib/gcc/arm-none-eabi/4.7.2/../../../../arm-none-eabi/lib/armv7-m/libc.a(lib_a-printf.o)
 .data          0x000062b8        0x0 /home/tools/CodeSourcery/Sourcery_CodeBench_for_ARM_EABI/bin/../lib/gcc/arm-none-eabi/4.7.2/../../../../arm-none-eabi/lib/armv7-m/libc.a(lib_a-sinit.o)
 .data          0x000062b8        0x0 /home/tools/CodeSourcery/Sourcery_CodeBench_for_ARM_EABI/bin/../lib/gcc/arm-none-eabi/4.7.2/../../../../arm-none-eabi/lib/armv7-m/libc.a(lib_a-stdout.o)
 .data          0x000062b8        0x0 /home/tools/CodeSourcery/Sourcery_CodeBench_for_ARM_EABI/bin/../lib/gcc/arm-none-eabi/4.7.2/../../../../arm-none-eabi/lib/armv7-m/libc.a(lib_a-strcat.o)
 .data          0x000062b8        0x0 /home/tools/CodeSourcery/Sourcery_CodeBench_for_ARM_EABI/bin/../lib/gcc/arm-none-eabi/4.7.2/../../../../arm-none-eabi/lib/armv7-m/libc.a(lib_a-strcpy.o)
 .data          0x000062b8        0x0 /home/tools/CodeSourcery/Sourcery_CodeBench_for_ARM_EABI/bin/../lib/gcc/arm-none-eabi/4.7.2/../../../../arm-none-eabi/lib/armv7-m/libc.a(lib_a-strlen.o)
 .data          0x000062b8        0x4 /home/tools/CodeSourcery/Sourcery_CodeBench_for_ARM_EABI/bin/../lib/gcc/arm-none-eabi/4.7.2/../../../../arm-none-eabi/lib/armv7-m/libc.a(lib_a-vfprintf.o)
 .data          0x000062bc        0x0 /home/tools/CodeSourcery/Sourcery_CodeBench_for_ARM_EABI/bin/../lib/gcc/arm-none-eabi/4.7.2/../../../../arm-none-eabi/lib/armv7-m/libc.a(lib_a-vfsprint.o)
 .data          0x000062bc        0x0 /home/tools/CodeSourcery/Sourcery_CodeBench_for_ARM_EABI/bin/../lib/gcc/arm-none-eabi/4.7.2/../../../../arm-none-eabi/lib/armv7-m/libc.a(lib_a-wsetup.o)
 .data          0x000062bc        0x0 /home/tools/CodeSourcery/Sourcery_CodeBench_for_ARM_EABI/bin/../lib/gcc/arm-none-eabi/4.7.2/../../../../arm-none-eabi/lib/armv7-m/libc.a(lib_a-__atexit.o)
 .data          0x000062bc        0x0 /home/tools/CodeSourcery/Sourcery_CodeBench_for_ARM_EABI/bin/../lib/gcc/arm-none-eabi/4.7.2/../../../../arm-none-eabi/lib/armv7-m/libc.a(lib_a-__atexitg.o)
 .data          0x000062bc        0x0 /home/tools/CodeSourcery/Sourcery_CodeBench_for_ARM_EABI/bin/../lib/gcc/arm-none-eabi/4.7.2/../../../../arm-none-eabi/lib/armv7-m/libc.a(lib_a-__call_atexit.o)
 .data          0x000062bc        0x0 /home/tools/CodeSourcery/Sourcery_CodeBench_for_ARM_EABI/bin/../lib/gcc/arm-none-eabi/4.7.2/../../../../arm-none-eabi/lib/armv7-m/libc.a(lib_a-__fpspecifierhelp.o)
 .data          0x000062bc        0x0 /home/tools/CodeSourcery/Sourcery_CodeBench_for_ARM_EABI/bin/../lib/gcc/arm-none-eabi/4.7.2/../../../../arm-none-eabi/lib/armv7-m/libc.a(lib_a-_cleanup.o)
 .data          0x000062bc        0x0 /home/tools/CodeSourcery/Sourcery_CodeBench_for_ARM_EABI/bin/../lib/gcc/arm-none-eabi/4.7.2/../../../../arm-none-eabi/lib/armv7-m/libc.a(lib_a-cleanupg.o)
 .data          0x000062bc        0x0 /home/tools/CodeSourcery/Sourcery_CodeBench_for_ARM_EABI/bin/../lib/gcc/arm-none-eabi/4.7.2/../../../../arm-none-eabi/lib/armv7-m/libc.a(lib_a-dtoa.o)
 .data          0x000062bc        0x0 /home/tools/CodeSourcery/Sourcery_CodeBench_for_ARM_EABI/bin/../lib/gcc/arm-none-eabi/4.7.2/../../../../arm-none-eabi/lib/armv7-m/libc.a(lib_a-fclose.o)
 .data          0x000062bc        0x0 /home/tools/CodeSourcery/Sourcery_CodeBench_for_ARM_EABI/bin/../lib/gcc/arm-none-eabi/4.7.2/../../../../arm-none-eabi/lib/armv7-m/libc.a(lib_a-fflush.o)
 .data          0x000062bc        0x0 /home/tools/CodeSourcery/Sourcery_CodeBench_for_ARM_EABI/bin/../lib/gcc/arm-none-eabi/4.7.2/../../../../arm-none-eabi/lib/armv7-m/libc.a(lib_a-fini.o)
 .data          0x000062bc        0x0 /home/tools/CodeSourcery/Sourcery_CodeBench_for_ARM_EABI/bin/../lib/gcc/arm-none-eabi/4.7.2/../../../../arm-none-eabi/lib/armv7-m/libc.a(lib_a-fvwrite.o)
 .data          0x000062bc        0x0 /home/tools/CodeSourcery/Sourcery_CodeBench_for_ARM_EABI/bin/../lib/gcc/arm-none-eabi/4.7.2/../../../../arm-none-eabi/lib/armv7-m/libc.a(lib_a-fwalk.o)
 .data          0x000062bc       0xf4 /home/tools/CodeSourcery/Sourcery_CodeBench_for_ARM_EABI/bin/../lib/gcc/arm-none-eabi/4.7.2/../../../../arm-none-eabi/lib/armv7-m/libc.a(lib_a-impure.o)
                0x000062bc                _csl_impure_ptr
 .data          0x000063b0        0x4 /home/tools/CodeSourcery/Sourcery_CodeBench_for_ARM_EABI/bin/../lib/gcc/arm-none-eabi/4.7.2/../../../../arm-none-eabi/lib/armv7-m/libc.a(lib_a-locale.o)
                0x000063b0                __mb_cur_max
 .data          0x000063b4        0x4 /home/tools/CodeSourcery/Sourcery_CodeBench_for_ARM_EABI/bin/../lib/gcc/arm-none-eabi/4.7.2/../../../../arm-none-eabi/lib/armv7-m/libc.a(lib_a-makebuf.o)
 .data          0x000063b8        0x0 /home/tools/CodeSourcery/Sourcery_CodeBench_for_ARM_EABI/bin/../lib/gcc/arm-none-eabi/4.7.2/../../../../arm-none-eabi/lib/armv7-m/libc.a(lib_a-malloc.o)
 .data          0x000063b8      0x410 /home/tools/CodeSourcery/Sourcery_CodeBench_for_ARM_EABI/bin/../lib/gcc/arm-none-eabi/4.7.2/../../../../arm-none-eabi/lib/armv7-m/libc.a(lib_a-mallocr.o)
                0x000063b8                __malloc_av_
                0x000067c0                __malloc_sbrk_base
                0x000067c4                __malloc_trim_threshold
 .data          0x000067c8        0x0 /home/tools/CodeSourcery/Sourcery_CodeBench_for_ARM_EABI/bin/../lib/gcc/arm-none-eabi/4.7.2/../../../../arm-none-eabi/lib/armv7-m/libc.a(lib_a-memchr.o)
 .data          0x000067c8        0x0 /home/tools/CodeSourcery/Sourcery_CodeBench_for_ARM_EABI/bin/../lib/gcc/arm-none-eabi/4.7.2/../../../../arm-none-eabi/lib/armv7-m/libc.a(lib_a-memmove.o)
 .data          0x000067c8        0x0 /home/tools/CodeSourcery/Sourcery_CodeBench_for_ARM_EABI/bin/../lib/gcc/arm-none-eabi/4.7.2/../../../../arm-none-eabi/lib/armv7-m/libc.a(lib_a-mlock.o)
 .data          0x000067c8        0x0 /home/tools/CodeSourcery/Sourcery_CodeBench_for_ARM_EABI/bin/../lib/gcc/arm-none-eabi/4.7.2/../../../../arm-none-eabi/lib/armv7-m/libc.a(lib_a-mprec.o)
 .data          0x000067c8        0x0 /home/tools/CodeSourcery/Sourcery_CodeBench_for_ARM_EABI/bin/../lib/gcc/arm-none-eabi/4.7.2/../../../../arm-none-eabi/lib/armv7-m/libc.a(lib_a-s_isinf.o)
 .data          0x000067c8        0x0 /home/tools/CodeSourcery/Sourcery_CodeBench_for_ARM_EABI/bin/../lib/gcc/arm-none-eabi/4.7.2/../../../../arm-none-eabi/lib/armv7-m/libc.a(lib_a-s_isnan.o)
 .data          0x000067c8        0x0 /home/tools/CodeSourcery/Sourcery_CodeBench_for_ARM_EABI/bin/../lib/gcc/arm-none-eabi/4.7.2/../../../../arm-none-eabi/lib/armv7-m/libc.a(lib_a-sfplock.o)
 .data          0x000067c8        0x0 /home/tools/CodeSourcery/Sourcery_CodeBench_for_ARM_EABI/bin/../lib/gcc/arm-none-eabi/4.7.2/../../../../arm-none-eabi/lib/armv7-m/libc.a(lib_a-sglueg.o)
 .data          0x000067c8        0x0 /home/tools/CodeSourcery/Sourcery_CodeBench_for_ARM_EABI/bin/../lib/gcc/arm-none-eabi/4.7.2/../../../../arm-none-eabi/lib/armv7-m/libc.a(lib_a-stdio.o)
 .data          0x000067c8        0x0 /home/tools/CodeSourcery/Sourcery_CodeBench_for_ARM_EABI/bin/../lib/gcc/arm-none-eabi/4.7.2/../../../../arm-none-eabi/lib/armv7-m/libc.a(lib_a-strcmp.o)
 .data          0x000067c8        0x0 /home/tools/CodeSourcery/Sourcery_CodeBench_for_ARM_EABI/bin/../lib/gcc/arm-none-eabi/4.7.2/../../../../arm-none-eabi/lib/armv7-m/libc.a(lib_a-__stdiobufferinghelp.o)
 .data          0x000067c8        0x0 /home/tools/CodeSourcery/Sourcery_CodeBench_for_ARM_EABI/bin/../lib/gcc/arm-none-eabi/4.7.2/../../../../arm-none-eabi/lib/armv7-m/libc.a(lib_a-calloc.o)
 .data          0x000067c8        0x0 /home/tools/CodeSourcery/Sourcery_CodeBench_for_ARM_EABI/bin/../lib/gcc/arm-none-eabi/4.7.2/../../../../arm-none-eabi/lib/armv7-m/libc.a(lib_a-callocr.o)
 .data          0x000067c8        0x0 /home/tools/CodeSourcery/Sourcery_CodeBench_for_ARM_EABI/bin/../lib/gcc/arm-none-eabi/4.7.2/../../../../arm-none-eabi/lib/armv7-m/libc.a(lib_a-errnog.o)
 .data          0x000067c8        0x0 /home/tools/CodeSourcery/Sourcery_CodeBench_for_ARM_EABI/bin/../lib/gcc/arm-none-eabi/4.7.2/../../../../arm-none-eabi/lib/armv7-m/libc.a(lib_a-freer.o)
 .data          0x000067c8        0x0 /home/tools/CodeSourcery/Sourcery_CodeBench_for_ARM_EABI/bin/../lib/gcc/arm-none-eabi/4.7.2/armv7-m/libgcc.a(_arm_addsubdf3.o)
 .data          0x000067c8        0x0 /home/tools/CodeSourcery/Sourcery_CodeBench_for_ARM_EABI/bin/../lib/gcc/arm-none-eabi/4.7.2/armv7-m/libgcc.a(_arm_muldivdf3.o)
 .data          0x000067c8        0x0 /home/tools/CodeSourcery/Sourcery_CodeBench_for_ARM_EABI/bin/../lib/gcc/arm-none-eabi/4.7.2/armv7-m/libgcc.a(_arm_cmpdf2.o)
 .data          0x000067c8        0x0 /home/tools/CodeSourcery/Sourcery_CodeBench_for_ARM_EABI/bin/../lib/gcc/arm-none-eabi/4.7.2/armv7-m/libgcc.a(_arm_fixdfsi.o)
 .data          0x000067c8        0x0 /home/tools/CodeSourcery/Sourcery_CodeBench_for_ARM_EABI/bin/../lib/gcc/arm-none-eabi/4.7.2/armv7-m/libgcc.a(_aeabi_uldivmod.o)
 .data          0x000067c8        0x0 /home/tools/CodeSourcery/Sourcery_CodeBench_for_ARM_EABI/bin/../lib/gcc/arm-none-eabi/4.7.2/armv7-m/libgcc.a(bpabi.o)
 .data          0x000067c8        0x0 /home/tools/CodeSourcery/Sourcery_CodeBench_for_ARM_EABI/bin/../lib/gcc/arm-none-eabi/4.7.2/armv7-m/libgcc.a(_dvmd_tls.o)
 .data          0x000067c8        0x0 /home/tools/CodeSourcery/Sourcery_CodeBench_for_ARM_EABI/bin/../lib/gcc/arm-none-eabi/4.7.2/armv7-m/libgcc.a(_divdi3.o)
 .data          0x000067c8        0x0 /home/tools/CodeSourcery/Sourcery_CodeBench_for_ARM_EABI/bin/../lib/gcc/arm-none-eabi/4.7.2/armv7-m/libgcc.a(_udivdi3.o)
 .data          0x000067c8        0x0 /home/tools/CodeSourcery/Sourcery_CodeBench_for_ARM_EABI/bin/../lib/gcc/arm-none-eabi/4.7.2/armv7-m/crtend.o
 .data          0x000067c8        0x0 /home/tools/CodeSourcery/Sourcery_CodeBench_for_ARM_EABI/bin/../lib/gcc/arm-none-eabi/4.7.2/armv7-m/crtn.o
 .data          0x000067c8        0x0 /home/tools/CodeSourcery/Sourcery_CodeBench_for_ARM_EABI/bin/../lib/gcc/arm-none-eabi/4.7.2/../../../../arm-none-eabi/lib/armv7-m/libcs3.a(start-sim.o)
 .data          0x000067c8        0x0 /home/tools/CodeSourcery/Sourcery_CodeBench_for_ARM_EABI/bin/../lib/gcc/arm-none-eabi/4.7.2/../../../../arm-none-eabi/lib/armv7-m/libcs3.a(start_c.o)
 .data          0x000067c8        0x4 /home/tools/CodeSourcery/Sourcery_CodeBench_for_ARM_EABI/bin/../lib/gcc/arm-none-eabi/4.7.2/../../../../arm-none-eabi/lib/armv7-m/libcs3.a(heap.o)
                0x000067c8                __cs3_heap_limit
 .data          0x000067cc        0x0 /home/tools/CodeSourcery/Sourcery_CodeBench_for_ARM_EABI/bin/../lib/gcc/arm-none-eabi/4.7.2/../../../../arm-none-eabi/lib/armv7-m/libcs3.a(qemu-micro-reset.o)
 .data          0x000067cc        0x0 /home/tools/CodeSourcery/Sourcery_CodeBench_for_ARM_EABI/bin/../lib/gcc/arm-none-eabi/4.7.2/../../../../arm-none-eabi/lib/armv7-m/libcs3hosted.a(hosted-_close.o)
 .data          0x000067cc        0x0 /home/tools/CodeSourcery/Sourcery_CodeBench_for_ARM_EABI/bin/../lib/gcc/arm-none-eabi/4.7.2/../../../../arm-none-eabi/lib/armv7-m/libcs3hosted.a(hosted-_exit.o)
 .data          0x000067cc        0x0 /home/tools/CodeSourcery/Sourcery_CodeBench_for_ARM_EABI/bin/../lib/gcc/arm-none-eabi/4.7.2/../../../../arm-none-eabi/lib/armv7-m/libcs3hosted.a(hosted-_fstat.o)
 .data          0x000067cc        0x0 /home/tools/CodeSourcery/Sourcery_CodeBench_for_ARM_EABI/bin/../lib/gcc/arm-none-eabi/4.7.2/../../../../arm-none-eabi/lib/armv7-m/libcs3hosted.a(hosted-isatty.o)
 .data          0x000067cc        0x0 /home/tools/CodeSourcery/Sourcery_CodeBench_for_ARM_EABI/bin/../lib/gcc/arm-none-eabi/4.7.2/../../../../arm-none-eabi/lib/armv7-m/libcs3hosted.a(hosted-_lseek.o)
 .data          0x000067cc        0x0 /home/tools/CodeSourcery/Sourcery_CodeBench_for_ARM_EABI/bin/../lib/gcc/arm-none-eabi/4.7.2/../../../../arm-none-eabi/lib/armv7-m/libcs3hosted.a(hosted-_read.o)
 .data          0x000067cc        0x0 /home/tools/CodeSourcery/Sourcery_CodeBench_for_ARM_EABI/bin/../lib/gcc/arm-none-eabi/4.7.2/../../../../arm-none-eabi/lib/armv7-m/libcs3hosted.a(hosted-_write.o)
 .data          0x000067cc        0x4 /home/tools/CodeSourcery/Sourcery_CodeBench_for_ARM_EABI/bin/../lib/gcc/arm-none-eabi/4.7.2/../../../../arm-none-eabi/lib/armv7-m/libcs3hosted.a(hosted-sbrk.o)
 .data          0x000067d0        0x0 /home/tools/CodeSourcery/Sourcery_CodeBench_for_ARM_EABI/bin/../lib/gcc/arm-none-eabi/4.7.2/../../../../arm-none-eabi/lib/armv7-m/libcs3hosted.a(hosted-rdi.o)
 .data          0x000067d0        0x0 /home/tools/CodeSourcery/Sourcery_CodeBench_for_ARM_EABI/bin/../lib/gcc/arm-none-eabi/4.7.2/../../../../arm-none-eabi/lib/armv7-m/libcs3micro.a(micro-vector.o)
 .data          0x000067d0        0x0 /home/tools/CodeSourcery/Sourcery_CodeBench_for_ARM_EABI/bin/../lib/gcc/arm-none-eabi/4.7.2/../../../../arm-none-eabi/lib/armv7-m/libcs3micro.a(micro_isr_interrupt.o)
 .data          0x000067d0        0x0 /home/tools/CodeSourcery/Sourcery_CodeBench_for_ARM_EABI/bin/../lib/gcc/arm-none-eabi/4.7.2/../../../../arm-none-eabi/lib/armv7-m/libcs3micro.a(micro_isr_nmi.o)
 .data          0x000067d0        0x0 /home/tools/CodeSourcery/Sourcery_CodeBench_for_ARM_EABI/bin/../lib/gcc/arm-none-eabi/4.7.2/../../../../arm-none-eabi/lib/armv7-m/libcs3micro.a(micro_isr_hard_fault.o)
 .data          0x000067d0        0x0 /home/tools/CodeSourcery/Sourcery_CodeBench_for_ARM_EABI/bin/../lib/gcc/arm-none-eabi/4.7.2/../../../../arm-none-eabi/lib/armv7-m/libcs3micro.a(micro_isr_mpu_fault.o)
 .data          0x000067d0        0x0 /home/tools/CodeSourcery/Sourcery_CodeBench_for_ARM_EABI/bin/../lib/gcc/arm-none-eabi/4.7.2/../../../../arm-none-eabi/lib/armv7-m/libcs3micro.a(micro_isr_bus_fault.o)
 .data          0x000067d0        0x0 /home/tools/CodeSourcery/Sourcery_CodeBench_for_ARM_EABI/bin/../lib/gcc/arm-none-eabi/4.7.2/../../../../arm-none-eabi/lib/armv7-m/libcs3micro.a(micro_isr_usage_fault.o)
 .data          0x000067d0        0x0 /home/tools/CodeSourcery/Sourcery_CodeBench_for_ARM_EABI/bin/../lib/gcc/arm-none-eabi/4.7.2/../../../../arm-none-eabi/lib/armv7-m/libcs3micro.a(micro_isr_svcall.o)
 .data          0x000067d0        0x0 /home/tools/CodeSourcery/Sourcery_CodeBench_for_ARM_EABI/bin/../lib/gcc/arm-none-eabi/4.7.2/../../../../arm-none-eabi/lib/armv7-m/libcs3micro.a(micro_isr_debug.o)
 .data          0x000067d0        0x0 /home/tools/CodeSourcery/Sourcery_CodeBench_for_ARM_EABI/bin/../lib/gcc/arm-none-eabi/4.7.2/../../../../arm-none-eabi/lib/armv7-m/libcs3micro.a(micro_isr_pendsv.o)
 .data          0x000067d0        0x0 /home/tools/CodeSourcery/Sourcery_CodeBench_for_ARM_EABI/bin/../lib/gcc/arm-none-eabi/4.7.2/../../../../arm-none-eabi/lib/armv7-m/libcs3micro.a(micro_isr_systick.o)
 .data          0x000067d0        0x0 /home/tools/CodeSourcery/Sourcery_CodeBench_for_ARM_EABI/bin/../lib/gcc/arm-none-eabi/4.7.2/../../../../arm-none-eabi/lib/armv7-m/libc.a(lib_a-errno.o)
 .data          0x000067d0        0x0 /home/tools/CodeSourcery/Sourcery_CodeBench_for_ARM_EABI/bin/../lib/gcc/arm-none-eabi/4.7.2/../../../../arm-none-eabi/lib/armv7-m/libc.a(lib_a-init.o)
                0x000067d0                . = ALIGN (0x8)
 *(.ram)
                0x000067d0                . = ALIGN (0x8)
                0x000067d0                _edata = .

.tm_clone_table
                0x000067d0        0x0
 .tm_clone_table
                0x000067d0        0x0 /home/tools/CodeSourcery/Sourcery_CodeBench_for_ARM_EABI/bin/../lib/gcc/arm-none-eabi/4.7.2/armv7-m/crtbegin.o
 .tm_clone_table
                0x000067d0        0x0 /home/tools/CodeSourcery/Sourcery_CodeBench_for_ARM_EABI/bin/../lib/gcc/arm-none-eabi/4.7.2/armv7-m/crtend.o

.igot.plt       0x000067d0        0x0
 .igot.plt      0x00000000        0x0 /home/tools/CodeSourcery/Sourcery_CodeBench_for_ARM_EABI/bin/../lib/gcc/arm-none-eabi/4.7.2/armv7-m/crtbegin.o

.bss            0x000067d0      0x238
 *(.shbss)
 *(.bss .bss.* .gnu.linkonce.b.*)
 .bss           0x000067d0        0x0 /home/tools/CodeSourcery/Sourcery_CodeBench_for_ARM_EABI/bin/../lib/gcc/arm-none-eabi/4.7.2/armv7-m/crti.o
 .bss           0x000067d0       0x1c /home/tools/CodeSourcery/Sourcery_CodeBench_for_ARM_EABI/bin/../lib/gcc/arm-none-eabi/4.7.2/armv7-m/crtbegin.o
 .bss           0x000067ec        0x4 /home/jon/VistaModels/ARM/m3/CBwork/AEShw/Debug/Test.o
                0x000067ec                AESdone
 .bss           0x000067f0        0x0 /home/tools/CodeSourcery/Sourcery_CodeBench_for_ARM_EABI/bin/../lib/gcc/arm-none-eabi/4.7.2/../../../../arm-none-eabi/lib/armv7-m/libc.a(lib_a-asm-memcpy.o)
 .bss           0x000067f0        0x0 /home/tools/CodeSourcery/Sourcery_CodeBench_for_ARM_EABI/bin/../lib/gcc/arm-none-eabi/4.7.2/../../../../arm-none-eabi/lib/armv7-m/libc.a(lib_a-atexit.o)
 .bss           0x000067f0        0x0 /home/tools/CodeSourcery/Sourcery_CodeBench_for_ARM_EABI/bin/../lib/gcc/arm-none-eabi/4.7.2/../../../../arm-none-eabi/lib/armv7-m/libc.a(lib_a-exit.o)
 .bss           0x000067f0        0x0 /home/tools/CodeSourcery/Sourcery_CodeBench_for_ARM_EABI/bin/../lib/gcc/arm-none-eabi/4.7.2/../../../../arm-none-eabi/lib/armv7-m/libc.a(lib_a-memset.o)
 .bss           0x000067f0        0x0 /home/tools/CodeSourcery/Sourcery_CodeBench_for_ARM_EABI/bin/../lib/gcc/arm-none-eabi/4.7.2/../../../../arm-none-eabi/lib/armv7-m/libc.a(lib_a-printf.o)
 .bss           0x000067f0        0x0 /home/tools/CodeSourcery/Sourcery_CodeBench_for_ARM_EABI/bin/../lib/gcc/arm-none-eabi/4.7.2/../../../../arm-none-eabi/lib/armv7-m/libc.a(lib_a-sinit.o)
 .bss           0x000067f0       0x7c /home/tools/CodeSourcery/Sourcery_CodeBench_for_ARM_EABI/bin/../lib/gcc/arm-none-eabi/4.7.2/../../../../arm-none-eabi/lib/armv7-m/libc.a(lib_a-stdout.o)
                0x000067f0                _cslibc_global__stdout
                0x0000685c                __stdout
 .bss           0x0000686c        0x0 /home/tools/CodeSourcery/Sourcery_CodeBench_for_ARM_EABI/bin/../lib/gcc/arm-none-eabi/4.7.2/../../../../arm-none-eabi/lib/armv7-m/libc.a(lib_a-strcat.o)
 .bss           0x0000686c        0x0 /home/tools/CodeSourcery/Sourcery_CodeBench_for_ARM_EABI/bin/../lib/gcc/arm-none-eabi/4.7.2/../../../../arm-none-eabi/lib/armv7-m/libc.a(lib_a-strcpy.o)
 .bss           0x0000686c        0x0 /home/tools/CodeSourcery/Sourcery_CodeBench_for_ARM_EABI/bin/../lib/gcc/arm-none-eabi/4.7.2/../../../../arm-none-eabi/lib/armv7-m/libc.a(lib_a-strlen.o)
 .bss           0x0000686c        0x0 /home/tools/CodeSourcery/Sourcery_CodeBench_for_ARM_EABI/bin/../lib/gcc/arm-none-eabi/4.7.2/../../../../arm-none-eabi/lib/armv7-m/libc.a(lib_a-vfprintf.o)
 .bss           0x0000686c        0x0 /home/tools/CodeSourcery/Sourcery_CodeBench_for_ARM_EABI/bin/../lib/gcc/arm-none-eabi/4.7.2/../../../../arm-none-eabi/lib/armv7-m/libc.a(lib_a-vfsprint.o)
 .bss           0x0000686c        0x0 /home/tools/CodeSourcery/Sourcery_CodeBench_for_ARM_EABI/bin/../lib/gcc/arm-none-eabi/4.7.2/../../../../arm-none-eabi/lib/armv7-m/libc.a(lib_a-wsetup.o)
 .bss           0x0000686c        0x0 /home/tools/CodeSourcery/Sourcery_CodeBench_for_ARM_EABI/bin/../lib/gcc/arm-none-eabi/4.7.2/../../../../arm-none-eabi/lib/armv7-m/libc.a(lib_a-__atexit.o)
 .bss           0x0000686c       0x90 /home/tools/CodeSourcery/Sourcery_CodeBench_for_ARM_EABI/bin/../lib/gcc/arm-none-eabi/4.7.2/../../../../arm-none-eabi/lib/armv7-m/libc.a(lib_a-__atexitg.o)
                0x0000686c                _cslibc_global__atexit0
                0x000068f8                _cslibc_global__atexit
 .bss           0x000068fc        0x0 /home/tools/CodeSourcery/Sourcery_CodeBench_for_ARM_EABI/bin/../lib/gcc/arm-none-eabi/4.7.2/../../../../arm-none-eabi/lib/armv7-m/libc.a(lib_a-__call_atexit.o)
 .bss           0x000068fc        0x1 /home/tools/CodeSourcery/Sourcery_CodeBench_for_ARM_EABI/bin/../lib/gcc/arm-none-eabi/4.7.2/../../../../arm-none-eabi/lib/armv7-m/libc.a(lib_a-__fpspecifierhelp.o)
                0x000068fc                __cslibc$printf_fp_override
 .bss           0x000068fd        0x0 /home/tools/CodeSourcery/Sourcery_CodeBench_for_ARM_EABI/bin/../lib/gcc/arm-none-eabi/4.7.2/../../../../arm-none-eabi/lib/armv7-m/libc.a(lib_a-_cleanup.o)
 *fill*         0x000068fd        0x3 
 .bss           0x00006900        0x8 /home/tools/CodeSourcery/Sourcery_CodeBench_for_ARM_EABI/bin/../lib/gcc/arm-none-eabi/4.7.2/../../../../arm-none-eabi/lib/armv7-m/libc.a(lib_a-cleanupg.o)
                0x00006900                _cslibc_global___cleanup
                0x00006904                _cslibc_global___sdidinit
 .bss           0x00006908        0x0 /home/tools/CodeSourcery/Sourcery_CodeBench_for_ARM_EABI/bin/../lib/gcc/arm-none-eabi/4.7.2/../../../../arm-none-eabi/lib/armv7-m/libc.a(lib_a-dtoa.o)
 .bss           0x00006908        0x0 /home/tools/CodeSourcery/Sourcery_CodeBench_for_ARM_EABI/bin/../lib/gcc/arm-none-eabi/4.7.2/../../../../arm-none-eabi/lib/armv7-m/libc.a(lib_a-fclose.o)
 .bss           0x00006908        0x0 /home/tools/CodeSourcery/Sourcery_CodeBench_for_ARM_EABI/bin/../lib/gcc/arm-none-eabi/4.7.2/../../../../arm-none-eabi/lib/armv7-m/libc.a(lib_a-fflush.o)
 .bss           0x00006908        0x0 /home/tools/CodeSourcery/Sourcery_CodeBench_for_ARM_EABI/bin/../lib/gcc/arm-none-eabi/4.7.2/../../../../arm-none-eabi/lib/armv7-m/libc.a(lib_a-fini.o)
 .bss           0x00006908        0x0 /home/tools/CodeSourcery/Sourcery_CodeBench_for_ARM_EABI/bin/../lib/gcc/arm-none-eabi/4.7.2/../../../../arm-none-eabi/lib/armv7-m/libc.a(lib_a-fvwrite.o)
 .bss           0x00006908        0x0 /home/tools/CodeSourcery/Sourcery_CodeBench_for_ARM_EABI/bin/../lib/gcc/arm-none-eabi/4.7.2/../../../../arm-none-eabi/lib/armv7-m/libc.a(lib_a-fwalk.o)
 .bss           0x00006908        0x0 /home/tools/CodeSourcery/Sourcery_CodeBench_for_ARM_EABI/bin/../lib/gcc/arm-none-eabi/4.7.2/../../../../arm-none-eabi/lib/armv7-m/libc.a(lib_a-impure.o)
 .bss           0x00006908        0xc /home/tools/CodeSourcery/Sourcery_CodeBench_for_ARM_EABI/bin/../lib/gcc/arm-none-eabi/4.7.2/../../../../arm-none-eabi/lib/armv7-m/libc.a(lib_a-locale.o)
                0x00006908                _PathLocale
                0x0000690c                __mlocale_changed
                0x00006910                __nlocale_changed
 .bss           0x00006914        0x0 /home/tools/CodeSourcery/Sourcery_CodeBench_for_ARM_EABI/bin/../lib/gcc/arm-none-eabi/4.7.2/../../../../arm-none-eabi/lib/armv7-m/libc.a(lib_a-makebuf.o)
 .bss           0x00006914        0x0 /home/tools/CodeSourcery/Sourcery_CodeBench_for_ARM_EABI/bin/../lib/gcc/arm-none-eabi/4.7.2/../../../../arm-none-eabi/lib/armv7-m/libc.a(lib_a-malloc.o)
 .bss           0x00006914       0x34 /home/tools/CodeSourcery/Sourcery_CodeBench_for_ARM_EABI/bin/../lib/gcc/arm-none-eabi/4.7.2/../../../../arm-none-eabi/lib/armv7-m/libc.a(lib_a-mallocr.o)
                0x00006914                __malloc_top_pad
                0x00006918                __malloc_current_mallinfo
                0x00006940                __malloc_max_sbrked_mem
                0x00006944                __malloc_max_total_mem
 .bss           0x00006948        0x0 /home/tools/CodeSourcery/Sourcery_CodeBench_for_ARM_EABI/bin/../lib/gcc/arm-none-eabi/4.7.2/../../../../arm-none-eabi/lib/armv7-m/libc.a(lib_a-memchr.o)
 .bss           0x00006948        0x0 /home/tools/CodeSourcery/Sourcery_CodeBench_for_ARM_EABI/bin/../lib/gcc/arm-none-eabi/4.7.2/../../../../arm-none-eabi/lib/armv7-m/libc.a(lib_a-memmove.o)
 .bss           0x00006948        0x0 /home/tools/CodeSourcery/Sourcery_CodeBench_for_ARM_EABI/bin/../lib/gcc/arm-none-eabi/4.7.2/../../../../arm-none-eabi/lib/armv7-m/libc.a(lib_a-mlock.o)
 .bss           0x00006948        0x0 /home/tools/CodeSourcery/Sourcery_CodeBench_for_ARM_EABI/bin/../lib/gcc/arm-none-eabi/4.7.2/../../../../arm-none-eabi/lib/armv7-m/libc.a(lib_a-mprec.o)
 .bss           0x00006948        0x0 /home/tools/CodeSourcery/Sourcery_CodeBench_for_ARM_EABI/bin/../lib/gcc/arm-none-eabi/4.7.2/../../../../arm-none-eabi/lib/armv7-m/libc.a(lib_a-s_isinf.o)
 .bss           0x00006948        0x0 /home/tools/CodeSourcery/Sourcery_CodeBench_for_ARM_EABI/bin/../lib/gcc/arm-none-eabi/4.7.2/../../../../arm-none-eabi/lib/armv7-m/libc.a(lib_a-s_isnan.o)
 .bss           0x00006948        0x0 /home/tools/CodeSourcery/Sourcery_CodeBench_for_ARM_EABI/bin/../lib/gcc/arm-none-eabi/4.7.2/../../../../arm-none-eabi/lib/armv7-m/libc.a(lib_a-sfplock.o)
 .bss           0x00006948        0xc /home/tools/CodeSourcery/Sourcery_CodeBench_for_ARM_EABI/bin/../lib/gcc/arm-none-eabi/4.7.2/../../../../arm-none-eabi/lib/armv7-m/libc.a(lib_a-sglueg.o)
                0x00006948                _cslibc_global___sglue
 .bss           0x00006954        0x0 /home/tools/CodeSourcery/Sourcery_CodeBench_for_ARM_EABI/bin/../lib/gcc/arm-none-eabi/4.7.2/../../../../arm-none-eabi/lib/armv7-m/libc.a(lib_a-stdio.o)
 .bss           0x00006954        0x0 /home/tools/CodeSourcery/Sourcery_CodeBench_for_ARM_EABI/bin/../lib/gcc/arm-none-eabi/4.7.2/../../../../arm-none-eabi/lib/armv7-m/libc.a(lib_a-strcmp.o)
 .bss           0x00006954        0x1 /home/tools/CodeSourcery/Sourcery_CodeBench_for_ARM_EABI/bin/../lib/gcc/arm-none-eabi/4.7.2/../../../../arm-none-eabi/lib/armv7-m/libc.a(lib_a-__stdiobufferinghelp.o)
                0x00006954                __cslibc$stdio_alloc_buffer_override
 .bss           0x00006955        0x0 /home/tools/CodeSourcery/Sourcery_CodeBench_for_ARM_EABI/bin/../lib/gcc/arm-none-eabi/4.7.2/../../../../arm-none-eabi/lib/armv7-m/libc.a(lib_a-calloc.o)
 .bss           0x00006955        0x0 /home/tools/CodeSourcery/Sourcery_CodeBench_for_ARM_EABI/bin/../lib/gcc/arm-none-eabi/4.7.2/../../../../arm-none-eabi/lib/armv7-m/libc.a(lib_a-callocr.o)
 *fill*         0x00006955        0x3 
 .bss           0x00006958        0x4 /home/tools/CodeSourcery/Sourcery_CodeBench_for_ARM_EABI/bin/../lib/gcc/arm-none-eabi/4.7.2/../../../../arm-none-eabi/lib/armv7-m/libc.a(lib_a-errnog.o)
                0x00006958                _cslibc_global__errno
 .bss           0x0000695c        0x0 /home/tools/CodeSourcery/Sourcery_CodeBench_for_ARM_EABI/bin/../lib/gcc/arm-none-eabi/4.7.2/../../../../arm-none-eabi/lib/armv7-m/libc.a(lib_a-freer.o)
 .bss           0x0000695c        0x0 /home/tools/CodeSourcery/Sourcery_CodeBench_for_ARM_EABI/bin/../lib/gcc/arm-none-eabi/4.7.2/armv7-m/libgcc.a(_arm_addsubdf3.o)
 .bss           0x0000695c        0x0 /home/tools/CodeSourcery/Sourcery_CodeBench_for_ARM_EABI/bin/../lib/gcc/arm-none-eabi/4.7.2/armv7-m/libgcc.a(_arm_muldivdf3.o)
 .bss           0x0000695c        0x0 /home/tools/CodeSourcery/Sourcery_CodeBench_for_ARM_EABI/bin/../lib/gcc/arm-none-eabi/4.7.2/armv7-m/libgcc.a(_arm_cmpdf2.o)
 .bss           0x0000695c        0x0 /home/tools/CodeSourcery/Sourcery_CodeBench_for_ARM_EABI/bin/../lib/gcc/arm-none-eabi/4.7.2/armv7-m/libgcc.a(_arm_fixdfsi.o)
 .bss           0x0000695c        0x0 /home/tools/CodeSourcery/Sourcery_CodeBench_for_ARM_EABI/bin/../lib/gcc/arm-none-eabi/4.7.2/armv7-m/libgcc.a(_aeabi_uldivmod.o)
 .bss           0x0000695c        0x0 /home/tools/CodeSourcery/Sourcery_CodeBench_for_ARM_EABI/bin/../lib/gcc/arm-none-eabi/4.7.2/armv7-m/libgcc.a(bpabi.o)
 .bss           0x0000695c        0x0 /home/tools/CodeSourcery/Sourcery_CodeBench_for_ARM_EABI/bin/../lib/gcc/arm-none-eabi/4.7.2/armv7-m/libgcc.a(_dvmd_tls.o)
 .bss           0x0000695c        0x0 /home/tools/CodeSourcery/Sourcery_CodeBench_for_ARM_EABI/bin/../lib/gcc/arm-none-eabi/4.7.2/armv7-m/libgcc.a(_divdi3.o)
 .bss           0x0000695c        0x0 /home/tools/CodeSourcery/Sourcery_CodeBench_for_ARM_EABI/bin/../lib/gcc/arm-none-eabi/4.7.2/armv7-m/libgcc.a(_udivdi3.o)
 .bss           0x0000695c        0x0 /home/tools/CodeSourcery/Sourcery_CodeBench_for_ARM_EABI/bin/../lib/gcc/arm-none-eabi/4.7.2/armv7-m/crtend.o
 .bss           0x0000695c        0x0 /home/tools/CodeSourcery/Sourcery_CodeBench_for_ARM_EABI/bin/../lib/gcc/arm-none-eabi/4.7.2/armv7-m/crtn.o
 .bss           0x0000695c        0x0 /home/tools/CodeSourcery/Sourcery_CodeBench_for_ARM_EABI/bin/../lib/gcc/arm-none-eabi/4.7.2/../../../../arm-none-eabi/lib/armv7-m/libcs3.a(start-sim.o)
 .bss           0x0000695c        0x0 /home/tools/CodeSourcery/Sourcery_CodeBench_for_ARM_EABI/bin/../lib/gcc/arm-none-eabi/4.7.2/../../../../arm-none-eabi/lib/armv7-m/libcs3.a(start_c.o)
 .bss           0x0000695c        0x0 /home/tools/CodeSourcery/Sourcery_CodeBench_for_ARM_EABI/bin/../lib/gcc/arm-none-eabi/4.7.2/../../../../arm-none-eabi/lib/armv7-m/libcs3.a(heap.o)
 .bss           0x0000695c        0x0 /home/tools/CodeSourcery/Sourcery_CodeBench_for_ARM_EABI/bin/../lib/gcc/arm-none-eabi/4.7.2/../../../../arm-none-eabi/lib/armv7-m/libcs3.a(qemu-micro-reset.o)
 .bss           0x0000695c        0x0 /home/tools/CodeSourcery/Sourcery_CodeBench_for_ARM_EABI/bin/../lib/gcc/arm-none-eabi/4.7.2/../../../../arm-none-eabi/lib/armv7-m/libcs3hosted.a(hosted-_close.o)
 .bss           0x0000695c        0x0 /home/tools/CodeSourcery/Sourcery_CodeBench_for_ARM_EABI/bin/../lib/gcc/arm-none-eabi/4.7.2/../../../../arm-none-eabi/lib/armv7-m/libcs3hosted.a(hosted-_exit.o)
 .bss           0x0000695c        0x0 /home/tools/CodeSourcery/Sourcery_CodeBench_for_ARM_EABI/bin/../lib/gcc/arm-none-eabi/4.7.2/../../../../arm-none-eabi/lib/armv7-m/libcs3hosted.a(hosted-_fstat.o)
 .bss           0x0000695c        0x0 /home/tools/CodeSourcery/Sourcery_CodeBench_for_ARM_EABI/bin/../lib/gcc/arm-none-eabi/4.7.2/../../../../arm-none-eabi/lib/armv7-m/libcs3hosted.a(hosted-isatty.o)
 .bss           0x0000695c        0x0 /home/tools/CodeSourcery/Sourcery_CodeBench_for_ARM_EABI/bin/../lib/gcc/arm-none-eabi/4.7.2/../../../../arm-none-eabi/lib/armv7-m/libcs3hosted.a(hosted-_lseek.o)
 .bss           0x0000695c        0x0 /home/tools/CodeSourcery/Sourcery_CodeBench_for_ARM_EABI/bin/../lib/gcc/arm-none-eabi/4.7.2/../../../../arm-none-eabi/lib/armv7-m/libcs3hosted.a(hosted-_read.o)
 .bss           0x0000695c        0x0 /home/tools/CodeSourcery/Sourcery_CodeBench_for_ARM_EABI/bin/../lib/gcc/arm-none-eabi/4.7.2/../../../../arm-none-eabi/lib/armv7-m/libcs3hosted.a(hosted-_write.o)
 .bss           0x0000695c        0x0 /home/tools/CodeSourcery/Sourcery_CodeBench_for_ARM_EABI/bin/../lib/gcc/arm-none-eabi/4.7.2/../../../../arm-none-eabi/lib/armv7-m/libcs3hosted.a(hosted-sbrk.o)
 .bss           0x0000695c       0xac /home/tools/CodeSourcery/Sourcery_CodeBench_for_ARM_EABI/bin/../lib/gcc/arm-none-eabi/4.7.2/../../../../arm-none-eabi/lib/armv7-m/libcs3hosted.a(hosted-rdi.o)
                0x00006a00                __cs3_argc
                0x00006a04                __cs3_argv
 .bss           0x00006a08        0x0 /home/tools/CodeSourcery/Sourcery_CodeBench_for_ARM_EABI/bin/../lib/gcc/arm-none-eabi/4.7.2/../../../../arm-none-eabi/lib/armv7-m/libcs3micro.a(micro-vector.o)
 .bss           0x00006a08        0x0 /home/tools/CodeSourcery/Sourcery_CodeBench_for_ARM_EABI/bin/../lib/gcc/arm-none-eabi/4.7.2/../../../../arm-none-eabi/lib/armv7-m/libcs3micro.a(micro_isr_interrupt.o)
 .bss           0x00006a08        0x0 /home/tools/CodeSourcery/Sourcery_CodeBench_for_ARM_EABI/bin/../lib/gcc/arm-none-eabi/4.7.2/../../../../arm-none-eabi/lib/armv7-m/libcs3micro.a(micro_isr_nmi.o)
 .bss           0x00006a08        0x0 /home/tools/CodeSourcery/Sourcery_CodeBench_for_ARM_EABI/bin/../lib/gcc/arm-none-eabi/4.7.2/../../../../arm-none-eabi/lib/armv7-m/libcs3micro.a(micro_isr_hard_fault.o)
 .bss           0x00006a08        0x0 /home/tools/CodeSourcery/Sourcery_CodeBench_for_ARM_EABI/bin/../lib/gcc/arm-none-eabi/4.7.2/../../../../arm-none-eabi/lib/armv7-m/libcs3micro.a(micro_isr_mpu_fault.o)
 .bss           0x00006a08        0x0 /home/tools/CodeSourcery/Sourcery_CodeBench_for_ARM_EABI/bin/../lib/gcc/arm-none-eabi/4.7.2/../../../../arm-none-eabi/lib/armv7-m/libcs3micro.a(micro_isr_bus_fault.o)
 .bss           0x00006a08        0x0 /home/tools/CodeSourcery/Sourcery_CodeBench_for_ARM_EABI/bin/../lib/gcc/arm-none-eabi/4.7.2/../../../../arm-none-eabi/lib/armv7-m/libcs3micro.a(micro_isr_usage_fault.o)
 .bss           0x00006a08        0x0 /home/tools/CodeSourcery/Sourcery_CodeBench_for_ARM_EABI/bin/../lib/gcc/arm-none-eabi/4.7.2/../../../../arm-none-eabi/lib/armv7-m/libcs3micro.a(micro_isr_svcall.o)
 .bss           0x00006a08        0x0 /home/tools/CodeSourcery/Sourcery_CodeBench_for_ARM_EABI/bin/../lib/gcc/arm-none-eabi/4.7.2/../../../../arm-none-eabi/lib/armv7-m/libcs3micro.a(micro_isr_debug.o)
 .bss           0x00006a08        0x0 /home/tools/CodeSourcery/Sourcery_CodeBench_for_ARM_EABI/bin/../lib/gcc/arm-none-eabi/4.7.2/../../../../arm-none-eabi/lib/armv7-m/libcs3micro.a(micro_isr_pendsv.o)
 .bss           0x00006a08        0x0 /home/tools/CodeSourcery/Sourcery_CodeBench_for_ARM_EABI/bin/../lib/gcc/arm-none-eabi/4.7.2/../../../../arm-none-eabi/lib/armv7-m/libcs3micro.a(micro_isr_systick.o)
 .bss           0x00006a08        0x0 /home/tools/CodeSourcery/Sourcery_CodeBench_for_ARM_EABI/bin/../lib/gcc/arm-none-eabi/4.7.2/../../../../arm-none-eabi/lib/armv7-m/libc.a(lib_a-errno.o)
 .bss           0x00006a08        0x0 /home/tools/CodeSourcery/Sourcery_CodeBench_for_ARM_EABI/bin/../lib/gcc/arm-none-eabi/4.7.2/../../../../arm-none-eabi/lib/armv7-m/libc.a(lib_a-init.o)
 *(COMMON)
                0x00006a08                . = ALIGN (0x8)
 *(.ram.b .bss.ram)
                0x00006a08                . = ALIGN (0x8)
                0x00006a08                _end = .
                0x00006a08                __end = .
                0x00000000                __cs3_region_init_ram = __cs3_region_start_ram
                0x000067d0                __cs3_region_init_size_ram = (_edata - __cs3_region_start_ram)
                0x00000238                __cs3_region_zero_size_ram = (_end - _edata)
                0x00106c00                __cs3_region_size_ram = ((ALIGN (0x400) - __cs3_region_start_ram) + 0x100000)

.stab
 *(.stab)

.stabstr
 *(.stabstr)

.debug
 *(.debug)

.line
 *(.line)

.debug_srcinfo
 *(.debug_srcinfo)

.debug_sfnames
 *(.debug_sfnames)

.debug_aranges  0x00000000      0x428
 *(.debug_aranges)
 .debug_aranges
                0x00000000       0x20 /home/jon/VistaModels/ARM/m3/CBwork/AEShw/Debug/Test.o
 .debug_aranges
                0x00000020       0x20 /home/tools/CodeSourcery/Sourcery_CodeBench_for_ARM_EABI/bin/../lib/gcc/arm-none-eabi/4.7.2/armv7-m/libgcc.a(_arm_addsubdf3.o)
 .debug_aranges
                0x00000040       0x20 /home/tools/CodeSourcery/Sourcery_CodeBench_for_ARM_EABI/bin/../lib/gcc/arm-none-eabi/4.7.2/armv7-m/libgcc.a(_arm_muldivdf3.o)
 .debug_aranges
                0x00000060       0x20 /home/tools/CodeSourcery/Sourcery_CodeBench_for_ARM_EABI/bin/../lib/gcc/arm-none-eabi/4.7.2/armv7-m/libgcc.a(_arm_cmpdf2.o)
 .debug_aranges
                0x00000080       0x20 /home/tools/CodeSourcery/Sourcery_CodeBench_for_ARM_EABI/bin/../lib/gcc/arm-none-eabi/4.7.2/armv7-m/libgcc.a(_arm_fixdfsi.o)
 .debug_aranges
                0x000000a0       0x20 /home/tools/CodeSourcery/Sourcery_CodeBench_for_ARM_EABI/bin/../lib/gcc/arm-none-eabi/4.7.2/armv7-m/libgcc.a(_aeabi_uldivmod.o)
 .debug_aranges
                0x000000c0       0x20 /home/tools/CodeSourcery/Sourcery_CodeBench_for_ARM_EABI/bin/../lib/gcc/arm-none-eabi/4.7.2/armv7-m/libgcc.a(bpabi.o)
 .debug_aranges
                0x000000e0       0x20 /home/tools/CodeSourcery/Sourcery_CodeBench_for_ARM_EABI/bin/../lib/gcc/arm-none-eabi/4.7.2/armv7-m/libgcc.a(_dvmd_tls.o)
 .debug_aranges
                0x00000100       0x20 /home/tools/CodeSourcery/Sourcery_CodeBench_for_ARM_EABI/bin/../lib/gcc/arm-none-eabi/4.7.2/armv7-m/libgcc.a(_divdi3.o)
 .debug_aranges
                0x00000120       0x20 /home/tools/CodeSourcery/Sourcery_CodeBench_for_ARM_EABI/bin/../lib/gcc/arm-none-eabi/4.7.2/armv7-m/libgcc.a(_udivdi3.o)
 .debug_aranges
                0x00000140       0x20 /home/tools/CodeSourcery/Sourcery_CodeBench_for_ARM_EABI/bin/../lib/gcc/arm-none-eabi/4.7.2/../../../../arm-none-eabi/lib/armv7-m/libcs3.a(start-sim.o)
 .debug_aranges
                0x00000160       0x28 /home/tools/CodeSourcery/Sourcery_CodeBench_for_ARM_EABI/bin/../lib/gcc/arm-none-eabi/4.7.2/../../../../arm-none-eabi/lib/armv7-m/libcs3.a(start_c.o)
 .debug_aranges
                0x00000188       0x18 /home/tools/CodeSourcery/Sourcery_CodeBench_for_ARM_EABI/bin/../lib/gcc/arm-none-eabi/4.7.2/../../../../arm-none-eabi/lib/armv7-m/libcs3.a(heap.o)
 .debug_aranges
                0x000001a0       0x20 /home/tools/CodeSourcery/Sourcery_CodeBench_for_ARM_EABI/bin/../lib/gcc/arm-none-eabi/4.7.2/../../../../arm-none-eabi/lib/armv7-m/libcs3.a(qemu-micro-reset.o)
 .debug_aranges
                0x000001c0       0x20 /home/tools/CodeSourcery/Sourcery_CodeBench_for_ARM_EABI/bin/../lib/gcc/arm-none-eabi/4.7.2/../../../../arm-none-eabi/lib/armv7-m/libcs3hosted.a(hosted-_close.o)
 .debug_aranges
                0x000001e0       0x20 /home/tools/CodeSourcery/Sourcery_CodeBench_for_ARM_EABI/bin/../lib/gcc/arm-none-eabi/4.7.2/../../../../arm-none-eabi/lib/armv7-m/libcs3hosted.a(hosted-_exit.o)
 .debug_aranges
                0x00000200       0x20 /home/tools/CodeSourcery/Sourcery_CodeBench_for_ARM_EABI/bin/../lib/gcc/arm-none-eabi/4.7.2/../../../../arm-none-eabi/lib/armv7-m/libcs3hosted.a(hosted-_fstat.o)
 .debug_aranges
                0x00000220       0x20 /home/tools/CodeSourcery/Sourcery_CodeBench_for_ARM_EABI/bin/../lib/gcc/arm-none-eabi/4.7.2/../../../../arm-none-eabi/lib/armv7-m/libcs3hosted.a(hosted-isatty.o)
 .debug_aranges
                0x00000240       0x20 /home/tools/CodeSourcery/Sourcery_CodeBench_for_ARM_EABI/bin/../lib/gcc/arm-none-eabi/4.7.2/../../../../arm-none-eabi/lib/armv7-m/libcs3hosted.a(hosted-_lseek.o)
 .debug_aranges
                0x00000260       0x20 /home/tools/CodeSourcery/Sourcery_CodeBench_for_ARM_EABI/bin/../lib/gcc/arm-none-eabi/4.7.2/../../../../arm-none-eabi/lib/armv7-m/libcs3hosted.a(hosted-_read.o)
 .debug_aranges
                0x00000280       0x20 /home/tools/CodeSourcery/Sourcery_CodeBench_for_ARM_EABI/bin/../lib/gcc/arm-none-eabi/4.7.2/../../../../arm-none-eabi/lib/armv7-m/libcs3hosted.a(hosted-_write.o)
 .debug_aranges
                0x000002a0       0x20 /home/tools/CodeSourcery/Sourcery_CodeBench_for_ARM_EABI/bin/../lib/gcc/arm-none-eabi/4.7.2/../../../../arm-none-eabi/lib/armv7-m/libcs3hosted.a(hosted-sbrk.o)
 .debug_aranges
                0x000002c0       0x28 /home/tools/CodeSourcery/Sourcery_CodeBench_for_ARM_EABI/bin/../lib/gcc/arm-none-eabi/4.7.2/../../../../arm-none-eabi/lib/armv7-m/libcs3hosted.a(hosted-rdi.o)
 .debug_aranges
                0x000002e8       0x20 /home/tools/CodeSourcery/Sourcery_CodeBench_for_ARM_EABI/bin/../lib/gcc/arm-none-eabi/4.7.2/../../../../arm-none-eabi/lib/armv7-m/libcs3micro.a(micro_isr_interrupt.o)
 .debug_aranges
                0x00000308       0x20 /home/tools/CodeSourcery/Sourcery_CodeBench_for_ARM_EABI/bin/../lib/gcc/arm-none-eabi/4.7.2/../../../../arm-none-eabi/lib/armv7-m/libcs3micro.a(micro_isr_nmi.o)
 .debug_aranges
                0x00000328       0x20 /home/tools/CodeSourcery/Sourcery_CodeBench_for_ARM_EABI/bin/../lib/gcc/arm-none-eabi/4.7.2/../../../../arm-none-eabi/lib/armv7-m/libcs3micro.a(micro_isr_hard_fault.o)
 .debug_aranges
                0x00000348       0x20 /home/tools/CodeSourcery/Sourcery_CodeBench_for_ARM_EABI/bin/../lib/gcc/arm-none-eabi/4.7.2/../../../../arm-none-eabi/lib/armv7-m/libcs3micro.a(micro_isr_mpu_fault.o)
 .debug_aranges
                0x00000368       0x20 /home/tools/CodeSourcery/Sourcery_CodeBench_for_ARM_EABI/bin/../lib/gcc/arm-none-eabi/4.7.2/../../../../arm-none-eabi/lib/armv7-m/libcs3micro.a(micro_isr_bus_fault.o)
 .debug_aranges
                0x00000388       0x20 /home/tools/CodeSourcery/Sourcery_CodeBench_for_ARM_EABI/bin/../lib/gcc/arm-none-eabi/4.7.2/../../../../arm-none-eabi/lib/armv7-m/libcs3micro.a(micro_isr_usage_fault.o)
 .debug_aranges
                0x000003a8       0x20 /home/tools/CodeSourcery/Sourcery_CodeBench_for_ARM_EABI/bin/../lib/gcc/arm-none-eabi/4.7.2/../../../../arm-none-eabi/lib/armv7-m/libcs3micro.a(micro_isr_svcall.o)
 .debug_aranges
                0x000003c8       0x20 /home/tools/CodeSourcery/Sourcery_CodeBench_for_ARM_EABI/bin/../lib/gcc/arm-none-eabi/4.7.2/../../../../arm-none-eabi/lib/armv7-m/libcs3micro.a(micro_isr_debug.o)
 .debug_aranges
                0x000003e8       0x20 /home/tools/CodeSourcery/Sourcery_CodeBench_for_ARM_EABI/bin/../lib/gcc/arm-none-eabi/4.7.2/../../../../arm-none-eabi/lib/armv7-m/libcs3micro.a(micro_isr_pendsv.o)
 .debug_aranges
                0x00000408       0x20 /home/tools/CodeSourcery/Sourcery_CodeBench_for_ARM_EABI/bin/../lib/gcc/arm-none-eabi/4.7.2/../../../../arm-none-eabi/lib/armv7-m/libcs3micro.a(micro_isr_systick.o)

.debug_pubnames
 *(.debug_pubnames)

.debug_info     0x00000000     0x35aa
 *(.debug_info .gnu.linkonce.wi.*)
 .debug_info    0x00000000      0x397 /home/jon/VistaModels/ARM/m3/CBwork/AEShw/Debug/Test.o
 .debug_info    0x00000397       0xbf /home/tools/CodeSourcery/Sourcery_CodeBench_for_ARM_EABI/bin/../lib/gcc/arm-none-eabi/4.7.2/armv7-m/libgcc.a(_arm_addsubdf3.o)
 .debug_info    0x00000456       0xbf /home/tools/CodeSourcery/Sourcery_CodeBench_for_ARM_EABI/bin/../lib/gcc/arm-none-eabi/4.7.2/armv7-m/libgcc.a(_arm_muldivdf3.o)
 .debug_info    0x00000515       0xbf /home/tools/CodeSourcery/Sourcery_CodeBench_for_ARM_EABI/bin/../lib/gcc/arm-none-eabi/4.7.2/armv7-m/libgcc.a(_arm_cmpdf2.o)
 .debug_info    0x000005d4       0xbf /home/tools/CodeSourcery/Sourcery_CodeBench_for_ARM_EABI/bin/../lib/gcc/arm-none-eabi/4.7.2/armv7-m/libgcc.a(_arm_fixdfsi.o)
 .debug_info    0x00000693       0xba /home/tools/CodeSourcery/Sourcery_CodeBench_for_ARM_EABI/bin/../lib/gcc/arm-none-eabi/4.7.2/armv7-m/libgcc.a(_aeabi_uldivmod.o)
 .debug_info    0x0000074d      0x170 /home/tools/CodeSourcery/Sourcery_CodeBench_for_ARM_EABI/bin/../lib/gcc/arm-none-eabi/4.7.2/armv7-m/libgcc.a(bpabi.o)
 .debug_info    0x000008bd       0xbe /home/tools/CodeSourcery/Sourcery_CodeBench_for_ARM_EABI/bin/../lib/gcc/arm-none-eabi/4.7.2/armv7-m/libgcc.a(_dvmd_tls.o)
 .debug_info    0x0000097b      0x689 /home/tools/CodeSourcery/Sourcery_CodeBench_for_ARM_EABI/bin/../lib/gcc/arm-none-eabi/4.7.2/armv7-m/libgcc.a(_divdi3.o)
 .debug_info    0x00001004      0x64c /home/tools/CodeSourcery/Sourcery_CodeBench_for_ARM_EABI/bin/../lib/gcc/arm-none-eabi/4.7.2/armv7-m/libgcc.a(_udivdi3.o)
 .debug_info    0x00001650       0xce /home/tools/CodeSourcery/Sourcery_CodeBench_for_ARM_EABI/bin/../lib/gcc/arm-none-eabi/4.7.2/../../../../arm-none-eabi/lib/armv7-m/libcs3.a(start-sim.o)
 .debug_info    0x0000171e      0x248 /home/tools/CodeSourcery/Sourcery_CodeBench_for_ARM_EABI/bin/../lib/gcc/arm-none-eabi/4.7.2/../../../../arm-none-eabi/lib/armv7-m/libcs3.a(start_c.o)
 .debug_info    0x00001966       0x42 /home/tools/CodeSourcery/Sourcery_CodeBench_for_ARM_EABI/bin/../lib/gcc/arm-none-eabi/4.7.2/../../../../arm-none-eabi/lib/armv7-m/libcs3.a(heap.o)
 .debug_info    0x000019a8       0xd5 /home/tools/CodeSourcery/Sourcery_CodeBench_for_ARM_EABI/bin/../lib/gcc/arm-none-eabi/4.7.2/../../../../arm-none-eabi/lib/armv7-m/libcs3.a(qemu-micro-reset.o)
 .debug_info    0x00001a7d      0x172 /home/tools/CodeSourcery/Sourcery_CodeBench_for_ARM_EABI/bin/../lib/gcc/arm-none-eabi/4.7.2/../../../../arm-none-eabi/lib/armv7-m/libcs3hosted.a(hosted-_close.o)
 .debug_info    0x00001bef       0xcf /home/tools/CodeSourcery/Sourcery_CodeBench_for_ARM_EABI/bin/../lib/gcc/arm-none-eabi/4.7.2/../../../../arm-none-eabi/lib/armv7-m/libcs3hosted.a(hosted-_exit.o)
 .debug_info    0x00001cbe      0x39e /home/tools/CodeSourcery/Sourcery_CodeBench_for_ARM_EABI/bin/../lib/gcc/arm-none-eabi/4.7.2/../../../../arm-none-eabi/lib/armv7-m/libcs3hosted.a(hosted-_fstat.o)
 .debug_info    0x0000205c      0x166 /home/tools/CodeSourcery/Sourcery_CodeBench_for_ARM_EABI/bin/../lib/gcc/arm-none-eabi/4.7.2/../../../../arm-none-eabi/lib/armv7-m/libcs3hosted.a(hosted-isatty.o)
 .debug_info    0x000021c2      0x25c /home/tools/CodeSourcery/Sourcery_CodeBench_for_ARM_EABI/bin/../lib/gcc/arm-none-eabi/4.7.2/../../../../arm-none-eabi/lib/armv7-m/libcs3hosted.a(hosted-_lseek.o)
 .debug_info    0x0000241e      0x1c0 /home/tools/CodeSourcery/Sourcery_CodeBench_for_ARM_EABI/bin/../lib/gcc/arm-none-eabi/4.7.2/../../../../arm-none-eabi/lib/armv7-m/libcs3hosted.a(hosted-_read.o)
 .debug_info    0x000025de      0x1c5 /home/tools/CodeSourcery/Sourcery_CodeBench_for_ARM_EABI/bin/../lib/gcc/arm-none-eabi/4.7.2/../../../../arm-none-eabi/lib/armv7-m/libcs3hosted.a(hosted-_write.o)
 .debug_info    0x000027a3      0x10b /home/tools/CodeSourcery/Sourcery_CodeBench_for_ARM_EABI/bin/../lib/gcc/arm-none-eabi/4.7.2/../../../../arm-none-eabi/lib/armv7-m/libcs3hosted.a(hosted-sbrk.o)
 .debug_info    0x000028ae      0x4e6 /home/tools/CodeSourcery/Sourcery_CodeBench_for_ARM_EABI/bin/../lib/gcc/arm-none-eabi/4.7.2/../../../../arm-none-eabi/lib/armv7-m/libcs3hosted.a(hosted-rdi.o)
 .debug_info    0x00002d94       0xcf /home/tools/CodeSourcery/Sourcery_CodeBench_for_ARM_EABI/bin/../lib/gcc/arm-none-eabi/4.7.2/../../../../arm-none-eabi/lib/armv7-m/libcs3micro.a(micro_isr_interrupt.o)
 .debug_info    0x00002e63       0xcf /home/tools/CodeSourcery/Sourcery_CodeBench_for_ARM_EABI/bin/../lib/gcc/arm-none-eabi/4.7.2/../../../../arm-none-eabi/lib/armv7-m/libcs3micro.a(micro_isr_nmi.o)
 .debug_info    0x00002f32       0xcf /home/tools/CodeSourcery/Sourcery_CodeBench_for_ARM_EABI/bin/../lib/gcc/arm-none-eabi/4.7.2/../../../../arm-none-eabi/lib/armv7-m/libcs3micro.a(micro_isr_hard_fault.o)
 .debug_info    0x00003001       0xcf /home/tools/CodeSourcery/Sourcery_CodeBench_for_ARM_EABI/bin/../lib/gcc/arm-none-eabi/4.7.2/../../../../arm-none-eabi/lib/armv7-m/libcs3micro.a(micro_isr_mpu_fault.o)
 .debug_info    0x000030d0       0xcf /home/tools/CodeSourcery/Sourcery_CodeBench_for_ARM_EABI/bin/../lib/gcc/arm-none-eabi/4.7.2/../../../../arm-none-eabi/lib/armv7-m/libcs3micro.a(micro_isr_bus_fault.o)
 .debug_info    0x0000319f       0xcf /home/tools/CodeSourcery/Sourcery_CodeBench_for_ARM_EABI/bin/../lib/gcc/arm-none-eabi/4.7.2/../../../../arm-none-eabi/lib/armv7-m/libcs3micro.a(micro_isr_usage_fault.o)
 .debug_info    0x0000326e       0xcf /home/tools/CodeSourcery/Sourcery_CodeBench_for_ARM_EABI/bin/../lib/gcc/arm-none-eabi/4.7.2/../../../../arm-none-eabi/lib/armv7-m/libcs3micro.a(micro_isr_svcall.o)
 .debug_info    0x0000333d       0xcf /home/tools/CodeSourcery/Sourcery_CodeBench_for_ARM_EABI/bin/../lib/gcc/arm-none-eabi/4.7.2/../../../../arm-none-eabi/lib/armv7-m/libcs3micro.a(micro_isr_debug.o)
 .debug_info    0x0000340c       0xcf /home/tools/CodeSourcery/Sourcery_CodeBench_for_ARM_EABI/bin/../lib/gcc/arm-none-eabi/4.7.2/../../../../arm-none-eabi/lib/armv7-m/libcs3micro.a(micro_isr_pendsv.o)
 .debug_info    0x000034db       0xcf /home/tools/CodeSourcery/Sourcery_CodeBench_for_ARM_EABI/bin/../lib/gcc/arm-none-eabi/4.7.2/../../../../arm-none-eabi/lib/armv7-m/libcs3micro.a(micro_isr_systick.o)

.debug_abbrev   0x00000000     0x143d
 *(.debug_abbrev)
 .debug_abbrev  0x00000000      0x162 /home/jon/VistaModels/ARM/m3/CBwork/AEShw/Debug/Test.o
 .debug_abbrev  0x00000162       0x14 /home/tools/CodeSourcery/Sourcery_CodeBench_for_ARM_EABI/bin/../lib/gcc/arm-none-eabi/4.7.2/armv7-m/libgcc.a(_arm_addsubdf3.o)
 .debug_abbrev  0x00000176       0x14 /home/tools/CodeSourcery/Sourcery_CodeBench_for_ARM_EABI/bin/../lib/gcc/arm-none-eabi/4.7.2/armv7-m/libgcc.a(_arm_muldivdf3.o)
 .debug_abbrev  0x0000018a       0x14 /home/tools/CodeSourcery/Sourcery_CodeBench_for_ARM_EABI/bin/../lib/gcc/arm-none-eabi/4.7.2/armv7-m/libgcc.a(_arm_cmpdf2.o)
 .debug_abbrev  0x0000019e       0x14 /home/tools/CodeSourcery/Sourcery_CodeBench_for_ARM_EABI/bin/../lib/gcc/arm-none-eabi/4.7.2/armv7-m/libgcc.a(_arm_fixdfsi.o)
 .debug_abbrev  0x000001b2       0x14 /home/tools/CodeSourcery/Sourcery_CodeBench_for_ARM_EABI/bin/../lib/gcc/arm-none-eabi/4.7.2/armv7-m/libgcc.a(_aeabi_uldivmod.o)
 .debug_abbrev  0x000001c6       0xb5 /home/tools/CodeSourcery/Sourcery_CodeBench_for_ARM_EABI/bin/../lib/gcc/arm-none-eabi/4.7.2/armv7-m/libgcc.a(bpabi.o)
 .debug_abbrev  0x0000027b       0x14 /home/tools/CodeSourcery/Sourcery_CodeBench_for_ARM_EABI/bin/../lib/gcc/arm-none-eabi/4.7.2/armv7-m/libgcc.a(_dvmd_tls.o)
 .debug_abbrev  0x0000028f      0x15a /home/tools/CodeSourcery/Sourcery_CodeBench_for_ARM_EABI/bin/../lib/gcc/arm-none-eabi/4.7.2/armv7-m/libgcc.a(_divdi3.o)
 .debug_abbrev  0x000003e9      0x154 /home/tools/CodeSourcery/Sourcery_CodeBench_for_ARM_EABI/bin/../lib/gcc/arm-none-eabi/4.7.2/armv7-m/libgcc.a(_udivdi3.o)
 .debug_abbrev  0x0000053d       0x14 /home/tools/CodeSourcery/Sourcery_CodeBench_for_ARM_EABI/bin/../lib/gcc/arm-none-eabi/4.7.2/../../../../arm-none-eabi/lib/armv7-m/libcs3.a(start-sim.o)
 .debug_abbrev  0x00000551      0x143 /home/tools/CodeSourcery/Sourcery_CodeBench_for_ARM_EABI/bin/../lib/gcc/arm-none-eabi/4.7.2/../../../../arm-none-eabi/lib/armv7-m/libcs3.a(start_c.o)
 .debug_abbrev  0x00000694       0x42 /home/tools/CodeSourcery/Sourcery_CodeBench_for_ARM_EABI/bin/../lib/gcc/arm-none-eabi/4.7.2/../../../../arm-none-eabi/lib/armv7-m/libcs3.a(heap.o)
 .debug_abbrev  0x000006d6       0x14 /home/tools/CodeSourcery/Sourcery_CodeBench_for_ARM_EABI/bin/../lib/gcc/arm-none-eabi/4.7.2/../../../../arm-none-eabi/lib/armv7-m/libcs3.a(qemu-micro-reset.o)
 .debug_abbrev  0x000006ea      0x15d /home/tools/CodeSourcery/Sourcery_CodeBench_for_ARM_EABI/bin/../lib/gcc/arm-none-eabi/4.7.2/../../../../arm-none-eabi/lib/armv7-m/libcs3hosted.a(hosted-_close.o)
 .debug_abbrev  0x00000847       0xb6 /home/tools/CodeSourcery/Sourcery_CodeBench_for_ARM_EABI/bin/../lib/gcc/arm-none-eabi/4.7.2/../../../../arm-none-eabi/lib/armv7-m/libcs3hosted.a(hosted-_exit.o)
 .debug_abbrev  0x000008fd      0x180 /home/tools/CodeSourcery/Sourcery_CodeBench_for_ARM_EABI/bin/../lib/gcc/arm-none-eabi/4.7.2/../../../../arm-none-eabi/lib/armv7-m/libcs3hosted.a(hosted-_fstat.o)
 .debug_abbrev  0x00000a7d      0x14e /home/tools/CodeSourcery/Sourcery_CodeBench_for_ARM_EABI/bin/../lib/gcc/arm-none-eabi/4.7.2/../../../../arm-none-eabi/lib/armv7-m/libcs3hosted.a(hosted-isatty.o)
 .debug_abbrev  0x00000bcb      0x1a4 /home/tools/CodeSourcery/Sourcery_CodeBench_for_ARM_EABI/bin/../lib/gcc/arm-none-eabi/4.7.2/../../../../arm-none-eabi/lib/armv7-m/libcs3hosted.a(hosted-_lseek.o)
 .debug_abbrev  0x00000d6f      0x16a /home/tools/CodeSourcery/Sourcery_CodeBench_for_ARM_EABI/bin/../lib/gcc/arm-none-eabi/4.7.2/../../../../arm-none-eabi/lib/armv7-m/libcs3hosted.a(hosted-_read.o)
 .debug_abbrev  0x00000ed9      0x171 /home/tools/CodeSourcery/Sourcery_CodeBench_for_ARM_EABI/bin/../lib/gcc/arm-none-eabi/4.7.2/../../../../arm-none-eabi/lib/armv7-m/libcs3hosted.a(hosted-_write.o)
 .debug_abbrev  0x0000104a       0xf4 /home/tools/CodeSourcery/Sourcery_CodeBench_for_ARM_EABI/bin/../lib/gcc/arm-none-eabi/4.7.2/../../../../arm-none-eabi/lib/armv7-m/libcs3hosted.a(hosted-sbrk.o)
 .debug_abbrev  0x0000113e      0x237 /home/tools/CodeSourcery/Sourcery_CodeBench_for_ARM_EABI/bin/../lib/gcc/arm-none-eabi/4.7.2/../../../../arm-none-eabi/lib/armv7-m/libcs3hosted.a(hosted-rdi.o)
 .debug_abbrev  0x00001375       0x14 /home/tools/CodeSourcery/Sourcery_CodeBench_for_ARM_EABI/bin/../lib/gcc/arm-none-eabi/4.7.2/../../../../arm-none-eabi/lib/armv7-m/libcs3micro.a(micro_isr_interrupt.o)
 .debug_abbrev  0x00001389       0x14 /home/tools/CodeSourcery/Sourcery_CodeBench_for_ARM_EABI/bin/../lib/gcc/arm-none-eabi/4.7.2/../../../../arm-none-eabi/lib/armv7-m/libcs3micro.a(micro_isr_nmi.o)
 .debug_abbrev  0x0000139d       0x14 /home/tools/CodeSourcery/Sourcery_CodeBench_for_ARM_EABI/bin/../lib/gcc/arm-none-eabi/4.7.2/../../../../arm-none-eabi/lib/armv7-m/libcs3micro.a(micro_isr_hard_fault.o)
 .debug_abbrev  0x000013b1       0x14 /home/tools/CodeSourcery/Sourcery_CodeBench_for_ARM_EABI/bin/../lib/gcc/arm-none-eabi/4.7.2/../../../../arm-none-eabi/lib/armv7-m/libcs3micro.a(micro_isr_mpu_fault.o)
 .debug_abbrev  0x000013c5       0x14 /home/tools/CodeSourcery/Sourcery_CodeBench_for_ARM_EABI/bin/../lib/gcc/arm-none-eabi/4.7.2/../../../../arm-none-eabi/lib/armv7-m/libcs3micro.a(micro_isr_bus_fault.o)
 .debug_abbrev  0x000013d9       0x14 /home/tools/CodeSourcery/Sourcery_CodeBench_for_ARM_EABI/bin/../lib/gcc/arm-none-eabi/4.7.2/../../../../arm-none-eabi/lib/armv7-m/libcs3micro.a(micro_isr_usage_fault.o)
 .debug_abbrev  0x000013ed       0x14 /home/tools/CodeSourcery/Sourcery_CodeBench_for_ARM_EABI/bin/../lib/gcc/arm-none-eabi/4.7.2/../../../../arm-none-eabi/lib/armv7-m/libcs3micro.a(micro_isr_svcall.o)
 .debug_abbrev  0x00001401       0x14 /home/tools/CodeSourcery/Sourcery_CodeBench_for_ARM_EABI/bin/../lib/gcc/arm-none-eabi/4.7.2/../../../../arm-none-eabi/lib/armv7-m/libcs3micro.a(micro_isr_debug.o)
 .debug_abbrev  0x00001415       0x14 /home/tools/CodeSourcery/Sourcery_CodeBench_for_ARM_EABI/bin/../lib/gcc/arm-none-eabi/4.7.2/../../../../arm-none-eabi/lib/armv7-m/libcs3micro.a(micro_isr_pendsv.o)
 .debug_abbrev  0x00001429       0x14 /home/tools/CodeSourcery/Sourcery_CodeBench_for_ARM_EABI/bin/../lib/gcc/arm-none-eabi/4.7.2/../../../../arm-none-eabi/lib/armv7-m/libcs3micro.a(micro_isr_systick.o)

.debug_line     0x00000000     0x1bfc
 *(.debug_line)
 .debug_line    0x00000000      0x37d /home/jon/VistaModels/ARM/m3/CBwork/AEShw/Debug/Test.o
 .debug_line    0x0000037d      0x213 /home/tools/CodeSourcery/Sourcery_CodeBench_for_ARM_EABI/bin/../lib/gcc/arm-none-eabi/4.7.2/armv7-m/libgcc.a(_arm_addsubdf3.o)
 .debug_line    0x00000590      0x22f /home/tools/CodeSourcery/Sourcery_CodeBench_for_ARM_EABI/bin/../lib/gcc/arm-none-eabi/4.7.2/armv7-m/libgcc.a(_arm_muldivdf3.o)
 .debug_line    0x000007bf      0x115 /home/tools/CodeSourcery/Sourcery_CodeBench_for_ARM_EABI/bin/../lib/gcc/arm-none-eabi/4.7.2/armv7-m/libgcc.a(_arm_cmpdf2.o)