Archive member included because of file (symbol)

/home/tools/CodeSourcery/Sourcery_CodeBench_for_ARM_EABI/bin/../lib/gcc/arm-none-eabi/4.7.2/../../../../arm-none-eabi/lib/armv7-m/libc.a(lib_a-atexit.o)
                              (atexit)
/home/tools/CodeSourcery/Sourcery_CodeBench_for_ARM_EABI/bin/../lib/gcc/arm-none-eabi/4.7.2/../../../../arm-none-eabi/lib/armv7-m/libc.a(lib_a-exit.o)
                              (exit)
/home/tools/CodeSourcery/Sourcery_CodeBench_for_ARM_EABI/bin/../lib/gcc/arm-none-eabi/4.7.2/../../../../arm-none-eabi/lib/armv7-m/libc.a(lib_a-__atexit.o)
                              /home/tools/CodeSourcery/Sourcery_CodeBench_for_ARM_EABI/bin/../lib/gcc/arm-none-eabi/4.7.2/../../../../arm-none-eabi/lib/armv7-m/libc.a(lib_a-atexit.o) (__register_exitproc)
/home/tools/CodeSourcery/Sourcery_CodeBench_for_ARM_EABI/bin/../lib/gcc/arm-none-eabi/4.7.2/../../../../arm-none-eabi/lib/armv7-m/libc.a(lib_a-__atexitg.o)
                              /home/tools/CodeSourcery/Sourcery_CodeBench_for_ARM_EABI/bin/../lib/gcc/arm-none-eabi/4.7.2/../../../../arm-none-eabi/lib/armv7-m/libc.a(lib_a-__atexit.o) (_cslibc_global__atexit0)
/home/tools/CodeSourcery/Sourcery_CodeBench_for_ARM_EABI/bin/../lib/gcc/arm-none-eabi/4.7.2/../../../../arm-none-eabi/lib/armv7-m/libc.a(lib_a-__call_atexit.o)
                              /home/tools/CodeSourcery/Sourcery_CodeBench_for_ARM_EABI/bin/../lib/gcc/arm-none-eabi/4.7.2/../../../../arm-none-eabi/lib/armv7-m/libc.a(lib_a-exit.o) (__call_exitprocs)
/home/tools/CodeSourcery/Sourcery_CodeBench_for_ARM_EABI/bin/../lib/gcc/arm-none-eabi/4.7.2/../../../../arm-none-eabi/lib/armv7-m/libc.a(lib_a-cleanupg.o)
                              /home/tools/CodeSourcery/Sourcery_CodeBench_for_ARM_EABI/bin/../lib/gcc/arm-none-eabi/4.7.2/../../../../arm-none-eabi/lib/armv7-m/libc.a(lib_a-exit.o) (_cslibc_global___cleanup)
/home/tools/CodeSourcery/Sourcery_CodeBench_for_ARM_EABI/bin/../lib/gcc/arm-none-eabi/4.7.2/../../../../arm-none-eabi/lib/armv7-m/libc.a(lib_a-fini.o)
                              /home/tools/CodeSourcery/Sourcery_CodeBench_for_ARM_EABI/bin/../lib/gcc/arm-none-eabi/4.7.2/../../../../arm-none-eabi/lib/armv7-m/libc.a(lib_a-__call_atexit.o) (__libc_fini_array)
/home/tools/CodeSourcery/Sourcery_CodeBench_for_ARM_EABI/bin/../lib/gcc/arm-none-eabi/4.7.2/../../../../arm-none-eabi/lib/armv7-m/libcs3.a(start_c.o)
                              (__cs3_start_c)
/home/tools/CodeSourcery/Sourcery_CodeBench_for_ARM_EABI/bin/../lib/gcc/arm-none-eabi/4.7.2/../../../../arm-none-eabi/lib/armv7-m/libcs3hosted.a(hosted-_exit.o)
                              /home/tools/CodeSourcery/Sourcery_CodeBench_for_ARM_EABI/bin/../lib/gcc/arm-none-eabi/4.7.2/../../../../arm-none-eabi/lib/armv7-m/libc.a(lib_a-exit.o) (_exit)
/home/tools/CodeSourcery/Sourcery_CodeBench_for_ARM_EABI/bin/../lib/gcc/arm-none-eabi/4.7.2/../../../../arm-none-eabi/lib/armv7-m/libcs3hosted.a(hosted-start.o)
                              (_start)
/home/tools/CodeSourcery/Sourcery_CodeBench_for_ARM_EABI/bin/../lib/gcc/arm-none-eabi/4.7.2/../../../../arm-none-eabi/lib/armv7-m/libcs3micro.a(micro-vector.o)
                              (__cs3_interrupt_vector_micro)
/home/tools/CodeSourcery/Sourcery_CodeBench_for_ARM_EABI/bin/../lib/gcc/arm-none-eabi/4.7.2/../../../../arm-none-eabi/lib/armv7-m/libcs3micro.a(micro_isr_interrupt.o)
                              (__cs3_isr_reserved_7)
/home/tools/CodeSourcery/Sourcery_CodeBench_for_ARM_EABI/bin/../lib/gcc/arm-none-eabi/4.7.2/../../../../arm-none-eabi/lib/armv7-m/libcs3micro.a(micro_isr_nmi.o)
                              (__cs3_isr_nmi)
/home/tools/CodeSourcery/Sourcery_CodeBench_for_ARM_EABI/bin/../lib/gcc/arm-none-eabi/4.7.2/../../../../arm-none-eabi/lib/armv7-m/libcs3micro.a(micro_isr_hard_fault.o)
                              (__cs3_isr_hard_fault)
/home/tools/CodeSourcery/Sourcery_CodeBench_for_ARM_EABI/bin/../lib/gcc/arm-none-eabi/4.7.2/../../../../arm-none-eabi/lib/armv7-m/libcs3micro.a(micro_isr_mpu_fault.o)
                              (__cs3_isr_mpu_fault)
/home/tools/CodeSourcery/Sourcery_CodeBench_for_ARM_EABI/bin/../lib/gcc/arm-none-eabi/4.7.2/../../../../arm-none-eabi/lib/armv7-m/libcs3micro.a(micro_isr_bus_fault.o)
                              (__cs3_isr_bus_fault)
/home/tools/CodeSourcery/Sourcery_CodeBench_for_ARM_EABI/bin/../lib/gcc/arm-none-eabi/4.7.2/../../../../arm-none-eabi/lib/armv7-m/libcs3micro.a(micro_isr_usage_fault.o)
                              (__cs3_isr_usage_fault)
/home/tools/CodeSourcery/Sourcery_CodeBench_for_ARM_EABI/bin/../lib/gcc/arm-none-eabi/4.7.2/../../../../arm-none-eabi/lib/armv7-m/libcs3micro.a(micro_isr_svcall.o)
                              (__cs3_isr_svcall)
/home/tools/CodeSourcery/Sourcery_CodeBench_for_ARM_EABI/bin/../lib/gcc/arm-none-eabi/4.7.2/../../../../arm-none-eabi/lib/armv7-m/libcs3micro.a(micro_isr_debug.o)
                              (__cs3_isr_debug)
/home/tools/CodeSourcery/Sourcery_CodeBench_for_ARM_EABI/bin/../lib/gcc/arm-none-eabi/4.7.2/../../../../arm-none-eabi/lib/armv7-m/libcs3micro.a(micro_isr_pendsv.o)
                              (__cs3_isr_pendsv)
/home/tools/CodeSourcery/Sourcery_CodeBench_for_ARM_EABI/bin/../lib/gcc/arm-none-eabi/4.7.2/../../../../arm-none-eabi/lib/armv7-m/libcs3micro.a(micro_isr_systick.o)
                              (__cs3_isr_systick)
/home/tools/CodeSourcery/Sourcery_CodeBench_for_ARM_EABI/bin/../lib/gcc/arm-none-eabi/4.7.2/../../../../arm-none-eabi/lib/armv7-m/libc.a(lib_a-init.o)
                              /home/tools/CodeSourcery/Sourcery_CodeBench_for_ARM_EABI/bin/../lib/gcc/arm-none-eabi/4.7.2/../../../../arm-none-eabi/lib/armv7-m/libcs3.a(start_c.o) (__libc_init_array)

Discarded input sections

 .group         0x00000000        0x8 /home/jon/VistaModels/ARM/m3/CBwork/Vista-CM3/Debug/src/demo.o
 .group         0x00000000        0x8 /home/jon/VistaModels/ARM/m3/CBwork/Vista-CM3/Debug/src/demo.o
 .group         0x00000000        0x8 /home/jon/VistaModels/ARM/m3/CBwork/Vista-CM3/Debug/src/demo.o
 .group         0x00000000        0x8 /home/jon/VistaModels/ARM/m3/CBwork/Vista-CM3/Debug/src/demo.o
 .group         0x00000000        0x8 /home/jon/VistaModels/ARM/m3/CBwork/Vista-CM3/Debug/src/demo.o
 .group         0x00000000        0x8 /home/jon/VistaModels/ARM/m3/CBwork/Vista-CM3/Debug/src/demo.o
 .group         0x00000000        0x8 /home/jon/VistaModels/ARM/m3/CBwork/Vista-CM3/Debug/src/demo.o
 .group         0x00000000        0x8 /home/jon/VistaModels/ARM/m3/CBwork/Vista-CM3/Debug/CMSIS/system_VistaCM3.o
 .group         0x00000000        0x8 /home/jon/VistaModels/ARM/m3/CBwork/Vista-CM3/Debug/CMSIS/system_VistaCM3.o
 .group         0x00000000        0x8 /home/jon/VistaModels/ARM/m3/CBwork/Vista-CM3/Debug/CMSIS/system_VistaCM3.o
 .group         0x00000000        0x8 /home/jon/VistaModels/ARM/m3/CBwork/Vista-CM3/Debug/CMSIS/system_VistaCM3.o
 .group         0x00000000        0x8 /home/jon/VistaModels/ARM/m3/CBwork/Vista-CM3/Debug/CMSIS/system_VistaCM3.o
 .group         0x00000000        0x8 /home/jon/VistaModels/ARM/m3/CBwork/Vista-CM3/Debug/CMSIS/system_VistaCM3.o
 .group         0x00000000        0x8 /home/jon/VistaModels/ARM/m3/CBwork/Vista-CM3/Debug/CMSIS/system_VistaCM3.o
 .debug_macro   0x00000000      0x808 /home/jon/VistaModels/ARM/m3/CBwork/Vista-CM3/Debug/CMSIS/system_VistaCM3.o
 .debug_macro   0x00000000      0x215 /home/jon/VistaModels/ARM/m3/CBwork/Vista-CM3/Debug/CMSIS/system_VistaCM3.o
 .debug_macro   0x00000000       0x28 /home/jon/VistaModels/ARM/m3/CBwork/Vista-CM3/Debug/CMSIS/system_VistaCM3.o
 .debug_macro   0x00000000       0x3a /home/jon/VistaModels/ARM/m3/CBwork/Vista-CM3/Debug/CMSIS/system_VistaCM3.o
 .debug_macro   0x00000000       0x18 /home/jon/VistaModels/ARM/m3/CBwork/Vista-CM3/Debug/CMSIS/system_VistaCM3.o
 .debug_macro   0x00000000      0xa7d /home/jon/VistaModels/ARM/m3/CBwork/Vista-CM3/Debug/CMSIS/system_VistaCM3.o
 .debug_macro   0x00000000       0x43 /home/jon/VistaModels/ARM/m3/CBwork/Vista-CM3/Debug/CMSIS/system_VistaCM3.o

Memory Configuration

Name             Origin             Length             Attributes
ram              0x20000000         0x00010000         xrw
rom              0x00000000         0x00040000         xr
*default*        0x00000000         0xffffffff

Linker script and memory map

LOAD /home/tools/CodeSourcery/Sourcery_CodeBench_for_ARM_EABI/bin/../lib/gcc/arm-none-eabi/4.7.2/armv7-m/crti.o
LOAD /home/tools/CodeSourcery/Sourcery_CodeBench_for_ARM_EABI/bin/../lib/gcc/arm-none-eabi/4.7.2/armv7-m/crtbegin.o
LOAD /home/jon/VistaModels/ARM/m3/CBwork/Vista-CM3/Debug/src/demo.o
LOAD /home/jon/VistaModels/ARM/m3/CBwork/Vista-CM3/Debug/Vista-Cortex-M3-reset.o
LOAD /home/jon/VistaModels/ARM/m3/CBwork/Vista-CM3/Debug/CMSIS/system_VistaCM3.o
START GROUP
LOAD /home/tools/CodeSourcery/Sourcery_CodeBench_for_ARM_EABI/bin/../lib/gcc/arm-none-eabi/4.7.2/armv7-m/libgcc.a
LOAD /home/tools/CodeSourcery/Sourcery_CodeBench_for_ARM_EABI/bin/../lib/gcc/arm-none-eabi/4.7.2/../../../../arm-none-eabi/lib/armv7-m/libc.a
END GROUP
LOAD /home/tools/CodeSourcery/Sourcery_CodeBench_for_ARM_EABI/bin/../lib/gcc/arm-none-eabi/4.7.2/armv7-m/crtend.o
LOAD /home/tools/CodeSourcery/Sourcery_CodeBench_for_ARM_EABI/bin/../lib/gcc/arm-none-eabi/4.7.2/armv7-m/crtn.o
START GROUP
LOAD /home/tools/CodeSourcery/Sourcery_CodeBench_for_ARM_EABI/bin/../lib/gcc/arm-none-eabi/4.7.2/armv7-m/libgcc.a
LOAD /home/tools/CodeSourcery/Sourcery_CodeBench_for_ARM_EABI/bin/../lib/gcc/arm-none-eabi/4.7.2/../../../../arm-none-eabi/lib/armv7-m/libc.a
LOAD /home/tools/CodeSourcery/Sourcery_CodeBench_for_ARM_EABI/bin/../lib/gcc/arm-none-eabi/4.7.2/../../../../arm-none-eabi/lib/armv7-m/libcs3.a
LOAD /home/tools/CodeSourcery/Sourcery_CodeBench_for_ARM_EABI/bin/../lib/gcc/arm-none-eabi/4.7.2/../../../../arm-none-eabi/lib/armv7-m/libcs3hosted.a
LOAD /home/tools/CodeSourcery/Sourcery_CodeBench_for_ARM_EABI/bin/../lib/gcc/arm-none-eabi/4.7.2/../../../../arm-none-eabi/lib/armv7-m/libcs3micro.a
END GROUP
                0x200000c8                PROVIDE (__cs3_heap_start, _end)
                0x20010000                PROVIDE (__cs3_heap_end, (__cs3_region_start_ram + __cs3_region_size_ram))
                0x00000001                PROVIDE (__cs3_region_num, ((__cs3_regions_end - __cs3_regions) / 0x14))
                0x000005ac                __libc_fini = _fini
                0x20010000                PROVIDE (__cs3_stack, (__cs3_region_start_ram + __cs3_region_size_ram))

.text           0x00000000      0x594
 CREATE_OBJECT_SYMBOLS
                0x00000000                __cs3_region_start_rom = .
                0x00000000                _ftext = .
 *(.cs3.region-head.rom)
                0x00000000                __cs3_interrupt_vector = __cs3_interrupt_vector_micro
 *(.cs3.interrupt_vector)
 .cs3.interrupt_vector
                0x00000000       0xc0 /home/tools/CodeSourcery/Sourcery_CodeBench_for_ARM_EABI/bin/../lib/gcc/arm-none-eabi/4.7.2/../../../../arm-none-eabi/lib/armv7-m/libcs3micro.a(micro-vector.o)
                0x00000000                __cs3_interrupt_vector_micro
                0x00000001                ASSERT ((. != __cs3_interrupt_vector_micro), No interrupt vector)
                0x000000c0                PROVIDE (__cs3_reset, __cs3_reset_Vista_Cortex_M3)
 *(.cs3.reset)
 .cs3.reset     0x000000c0       0x18 /home/jon/VistaModels/ARM/m3/CBwork/Vista-CM3/Debug/Vista-Cortex-M3-reset.o
                0x000000c0                __cs3_reset_Vista_Cortex_M3
                [0x00000130]                _start = DEFINED (__cs3_start_asm)?__cs3_start_asm:_start
 *(.text.cs3.init)
 .text.cs3.init
                0x000000d8       0x58 /home/tools/CodeSourcery/Sourcery_CodeBench_for_ARM_EABI/bin/../lib/gcc/arm-none-eabi/4.7.2/../../../../arm-none-eabi/lib/armv7-m/libcs3.a(start_c.o)
                0x000000d8                __cs3_start_c
 .text.cs3.init
                0x00000130       0x10 /home/tools/CodeSourcery/Sourcery_CodeBench_for_ARM_EABI/bin/../lib/gcc/arm-none-eabi/4.7.2/../../../../arm-none-eabi/lib/armv7-m/libcs3hosted.a(hosted-start.o)
                0x00000130                _start
 *(.text .text.* .gnu.linkonce.t.*)
 .text          0x00000140        0x0 /home/tools/CodeSourcery/Sourcery_CodeBench_for_ARM_EABI/bin/../lib/gcc/arm-none-eabi/4.7.2/armv7-m/crti.o
 .text          0x00000140       0xb0 /home/tools/CodeSourcery/Sourcery_CodeBench_for_ARM_EABI/bin/../lib/gcc/arm-none-eabi/4.7.2/armv7-m/crtbegin.o
 .text          0x000001f0       0xdc /home/jon/VistaModels/ARM/m3/CBwork/Vista-CM3/Debug/src/demo.o
                0x00000224                main
                0x000002a0                __cs3_isr_external_1
 .text          0x000002cc        0x0 /home/jon/VistaModels/ARM/m3/CBwork/Vista-CM3/Debug/Vista-Cortex-M3-reset.o
 .text          0x000002cc       0x30 /home/jon/VistaModels/ARM/m3/CBwork/Vista-CM3/Debug/CMSIS/system_VistaCM3.o
                0x000002cc                SystemCoreClockUpdate
                0x000002e4                SystemInit
 .text          0x000002fc        0xc /home/tools/CodeSourcery/Sourcery_CodeBench_for_ARM_EABI/bin/../lib/gcc/arm-none-eabi/4.7.2/../../../../arm-none-eabi/lib/armv7-m/libc.a(lib_a-atexit.o)
                0x000002fc                atexit
 .text          0x00000308       0x1c /home/tools/CodeSourcery/Sourcery_CodeBench_for_ARM_EABI/bin/../lib/gcc/arm-none-eabi/4.7.2/../../../../arm-none-eabi/lib/armv7-m/libc.a(lib_a-exit.o)
                0x00000308                exit
 .text          0x00000324       0xb0 /home/tools/CodeSourcery/Sourcery_CodeBench_for_ARM_EABI/bin/../lib/gcc/arm-none-eabi/4.7.2/../../../../arm-none-eabi/lib/armv7-m/libc.a(lib_a-__atexit.o)
                0x00000324                __register_exitproc
 .text          0x000003d4        0x0 /home/tools/CodeSourcery/Sourcery_CodeBench_for_ARM_EABI/bin/../lib/gcc/arm-none-eabi/4.7.2/../../../../arm-none-eabi/lib/armv7-m/libc.a(lib_a-__atexitg.o)
 .text          0x000003d4       0xdc /home/tools/CodeSourcery/Sourcery_CodeBench_for_ARM_EABI/bin/../lib/gcc/arm-none-eabi/4.7.2/../../../../arm-none-eabi/lib/armv7-m/libc.a(lib_a-__call_atexit.o)
                0x000003d4                __call_exitprocs
 .text.startup  0x000004b0       0x14 /home/tools/CodeSourcery/Sourcery_CodeBench_for_ARM_EABI/bin/../lib/gcc/arm-none-eabi/4.7.2/../../../../arm-none-eabi/lib/armv7-m/libc.a(lib_a-__call_atexit.o)
 .text          0x000004c4        0x0 /home/tools/CodeSourcery/Sourcery_CodeBench_for_ARM_EABI/bin/../lib/gcc/arm-none-eabi/4.7.2/../../../../arm-none-eabi/lib/armv7-m/libc.a(lib_a-cleanupg.o)
 .text          0x000004c4       0x30 /home/tools/CodeSourcery/Sourcery_CodeBench_for_ARM_EABI/bin/../lib/gcc/arm-none-eabi/4.7.2/../../../../arm-none-eabi/lib/armv7-m/libc.a(lib_a-fini.o)
                0x000004c4                __libc_fini_array
 .text          0x000004f4        0x0 /home/tools/CodeSourcery/Sourcery_CodeBench_for_ARM_EABI/bin/../lib/gcc/arm-none-eabi/4.7.2/armv7-m/crtend.o
 .text          0x000004f4        0x0 /home/tools/CodeSourcery/Sourcery_CodeBench_for_ARM_EABI/bin/../lib/gcc/arm-none-eabi/4.7.2/armv7-m/crtn.o
 .text          0x000004f4       0x30 /home/tools/CodeSourcery/Sourcery_CodeBench_for_ARM_EABI/bin/../lib/gcc/arm-none-eabi/4.7.2/../../../../arm-none-eabi/lib/armv7-m/libcs3.a(start_c.o)
                0x000004f4                __cs3_premain
 .text          0x00000524       0x10 /home/tools/CodeSourcery/Sourcery_CodeBench_for_ARM_EABI/bin/../lib/gcc/arm-none-eabi/4.7.2/../../../../arm-none-eabi/lib/armv7-m/libcs3hosted.a(hosted-_exit.o)
                0x00000524                _exit
 .text          0x00000534        0x0 /home/tools/CodeSourcery/Sourcery_CodeBench_for_ARM_EABI/bin/../lib/gcc/arm-none-eabi/4.7.2/../../../../arm-none-eabi/lib/armv7-m/libcs3hosted.a(hosted-start.o)
 .text          0x00000534        0x0 /home/tools/CodeSourcery/Sourcery_CodeBench_for_ARM_EABI/bin/../lib/gcc/arm-none-eabi/4.7.2/../../../../arm-none-eabi/lib/armv7-m/libcs3micro.a(micro-vector.o)
 .text          0x00000534        0x2 /home/tools/CodeSourcery/Sourcery_CodeBench_for_ARM_EABI/bin/../lib/gcc/arm-none-eabi/4.7.2/../../../../arm-none-eabi/lib/armv7-m/libcs3micro.a(micro_isr_interrupt.o)
                0x00000534                __cs3_isr_external_24
                0x00000534                __cs3_isr_external_9
                0x00000534                __cs3_isr_external_14
                0x00000534                __cs3_isr_reserved_9
                0x00000534                __cs3_isr_external_4
                0x00000534                __cs3_isr_external_21
                0x00000534                __cs3_isr_external_0
                0x00000534                __cs3_isr_external_27
                0x00000534                __cs3_isr_external_11
                0x00000534                __cs3_isr_external_3
                0x00000534                __cs3_isr_external_16
                0x00000534                __cs3_isr_external_31
                0x00000534                __cs3_isr_external_5
                0x00000534                __cs3_isr_external_6
                0x00000534                __cs3_isr_external_12
                0x00000534                __cs3_isr_external_13
                0x00000534                __cs3_isr_external_30
                0x00000534                __cs3_isr_external_23
                0x00000534                __cs3_isr_external_20
                0x00000534                __cs3_isr_reserved_13
                0x00000534                __cs3_isr_external_8
                0x00000534                __cs3_isr_external_26
                0x00000534                __cs3_isr_reserved_8
                0x00000534                __cs3_isr_reserved_7
                0x00000534                __cs3_isr_external_7
                0x00000534                __cs3_isr_external_28
                0x00000534                __cs3_isr_external_22
                0x00000534                __cs3_isr_external_10
                0x00000534                __cs3_isr_external_15
                0x00000534                __cs3_isr_interrupt
                0x00000534                __cs3_isr_external_18
                0x00000534                __cs3_isr_external_29
                0x00000534                __cs3_isr_external_25
                0x00000534                __cs3_isr_reserved_10
                0x00000534                __cs3_isr_external_2
                0x00000534                __cs3_isr_external_17
                0x00000534                __cs3_isr_external_19
 .text          0x00000536        0x2 /home/tools/CodeSourcery/Sourcery_CodeBench_for_ARM_EABI/bin/../lib/gcc/arm-none-eabi/4.7.2/../../../../arm-none-eabi/lib/armv7-m/libcs3micro.a(micro_isr_nmi.o)
                0x00000536                __cs3_isr_nmi
 .text          0x00000538        0x2 /home/tools/CodeSourcery/Sourcery_CodeBench_for_ARM_EABI/bin/../lib/gcc/arm-none-eabi/4.7.2/../../../../arm-none-eabi/lib/armv7-m/libcs3micro.a(micro_isr_hard_fault.o)
                0x00000538                __cs3_isr_hard_fault
 .text          0x0000053a        0x2 /home/tools/CodeSourcery/Sourcery_CodeBench_for_ARM_EABI/bin/../lib/gcc/arm-none-eabi/4.7.2/../../../../arm-none-eabi/lib/armv7-m/libcs3micro.a(micro_isr_mpu_fault.o)
                0x0000053a                __cs3_isr_mpu_fault
 .text          0x0000053c        0x2 /home/tools/CodeSourcery/Sourcery_CodeBench_for_ARM_EABI/bin/../lib/gcc/arm-none-eabi/4.7.2/../../../../arm-none-eabi/lib/armv7-m/libcs3micro.a(micro_isr_bus_fault.o)
                0x0000053c                __cs3_isr_bus_fault
 .text          0x0000053e        0x2 /home/tools/CodeSourcery/Sourcery_CodeBench_for_ARM_EABI/bin/../lib/gcc/arm-none-eabi/4.7.2/../../../../arm-none-eabi/lib/armv7-m/libcs3micro.a(micro_isr_usage_fault.o)
                0x0000053e                __cs3_isr_usage_fault
 .text          0x00000540        0x2 /home/tools/CodeSourcery/Sourcery_CodeBench_for_ARM_EABI/bin/../lib/gcc/arm-none-eabi/4.7.2/../../../../arm-none-eabi/lib/armv7-m/libcs3micro.a(micro_isr_svcall.o)
                0x00000540                __cs3_isr_svcall
 .text          0x00000542        0x2 /home/tools/CodeSourcery/Sourcery_CodeBench_for_ARM_EABI/bin/../lib/gcc/arm-none-eabi/4.7.2/../../../../arm-none-eabi/lib/armv7-m/libcs3micro.a(micro_isr_debug.o)
                0x00000542                __cs3_isr_debug
 .text          0x00000544        0x2 /home/tools/CodeSourcery/Sourcery_CodeBench_for_ARM_EABI/bin/../lib/gcc/arm-none-eabi/4.7.2/../../../../arm-none-eabi/lib/armv7-m/libcs3micro.a(micro_isr_pendsv.o)
                0x00000544                __cs3_isr_pendsv
 .text          0x00000546        0x2 /home/tools/CodeSourcery/Sourcery_CodeBench_for_ARM_EABI/bin/../lib/gcc/arm-none-eabi/4.7.2/../../../../arm-none-eabi/lib/armv7-m/libcs3micro.a(micro_isr_systick.o)
                0x00000546                __cs3_isr_systick
 .text          0x00000548       0x4c /home/tools/CodeSourcery/Sourcery_CodeBench_for_ARM_EABI/bin/../lib/gcc/arm-none-eabi/4.7.2/../../../../arm-none-eabi/lib/armv7-m/libc.a(lib_a-init.o)
                0x00000548                __libc_init_array
 *(.plt)
 *(.gnu.warning)
 *(.glue_7t)
 .glue_7t       0x00000000        0x0 linker stubs
 *(.glue_7)
 .glue_7        0x00000000        0x0 linker stubs
 *(.vfp11_veneer)
 .vfp11_veneer  0x00000000        0x0 linker stubs
 *(.ARM.extab* .gnu.linkonce.armextab.*)
 *(.gcc_except_table)

.v4_bx          0x00000594        0x0
 .v4_bx         0x00000000        0x0 linker stubs

.iplt           0x00000594        0x0
 .iplt          0x00000000        0x0 /home/tools/CodeSourcery/Sourcery_CodeBench_for_ARM_EABI/bin/../lib/gcc/arm-none-eabi/4.7.2/armv7-m/crtbegin.o

.eh_frame_hdr
 *(.eh_frame_hdr)
 *(.eh_frame_entry .eh_frame_entry.*)

.eh_frame       0x00000594        0x4
 *(.eh_frame)
 .eh_frame      0x00000594        0x0 /home/tools/CodeSourcery/Sourcery_CodeBench_for_ARM_EABI/bin/../lib/gcc/arm-none-eabi/4.7.2/armv7-m/crtbegin.o
 .eh_frame      0x00000594        0x4 /home/tools/CodeSourcery/Sourcery_CodeBench_for_ARM_EABI/bin/../lib/gcc/arm-none-eabi/4.7.2/armv7-m/crtend.o
 *(.eh_frame.*)
                0x00000598                PROVIDE (__exidx_start, .)

.rel.dyn        0x00000598        0x0
 .rel.iplt      0x00000000        0x0 /home/tools/CodeSourcery/Sourcery_CodeBench_for_ARM_EABI/bin/../lib/gcc/arm-none-eabi/4.7.2/armv7-m/crtbegin.o

.ARM.exidx
 *(.ARM.exidx* .gnu.linkonce.armexidx.*)
                0x00000598                PROVIDE (__exidx_end, .)

.rodata         0x00000598       0x38
 *(.rodata .rodata.* .gnu.linkonce.r.*)
                0x00000598                . = ALIGN (0x4)
 *(.init)
 .init          0x00000598        0x4 /home/tools/CodeSourcery/Sourcery_CodeBench_for_ARM_EABI/bin/../lib/gcc/arm-none-eabi/4.7.2/armv7-m/crti.o
                0x00000598                _init
 .init          0x0000059c        0x8 /home/tools/CodeSourcery/Sourcery_CodeBench_for_ARM_EABI/bin/../lib/gcc/arm-none-eabi/4.7.2/armv7-m/crtn.o
                0x000005a4                . = ALIGN (0x4)
                0x000005a4                __preinit_array_start = .
 *(.preinit_array)
                0x000005a4                __preinit_array_end = .
                0x000005a4                . = ALIGN (0x4)
                0x000005a4                __init_array_start = .
 *(SORT(.init_array.*))
 .init_array.00000
                0x000005a4        0x4 /home/tools/CodeSourcery/Sourcery_CodeBench_for_ARM_EABI/bin/../lib/gcc/arm-none-eabi/4.7.2/../../../../arm-none-eabi/lib/armv7-m/libc.a(lib_a-__call_atexit.o)
 *(.init_array)
 .init_array    0x000005a8        0x4 /home/tools/CodeSourcery/Sourcery_CodeBench_for_ARM_EABI/bin/../lib/gcc/arm-none-eabi/4.7.2/armv7-m/crtbegin.o
                0x000005ac                __init_array_end = .
                0x000005ac                . = ALIGN (0x4)
 *(.fini)
 .fini          0x000005ac        0x4 /home/tools/CodeSourcery/Sourcery_CodeBench_for_ARM_EABI/bin/../lib/gcc/arm-none-eabi/4.7.2/armv7-m/crti.o
                0x000005ac                _fini
 .fini          0x000005b0        0x8 /home/tools/CodeSourcery/Sourcery_CodeBench_for_ARM_EABI/bin/../lib/gcc/arm-none-eabi/4.7.2/armv7-m/crtn.o
                0x000005b8                . = ALIGN (0x4)
                0x000005b8                __fini_array_start = .
 *(.fini_array)
 .fini_array    0x000005b8        0x4 /home/tools/CodeSourcery/Sourcery_CodeBench_for_ARM_EABI/bin/../lib/gcc/arm-none-eabi/4.7.2/armv7-m/crtbegin.o
 *(SORT(.fini_array.*))
                0x000005bc                __fini_array_end = .
                0x000005bc                . = ALIGN (0x4)
 *crtbegin.o(.ctors)
 *(EXCLUDE_FILE(*crtend.o) .ctors)
 *(SORT(.ctors.*))
 *crtend.o(.ctors)
                0x000005bc                . = ALIGN (0x4)
 *crtbegin.o(.dtors)
 *(EXCLUDE_FILE(*crtend.o) .dtors)
 *(SORT(.dtors.*))
 *crtend.o(.dtors)
                0x000005bc                . = ALIGN (0x4)
                0x000005bc                __cs3_regions = .
                0x000005bc        0x4 LONG 0x0
                0x000005c0        0x4 LONG 0x5d0 __cs3_region_init_ram
                0x000005c4        0x4 LONG 0x20000000 __cs3_region_start_ram
                0x000005c8        0x4 LONG 0x10 __cs3_region_init_size_ram
                0x000005cc        0x4 LONG 0xb8 __cs3_region_zero_size_ram
                0x000005d0                __cs3_regions_end = .
                0x000005d0                . = ALIGN (0x8)
 *(.rom)
 *(.rom.b .bss.rom)
                0x000005d0                _etext = .
                0x00040000                __cs3_region_end_rom = (__cs3_region_start_rom + 0x40000)
                0x00040000                __cs3_region_size_rom = 0x40000
                0x00000001                ASSERT (! ((__cs3_region_init_ram & 0x7)), __cs3_region_init_ram not aligned)
                0x00000001                ASSERT (! ((__cs3_region_start_ram & 0x7)), __cs3_region_start_ram not aligned)
                0x00000001                ASSERT (! ((__cs3_region_init_size_ram & 0x7)), __cs3_region_init_size_ram not aligned)
                0x00000001                ASSERT (! ((__cs3_region_zero_size_ram & 0x7)), __cs3_region_zero_size_ram not aligned)

.data           0x20000000       0x10 load address 0x000005d0
                0x20000000                __cs3_region_start_ram = .
 *(.cs3.region-head.ram)
 *(.jcr)
 .jcr           0x20000000        0x0 /home/tools/CodeSourcery/Sourcery_CodeBench_for_ARM_EABI/bin/../lib/gcc/arm-none-eabi/4.7.2/armv7-m/crtbegin.o
 .jcr           0x20000000        0x4 /home/tools/CodeSourcery/Sourcery_CodeBench_for_ARM_EABI/bin/../lib/gcc/arm-none-eabi/4.7.2/armv7-m/crtend.o
 *(.got.plt)
 *(.got)
 *(.shdata)
 *(.data .data.* .gnu.linkonce.d.*)
 .data          0x20000004        0x0 /home/tools/CodeSourcery/Sourcery_CodeBench_for_ARM_EABI/bin/../lib/gcc/arm-none-eabi/4.7.2/armv7-m/crti.o
 .data          0x20000004        0x4 /home/tools/CodeSourcery/Sourcery_CodeBench_for_ARM_EABI/bin/../lib/gcc/arm-none-eabi/4.7.2/armv7-m/crtbegin.o
                0x20000004                __dso_handle
 .data          0x20000008        0x0 /home/jon/VistaModels/ARM/m3/CBwork/Vista-CM3/Debug/src/demo.o
 .data          0x20000008        0x0 /home/jon/VistaModels/ARM/m3/CBwork/Vista-CM3/Debug/Vista-Cortex-M3-reset.o
 .data          0x20000008        0x4 /home/jon/VistaModels/ARM/m3/CBwork/Vista-CM3/Debug/CMSIS/system_VistaCM3.o
                0x20000008                SystemCoreClock
 .data          0x2000000c        0x0 /home/tools/CodeSourcery/Sourcery_CodeBench_for_ARM_EABI/bin/../lib/gcc/arm-none-eabi/4.7.2/../../../../arm-none-eabi/lib/armv7-m/libc.a(lib_a-atexit.o)
 .data          0x2000000c        0x0 /home/tools/CodeSourcery/Sourcery_CodeBench_for_ARM_EABI/bin/../lib/gcc/arm-none-eabi/4.7.2/../../../../arm-none-eabi/lib/armv7-m/libc.a(lib_a-exit.o)
 .data          0x2000000c        0x0 /home/tools/CodeSourcery/Sourcery_CodeBench_for_ARM_EABI/bin/../lib/gcc/arm-none-eabi/4.7.2/../../../../arm-none-eabi/lib/armv7-m/libc.a(lib_a-__atexit.o)
 .data          0x2000000c        0x0 /home/tools/CodeSourcery/Sourcery_CodeBench_for_ARM_EABI/bin/../lib/gcc/arm-none-eabi/4.7.2/../../../../arm-none-eabi/lib/armv7-m/libc.a(lib_a-__atexitg.o)
 .data          0x2000000c        0x0 /home/tools/CodeSourcery/Sourcery_CodeBench_for_ARM_EABI/bin/../lib/gcc/arm-none-eabi/4.7.2/../../../../arm-none-eabi/lib/armv7-m/libc.a(lib_a-__call_atexit.o)
 .data          0x2000000c        0x0 /home/tools/CodeSourcery/Sourcery_CodeBench_for_ARM_EABI/bin/../lib/gcc/arm-none-eabi/4.7.2/../../../../arm-none-eabi/lib/armv7-m/libc.a(lib_a-cleanupg.o)
 .data          0x2000000c        0x0 /home/tools/CodeSourcery/Sourcery_CodeBench_for_ARM_EABI/bin/../lib/gcc/arm-none-eabi/4.7.2/../../../../arm-none-eabi/lib/armv7-m/libc.a(lib_a-fini.o)
 .data          0x2000000c        0x0 /home/tools/CodeSourcery/Sourcery_CodeBench_for_ARM_EABI/bin/../lib/gcc/arm-none-eabi/4.7.2/armv7-m/crtend.o
 .data          0x2000000c        0x0 /home/tools/CodeSourcery/Sourcery_CodeBench_for_ARM_EABI/bin/../lib/gcc/arm-none-eabi/4.7.2/armv7-m/crtn.o
 .data          0x2000000c        0x0 /home/tools/CodeSourcery/Sourcery_CodeBench_for_ARM_EABI/bin/../lib/gcc/arm-none-eabi/4.7.2/../../../../arm-none-eabi/lib/armv7-m/libcs3.a(start_c.o)
 .data          0x2000000c        0x0 /home/tools/CodeSourcery/Sourcery_CodeBench_for_ARM_EABI/bin/../lib/gcc/arm-none-eabi/4.7.2/../../../../arm-none-eabi/lib/armv7-m/libcs3hosted.a(hosted-_exit.o)
 .data          0x2000000c        0x0 /home/tools/CodeSourcery/Sourcery_CodeBench_for_ARM_EABI/bin/../lib/gcc/arm-none-eabi/4.7.2/../../../../arm-none-eabi/lib/armv7-m/libcs3hosted.a(hosted-start.o)
 .data          0x2000000c        0x0 /home/tools/CodeSourcery/Sourcery_CodeBench_for_ARM_EABI/bin/../lib/gcc/arm-none-eabi/4.7.2/../../../../arm-none-eabi/lib/armv7-m/libcs3micro.a(micro-vector.o)
 .data          0x2000000c        0x0 /home/tools/CodeSourcery/Sourcery_CodeBench_for_ARM_EABI/bin/../lib/gcc/arm-none-eabi/4.7.2/../../../../arm-none-eabi/lib/armv7-m/libcs3micro.a(micro_isr_interrupt.o)
 .data          0x2000000c        0x0 /home/tools/CodeSourcery/Sourcery_CodeBench_for_ARM_EABI/bin/../lib/gcc/arm-none-eabi/4.7.2/../../../../arm-none-eabi/lib/armv7-m/libcs3micro.a(micro_isr_nmi.o)
 .data          0x2000000c        0x0 /home/tools/CodeSourcery/Sourcery_CodeBench_for_ARM_EABI/bin/../lib/gcc/arm-none-eabi/4.7.2/../../../../arm-none-eabi/lib/armv7-m/libcs3micro.a(micro_isr_hard_fault.o)
 .data          0x2000000c        0x0 /home/tools/CodeSourcery/Sourcery_CodeBench_for_ARM_EABI/bin/../lib/gcc/arm-none-eabi/4.7.2/../../../../arm-none-eabi/lib/armv7-m/libcs3micro.a(micro_isr_mpu_fault.o)
 .data          0x2000000c        0x0 /home/tools/CodeSourcery/Sourcery_CodeBench_for_ARM_EABI/bin/../lib/gcc/arm-none-eabi/4.7.2/../../../../arm-none-eabi/lib/armv7-m/libcs3micro.a(micro_isr_bus_fault.o)
 .data          0x2000000c        0x0 /home/tools/CodeSourcery/Sourcery_CodeBench_for_ARM_EABI/bin/../lib/gcc/arm-none-eabi/4.7.2/../../../../arm-none-eabi/lib/armv7-m/libcs3micro.a(micro_isr_usage_fault.o)
 .data          0x2000000c        0x0 /home/tools/CodeSourcery/Sourcery_CodeBench_for_ARM_EABI/bin/../lib/gcc/arm-none-eabi/4.7.2/../../../../arm-none-eabi/lib/armv7-m/libcs3micro.a(micro_isr_svcall.o)
 .data          0x2000000c        0x0 /home/tools/CodeSourcery/Sourcery_CodeBench_for_ARM_EABI/bin/../lib/gcc/arm-none-eabi/4.7.2/../../../../arm-none-eabi/lib/armv7-m/libcs3micro.a(micro_isr_debug.o)
 .data          0x2000000c        0x0 /home/tools/CodeSourcery/Sourcery_CodeBench_for_ARM_EABI/bin/../lib/gcc/arm-none-eabi/4.7.2/../../../../arm-none-eabi/lib/armv7-m/libcs3micro.a(micro_isr_pendsv.o)
 .data          0x2000000c        0x0 /home/tools/CodeSourcery/Sourcery_CodeBench_for_ARM_EABI/bin/../lib/gcc/arm-none-eabi/4.7.2/../../../../arm-none-eabi/lib/armv7-m/libcs3micro.a(micro_isr_systick.o)
 .data          0x2000000c        0x0 /home/tools/CodeSourcery/Sourcery_CodeBench_for_ARM_EABI/bin/../lib/gcc/arm-none-eabi/4.7.2/../../../../arm-none-eabi/lib/armv7-m/libc.a(lib_a-init.o)
                0x20000010                . = ALIGN (0x8)
 *fill*         0x2000000c        0x4 
 *(.ram)
                0x20000010                . = ALIGN (0x8)
                0x20000010                _edata = .

.tm_clone_table
                0x20000010        0x0 load address 0x000005e0
 .tm_clone_table
                0x20000010        0x0 /home/tools/CodeSourcery/Sourcery_CodeBench_for_ARM_EABI/bin/../lib/gcc/arm-none-eabi/4.7.2/armv7-m/crtbegin.o
 .tm_clone_table
                0x20000010        0x0 /home/tools/CodeSourcery/Sourcery_CodeBench_for_ARM_EABI/bin/../lib/gcc/arm-none-eabi/4.7.2/armv7-m/crtend.o

.igot.plt       0x20000010        0x0 load address 0x000005e0
 .igot.plt      0x00000000        0x0 /home/tools/CodeSourcery/Sourcery_CodeBench_for_ARM_EABI/bin/../lib/gcc/arm-none-eabi/4.7.2/armv7-m/crtbegin.o

.bss            0x20000010       0xb8 load address 0x000005e0
 *(.shbss)
 *(.bss .bss.* .gnu.linkonce.b.*)
 .bss           0x20000010        0x0 /home/tools/CodeSourcery/Sourcery_CodeBench_for_ARM_EABI/bin/../lib/gcc/arm-none-eabi/4.7.2/armv7-m/crti.o
 .bss           0x20000010       0x1c /home/tools/CodeSourcery/Sourcery_CodeBench_for_ARM_EABI/bin/../lib/gcc/arm-none-eabi/4.7.2/armv7-m/crtbegin.o
 .bss           0x2000002c        0x4 /home/jon/VistaModels/ARM/m3/CBwork/Vista-CM3/Debug/src/demo.o
                0x2000002c                ffFull
 .bss           0x20000030        0x0 /home/jon/VistaModels/ARM/m3/CBwork/Vista-CM3/Debug/Vista-Cortex-M3-reset.o
 .bss           0x20000030        0x0 /home/jon/VistaModels/ARM/m3/CBwork/Vista-CM3/Debug/CMSIS/system_VistaCM3.o
 .bss           0x20000030        0x0 /home/tools/CodeSourcery/Sourcery_CodeBench_for_ARM_EABI/bin/../lib/gcc/arm-none-eabi/4.7.2/../../../../arm-none-eabi/lib/armv7-m/libc.a(lib_a-atexit.o)
 .bss           0x20000030        0x0 /home/tools/CodeSourcery/Sourcery_CodeBench_for_ARM_EABI/bin/../lib/gcc/arm-none-eabi/4.7.2/../../../../arm-none-eabi/lib/armv7-m/libc.a(lib_a-exit.o)
 .bss           0x20000030        0x0 /home/tools/CodeSourcery/Sourcery_CodeBench_for_ARM_EABI/bin/../lib/gcc/arm-none-eabi/4.7.2/../../../../arm-none-eabi/lib/armv7-m/libc.a(lib_a-__atexit.o)
 .bss           0x20000030       0x90 /home/tools/CodeSourcery/Sourcery_CodeBench_for_ARM_EABI/bin/../lib/gcc/arm-none-eabi/4.7.2/../../../../arm-none-eabi/lib/armv7-m/libc.a(lib_a-__atexitg.o)
                0x20000030                _cslibc_global__atexit0
                0x200000bc                _cslibc_global__atexit
 .bss           0x200000c0        0x0 /home/tools/CodeSourcery/Sourcery_CodeBench_for_ARM_EABI/bin/../lib/gcc/arm-none-eabi/4.7.2/../../../../arm-none-eabi/lib/armv7-m/libc.a(lib_a-__call_atexit.o)
 .bss           0x200000c0        0x8 /home/tools/CodeSourcery/Sourcery_CodeBench_for_ARM_EABI/bin/../lib/gcc/arm-none-eabi/4.7.2/../../../../arm-none-eabi/lib/armv7-m/libc.a(lib_a-cleanupg.o)
                0x200000c0                _cslibc_global___cleanup
                0x200000c4                _cslibc_global___sdidinit
 .bss           0x200000c8        0x0 /home/tools/CodeSourcery/Sourcery_CodeBench_for_ARM_EABI/bin/../lib/gcc/arm-none-eabi/4.7.2/../../../../arm-none-eabi/lib/armv7-m/libc.a(lib_a-fini.o)
 .bss           0x200000c8        0x0 /home/tools/CodeSourcery/Sourcery_CodeBench_for_ARM_EABI/bin/../lib/gcc/arm-none-eabi/4.7.2/armv7-m/crtend.o
 .bss           0x200000c8        0x0 /home/tools/CodeSourcery/Sourcery_CodeBench_for_ARM_EABI/bin/../lib/gcc/arm-none-eabi/4.7.2/armv7-m/crtn.o
 .bss           0x200000c8        0x0 /home/tools/CodeSourcery/Sourcery_CodeBench_for_ARM_EABI/bin/../lib/gcc/arm-none-eabi/4.7.2/../../../../arm-none-eabi/lib/armv7-m/libcs3.a(start_c.o)
 .bss           0x200000c8        0x0 /home/tools/CodeSourcery/Sourcery_CodeBench_for_ARM_EABI/bin/../lib/gcc/arm-none-eabi/4.7.2/../../../../arm-none-eabi/lib/armv7-m/libcs3hosted.a(hosted-_exit.o)
 .bss           0x200000c8        0x0 /home/tools/CodeSourcery/Sourcery_CodeBench_for_ARM_EABI/bin/../lib/gcc/arm-none-eabi/4.7.2/../../../../arm-none-eabi/lib/armv7-m/libcs3hosted.a(hosted-start.o)
 .bss           0x200000c8        0x0 /home/tools/CodeSourcery/Sourcery_CodeBench_for_ARM_EABI/bin/../lib/gcc/arm-none-eabi/4.7.2/../../../../arm-none-eabi/lib/armv7-m/libcs3micro.a(micro-vector.o)
 .bss           0x200000c8        0x0 /home/tools/CodeSourcery/Sourcery_CodeBench_for_ARM_EABI/bin/../lib/gcc/arm-none-eabi/4.7.2/../../../../arm-none-eabi/lib/armv7-m/libcs3micro.a(micro_isr_interrupt.o)
 .bss           0x200000c8        0x0 /home/tools/CodeSourcery/Sourcery_CodeBench_for_ARM_EABI/bin/../lib/gcc/arm-none-eabi/4.7.2/../../../../arm-none-eabi/lib/armv7-m/libcs3micro.a(micro_isr_nmi.o)
 .bss           0x200000c8        0x0 /home/tools/CodeSourcery/Sourcery_CodeBench_for_ARM_EABI/bin/../lib/gcc/arm-none-eabi/4.7.2/../../../../arm-none-eabi/lib/armv7-m/libcs3micro.a(micro_isr_hard_fault.o)
 .bss           0x200000c8        0x0 /home/tools/CodeSourcery/Sourcery_CodeBench_for_ARM_EABI/bin/../lib/gcc/arm-none-eabi/4.7.2/../../../../arm-none-eabi/lib/armv7-m/libcs3micro.a(micro_isr_mpu_fault.o)
 .bss           0x200000c8        0x0 /home/tools/CodeSourcery/Sourcery_CodeBench_for_ARM_EABI/bin/../lib/gcc/arm-none-eabi/4.7.2/../../../../arm-none-eabi/lib/armv7-m/libcs3micro.a(micro_isr_bus_fault.o)
 .bss           0x200000c8        0x0 /home/tools/CodeSourcery/Sourcery_CodeBench_for_ARM_EABI/bin/../lib/gcc/arm-none-eabi/4.7.2/../../../../arm-none-eabi/lib/armv7-m/libcs3micro.a(micro_isr_usage_fault.o)
 .bss           0x200000c8        0x0 /home/tools/CodeSourcery/Sourcery_CodeBench_for_ARM_EABI/bin/../lib/gcc/arm-none-eabi/4.7.2/../../../../arm-none-eabi/lib/armv7-m/libcs3micro.a(micro_isr_svcall.o)
 .bss           0x200000c8        0x0 /home/tools/CodeSourcery/Sourcery_CodeBench_for_ARM_EABI/bin/../lib/gcc/arm-none-eabi/4.7.2/../../../../arm-none-eabi/lib/armv7-m/libcs3micro.a(micro_isr_debug.o)
 .bss           0x200000c8        0x0 /home/tools/CodeSourcery/Sourcery_CodeBench_for_ARM_EABI/bin/../lib/gcc/arm-none-eabi/4.7.2/../../../../arm-none-eabi/lib/armv7-m/libcs3micro.a(micro_isr_pendsv.o)
 .bss           0x200000c8        0x0 /home/tools/CodeSourcery/Sourcery_CodeBench_for_ARM_EABI/bin/../lib/gcc/arm-none-eabi/4.7.2/../../../../arm-none-eabi/lib/armv7-m/libcs3micro.a(micro_isr_systick.o)
 .bss           0x200000c8        0x0 /home/tools/CodeSourcery/Sourcery_CodeBench_for_ARM_EABI/bin/../lib/gcc/arm-none-eabi/4.7.2/../../../../arm-none-eabi/lib/armv7-m/libc.a(lib_a-init.o)
 *(COMMON)
                0x200000c8                . = ALIGN (0x8)
 *(.ram.b .bss.ram)
                0x200000c8                . = ALIGN (0x8)
                0x200000c8                _end = .
                0x200000c8                __end = .
                0x20010000                __cs3_region_end_ram = (__cs3_region_start_ram + 0x10000)
                0x00010000                __cs3_region_size_ram = 0x10000
                0x000005d0                __cs3_region_init_ram = LOADADDR (.data)
                0x00000010                __cs3_region_init_size_ram = (_edata - ADDR (.data))
                0x000000b8                __cs3_region_zero_size_ram = (_end - _edata)

.stab
 *(.stab)

.stabstr
 *(.stabstr)

.debug
 *(.debug)

.line
 *(.line)

.debug_srcinfo
 *(.debug_srcinfo)

.debug_sfnames
 *(.debug_sfnames)

.debug_aranges  0x00000000      0x208
 *(.debug_aranges)
 .debug_aranges
                0x00000000       0x20 /home/jon/VistaModels/ARM/m3/CBwork/Vista-CM3/Debug/src/demo.o
 .debug_aranges
                0x00000020       0x20 /home/jon/VistaModels/ARM/m3/CBwork/Vista-CM3/Debug/Vista-Cortex-M3-reset.o
 .debug_aranges
                0x00000040       0x20 /home/jon/VistaModels/ARM/m3/CBwork/Vista-CM3/Debug/CMSIS/system_VistaCM3.o
 .debug_aranges
                0x00000060       0x28 /home/tools/CodeSourcery/Sourcery_CodeBench_for_ARM_EABI/bin/../lib/gcc/arm-none-eabi/4.7.2/../../../../arm-none-eabi/lib/armv7-m/libcs3.a(start_c.o)
 .debug_aranges
                0x00000088       0x20 /home/tools/CodeSourcery/Sourcery_CodeBench_for_ARM_EABI/bin/../lib/gcc/arm-none-eabi/4.7.2/../../../../arm-none-eabi/lib/armv7-m/libcs3hosted.a(hosted-_exit.o)
 .debug_aranges
                0x000000a8       0x20 /home/tools/CodeSourcery/Sourcery_CodeBench_for_ARM_EABI/bin/../lib/gcc/arm-none-eabi/4.7.2/../../../../arm-none-eabi/lib/armv7-m/libcs3hosted.a(hosted-start.o)
 .debug_aranges
                0x000000c8       0x20 /home/tools/CodeSourcery/Sourcery_CodeBench_for_ARM_EABI/bin/../lib/gcc/arm-none-eabi/4.7.2/../../../../arm-none-eabi/lib/armv7-m/libcs3micro.a(micro_isr_interrupt.o)
 .debug_aranges
                0x000000e8       0x20 /home/tools/CodeSourcery/Sourcery_CodeBench_for_ARM_EABI/bin/../lib/gcc/arm-none-eabi/4.7.2/../../../../arm-none-eabi/lib/armv7-m/libcs3micro.a(micro_isr_nmi.o)
 .debug_aranges
                0x00000108       0x20 /home/tools/CodeSourcery/Sourcery_CodeBench_for_ARM_EABI/bin/../lib/gcc/arm-none-eabi/4.7.2/../../../../arm-none-eabi/lib/armv7-m/libcs3micro.a(micro_isr_hard_fault.o)
 .debug_aranges
                0x00000128       0x20 /home/tools/CodeSourcery/Sourcery_CodeBench_for_ARM_EABI/bin/../lib/gcc/arm-none-eabi/4.7.2/../../../../arm-none-eabi/lib/armv7-m/libcs3micro.a(micro_isr_mpu_fault.o)
 .debug_aranges
                0x00000148       0x20 /home/tools/CodeSourcery/Sourcery_CodeBench_for_ARM_EABI/bin/../lib/gcc/arm-none-eabi/4.7.2/../../../../arm-none-eabi/lib/armv7-m/libcs3micro.a(micro_isr_bus_fault.o)
 .debug_aranges
                0x00000168       0x20 /home/tools/CodeSourcery/Sourcery_CodeBench_for_ARM_EABI/bin/../lib/gcc/arm-none-eabi/4.7.2/../../../../arm-none-eabi/lib/armv7-m/libcs3micro.a(micro_isr_usage_fault.o)
 .debug_aranges
                0x00000188       0x20 /home/tools/CodeSourcery/Sourcery_CodeBench_for_ARM_EABI/bin/../lib/gcc/arm-none-eabi/4.7.2/../../../../arm-none-eabi/lib/armv7-m/libcs3micro.a(micro_isr_svcall.o)
 .debug_aranges
                0x000001a8       0x20 /home/tools/CodeSourcery/Sourcery_CodeBench_for_ARM_EABI/bin/../lib/gcc/arm-none-eabi/4.7.2/../../../../arm-none-eabi/lib/armv7-m/libcs3micro.a(micro_isr_debug.o)
 .debug_aranges
                0x000001c8       0x20 /home/tools/CodeSourcery/Sourcery_CodeBench_for_ARM_EABI/bin/../lib/gcc/arm-none-eabi/4.7.2/../../../../arm-none-eabi/lib/armv7-m/libcs3micro.a(micro_isr_pendsv.o)
 .debug_aranges
                0x000001e8       0x20 /home/tools/CodeSourcery/Sourcery_CodeBench_for_ARM_EABI/bin/../lib/gcc/arm-none-eabi/4.7.2/../../../../arm-none-eabi/lib/armv7-m/libcs3micro.a(micro_isr_systick.o)

.debug_pubnames
 *(.debug_pubnames)

.debug_info     0x00000000     0x112a
 *(.debug_info .gnu.linkonce.wi.*)
 .debug_info    0x00000000      0x3dd /home/jon/VistaModels/ARM/m3/CBwork/Vista-CM3/Debug/src/demo.o
 .debug_info    0x000003dd       0x78 /home/jon/VistaModels/ARM/m3/CBwork/Vista-CM3/Debug/Vista-Cortex-M3-reset.o
 .debug_info    0x00000455       0xde /home/jon/VistaModels/ARM/m3/CBwork/Vista-CM3/Debug/CMSIS/system_VistaCM3.o
 .debug_info    0x00000533      0x248 /home/tools/CodeSourcery/Sourcery_CodeBench_for_ARM_EABI/bin/../lib/gcc/arm-none-eabi/4.7.2/../../../../arm-none-eabi/lib/armv7-m/libcs3.a(start_c.o)
 .debug_info    0x0000077b       0xcf /home/tools/CodeSourcery/Sourcery_CodeBench_for_ARM_EABI/bin/../lib/gcc/arm-none-eabi/4.7.2/../../../../arm-none-eabi/lib/armv7-m/libcs3hosted.a(hosted-_exit.o)
 .debug_info    0x0000084a       0xca /home/tools/CodeSourcery/Sourcery_CodeBench_for_ARM_EABI/bin/../lib/gcc/arm-none-eabi/4.7.2/../../../../arm-none-eabi/lib/armv7-m/libcs3hosted.a(hosted-start.o)
 .debug_info    0x00000914       0xcf /home/tools/CodeSourcery/Sourcery_CodeBench_for_ARM_EABI/bin/../lib/gcc/arm-none-eabi/4.7.2/../../../../arm-none-eabi/lib/armv7-m/libcs3micro.a(micro_isr_interrupt.o)
 .debug_info    0x000009e3       0xcf /home/tools/CodeSourcery/Sourcery_CodeBench_for_ARM_EABI/bin/../lib/gcc/arm-none-eabi/4.7.2/../../../../arm-none-eabi/lib/armv7-m/libcs3micro.a(micro_isr_nmi.o)
 .debug_info    0x00000ab2       0xcf /home/tools/CodeSourcery/Sourcery_CodeBench_for_ARM_EABI/bin/../lib/gcc/arm-none-eabi/4.7.2/../../../../arm-none-eabi/lib/armv7-m/libcs3micro.a(micro_isr_hard_fault.o)
 .debug_info    0x00000b81       0xcf /home/tools/CodeSourcery/Sourcery_CodeBench_for_ARM_EABI/bin/../lib/gcc/arm-none-eabi/4.7.2/../../../../arm-none-eabi/lib/armv7-m/libcs3micro.a(micro_isr_mpu_fault.o)
 .debug_info    0x00000c50       0xcf /home/tools/CodeSourcery/Sourcery_CodeBench_for_ARM_EABI/bin/../lib/gcc/arm-none-eabi/4.7.2/../../../../arm-none-eabi/lib/armv7-m/libcs3micro.a(micro_isr_bus_fault.o)
 .debug_info    0x00000d1f       0xcf /home/tools/CodeSourcery/Sourcery_CodeBench_for_ARM_EABI/bin/../lib/gcc/arm-none-eabi/4.7.2/../../../../arm-none-eabi/lib/armv7-m/libcs3micro.a(micro_isr_usage_fault.o)
 .debug_info    0x00000dee       0xcf /home/tools/CodeSourcery/Sourcery_CodeBench_for_ARM_EABI/bin/../lib/gcc/arm-none-eabi/4.7.2/../../../../arm-none-eabi/lib/armv7-m/libcs3micro.a(micro_isr_svcall.o)
 .debug_info    0x00000ebd       0xcf /home/tools/CodeSourcery/Sourcery_CodeBench_for_ARM_EABI/bin/../lib/gcc/arm-none-eabi/4.7.2/../../../../arm-none-eabi/lib/armv7-m/libcs3micro.a(micro_isr_debug.o)
 .debug_info    0x00000f8c       0xcf /home/tools/CodeSourcery/Sourcery_CodeBench_for_ARM_EABI/bin/../lib/gcc/arm-none-eabi/4.7.2/../../../../arm-none-eabi/lib/armv7-m/libcs3micro.a(micro_isr_pendsv.o)
 .debug_info    0x0000105b       0xcf /home/tools/CodeSourcery/Sourcery_CodeBench_for_ARM_EABI/bin/../lib/gcc/arm-none-eabi/4.7.2/../../../../arm-none-eabi/lib/armv7-m/libcs3micro.a(micro_isr_systick.o)

.debug_abbrev   0x00000000      0x4d4
 *(.debug_abbrev)
 .debug_abbrev  0x00000000      0x170 /home/jon/VistaModels/ARM/m3/CBwork/Vista-CM3/Debug/src/demo.o
 .debug_abbrev  0x00000170       0x14 /home/jon/VistaModels/ARM/m3/CBwork/Vista-CM3/Debug/Vista-Cortex-M3-reset.o
 .debug_abbrev  0x00000184       0x7b /home/jon/VistaModels/ARM/m3/CBwork/Vista-CM3/Debug/CMSIS/system_VistaCM3.o
 .debug_abbrev  0x000001ff      0x143 /home/tools/CodeSourcery/Sourcery_CodeBench_for_ARM_EABI/bin/../lib/gcc/arm-none-eabi/4.7.2/../../../../arm-none-eabi/lib/armv7-m/libcs3.a(start_c.o)
 .debug_abbrev  0x00000342       0xb6 /home/tools/CodeSourcery/Sourcery_CodeBench_for_ARM_EABI/bin/../lib/gcc/arm-none-eabi/4.7.2/../../../../arm-none-eabi/lib/armv7-m/libcs3hosted.a(hosted-_exit.o)
 .debug_abbrev  0x000003f8       0x14 /home/tools/CodeSourcery/Sourcery_CodeBench_for_ARM_EABI/bin/../lib/gcc/arm-none-eabi/4.7.2/../../../../arm-none-eabi/lib/armv7-m/libcs3hosted.a(hosted-start.o)
 .debug_abbrev  0x0000040c       0x14 /home/tools/CodeSourcery/Sourcery_CodeBench_for_ARM_EABI/bin/../lib/gcc/arm-none-eabi/4.7.2/../../../../arm-none-eabi/lib/armv7-m/libcs3micro.a(micro_isr_interrupt.o)
 .debug_abbrev  0x00000420       0x14 /home/tools/CodeSourcery/Sourcery_CodeBench_for_ARM_EABI/bin/../lib/gcc/arm-none-eabi/4.7.2/../../../../arm-none-eabi/lib/armv7-m/libcs3micro.a(micro_isr_nmi.o)
 .debug_abbrev  0x00000434       0x14 /home/tools/CodeSourcery/Sourcery_CodeBench_for_ARM_EABI/bin/../lib/gcc/arm-none-eabi/4.7.2/../../../../arm-none-eabi/lib/armv7-m/libcs3micro.a(micro_isr_hard_fault.o)
 .debug_abbrev  0x00000448       0x14 /home/tools/CodeSourcery/Sourcery_CodeBench_for_ARM_EABI/bin/../lib/gcc/arm-none-eabi/4.7.2/../../../../arm-none-eabi/lib/armv7-m/libcs3micro.a(micro_isr_mpu_fault.o)
 .debug_abbrev  0x0000045c       0x14 /home/tools/CodeSourcery/Sourcery_CodeBench_for_ARM_EABI/bin/../lib/gcc/arm-none-eabi/4.7.2/../../../../arm-none-eabi/lib/armv7-m/libcs3micro.a(micro_isr_bus_fault.o)
 .debug_abbrev  0x00000470       0x14 /home/tools/CodeSourcery/Sourcery_CodeBench_for_ARM_EABI/bin/../lib/gcc/arm-none-eabi/4.7.2/../../../../arm-none-eabi/lib/armv7-m/libcs3micro.a(micro_isr_usage_fault.o)
 .debug_abbrev  0x00000484       0x14 /home/tools/CodeSourcery/Sourcery_CodeBench_for_ARM_EABI/bin/../lib/gcc/arm-none-eabi/4.7.2/../../../../arm-none-eabi/lib/armv7-m/libcs3micro.a(micro_isr_svcall.o)
 .debug_abbrev  0x00000498       0x14 /home/tools/CodeSourcery/Sourcery_CodeBench_for_ARM_EABI/bin/../lib/gcc/arm-none-eabi/4.7.2/../../../../arm-none-eabi/lib/armv7-m/libcs3micro.a(micro_isr_debug.o)
 .debug_abbrev  0x000004ac       0x14 /home/tools/CodeSourcery/Sourcery_CodeBench_for_ARM_EABI/bin/../lib/gcc/arm-none-eabi/4.7.2/../../../../arm-none-eabi/lib/armv7-m/libcs3micro.a(micro_isr_pendsv.o)
 .debug_abbrev  0x000004c0       0x14 /home/tools/CodeSourcery/Sourcery_CodeBench_for_ARM_EABI/bin/../lib/gcc/arm-none-eabi/4.7.2/../../../../arm-none-eabi/lib/armv7-m/libcs3micro.a(micro_isr_systick.o)

.debug_line     0x00000000      0xa20
 *(.debug_line)
 .debug_line    0x00000000      0x1f3 /home/jon/VistaModels/ARM/m3/CBwork/Vista-CM3/Debug/src/demo.o
 .debug_line    0x000001f3       0x53 /home/jon/VistaModels/ARM/m3/CBwork/Vista-CM3/Debug/Vista-Cortex-M3-reset.o
 .debug_line    0x00000246      0x1d3 /home/jon/VistaModels/ARM/m3/CBwork/Vista-CM3/Debug/CMSIS/system_VistaCM3.o
 .debug_line    0x00000419      0x111 /home/tools/CodeSourcery/Sourcery_CodeBench_for_ARM_EABI/bin/../lib/gcc/arm-none-eabi/4.7.2/../../../../arm-none-eabi/lib/armv7-m/libcs3.a(start_c.o)
 .debug_line    0x0000052a       0xa1 /home/tools/CodeSourcery/Sourcery_CodeBench_for_ARM_EABI/bin/../lib/gcc/arm-none-eabi/4.7.2/../../../../arm-none-eabi/lib/armv7-m/libcs3hosted.a(hosted-_exit.o)
 .debug_line    0x000005cb       0x64 /home/tools/CodeSourcery/Sourcery_CodeBench_for_ARM_EABI/bin/../lib/gcc/arm-none-eabi/4.7.2/../../../../arm-none-eabi/lib/armv7-m/libcs3hosted.a(hosted-start.o)
 .debug_line    0x0000062f       0x64 /home/tools/CodeSourcery/Sourcery_CodeBench_for_ARM_EABI/bin/../lib/gcc/arm-none-eabi/4.7.2/../../../../arm-none-eabi/lib/armv7-m/libcs3micro.a(micro_isr_interrupt.o)
 .debug_line    0x00000693       0x65 /home/tools/CodeSourcery/Sourcery_CodeBench_for_ARM_EABI/bin/../lib/gcc/arm-none-eabi/4.7.2/../../../../arm-none-eabi/lib/armv7-m/libcs3micro.a(micro_isr_nmi.o)
 .debug_line    0x000006f8       0x65 /home/tools/CodeSourcery/Sourcery_CodeBench_for_ARM_EABI/bin/../lib/gcc/arm-none-eabi/4.7.2/../../../../arm-none-eabi/lib/armv7-m/libcs3micro.a(micro_isr_hard_fault.o)
 .debug_line    0x0000075d       0x65 /home/tools/CodeSourcery/Sourcery_CodeBench_for_ARM_EABI/bin/../lib/gcc/arm-none-eabi/4.7.2/../../../../arm-none-eabi/lib/armv7-m/libcs3micro.a(micro_isr_mpu_fault.o)
 .debug_line    0x000007c2       0x65 /home/tools/CodeSourcery/Sourcery_CodeBench_for_ARM_EABI/bin/../lib/gcc/arm-none-eabi/4.7.2/../../../../arm-none-eabi/lib/armv7-m/libcs3micro.a(micro_isr_bus_fault.o)
 .debug_line    0x00000827       0x65 /home/tools/CodeSourcery/Sourcery_CodeBench_for_ARM_EABI/bin/../lib/gcc/arm-none-eabi/4.7.2/../../../../arm-none-eabi/lib/armv7-m/libcs3micro.a(micro_isr_usage_fault.o)
 .debug_line    0x0000088c       0x65 /home/tools/CodeSourcery/Sourcery_CodeBench_for_ARM_EABI/bin/../lib/gcc/arm-none-eabi/4.7.2/../../../../arm-none-eabi/lib/armv7-m/libcs3micro.a(micro_isr_svcall.o)
 .debug_line    0x000008f1       0x65 /home/tools/CodeSourcery/Sourcery_CodeBench_for_ARM_EABI/bin/../lib/gcc/arm-none-eabi/4.7.2/../../../../arm-none-eabi/lib/armv7-m/libcs3micro.a(micro_isr_debug.o)
 .debug_line    0x00000956       0x65 /home/tools/CodeSourcery/Sourcery_CodeBench_for_ARM_EABI/bin/../lib/gcc/arm-none-eabi/4.7.2/../../../../arm-none-eabi/lib/armv7-m/libcs3micro.a(micro_isr_pendsv.o)
 .debug_line    0x000009bb       0x65 /home/tools/CodeSourcery/Sourcery_CodeBench_for_ARM_EABI/bin/../lib/gcc/arm-none-eabi/4.7.2/../../../../arm-none-eabi/lib/armv7-m/libcs3micro.a(micro_isr_systick.o)

.debug_frame    0x00000000      0x234
 *(.debug_frame)
 .debug_frame   0x00000000       0x6c /home/jon/VistaModels/ARM/m3/CBwork/Vista-CM3/Debug/src/demo.o
 .debug_frame   0x0000006c       0x40 /home/jon/VistaModels/ARM/m3/CBwork/Vista-CM3/Debug/CMSIS/system_VistaCM3.o
 .debug_frame   0x000000ac       0x20 /home/tools/CodeSourcery/Sourcery_CodeBench_for_ARM_EABI/bin/../lib/gcc/arm-none-eabi/4.7.2/../../../../arm-none-eabi/lib/armv7-m/libc.a(lib_a-atexit.o)
 .debug_frame   0x000000cc       0x28 /home/tools/CodeSourcery/Sourcery_CodeBench_for_ARM_EABI/bin/../lib/gcc/arm-none-eabi/4.7.2/../../../../arm-none-eabi/lib/armv7-m/libc.a(lib_a-exit.o)
 .debug_frame   0x000000f4       0x34 /home/tools/CodeSourcery/Sourcery_CodeBench_for_ARM_EABI/bin/../lib/gcc/arm-none-eabi/4.7.2/../../../../arm-none-eabi/lib/armv7-m/libc.a(lib_a-__atexit.o)
 .debug_frame   0x00000128       0x4c /home/tools/CodeSourcery/Sourcery_CodeBench_for_ARM_EABI/bin/../lib/gcc/arm-none-eabi/4.7.2/../../../../arm-none-eabi/lib/armv7-m/libc.a(lib_a-__call_atexit.o)
 .debug_frame   0x00000174       0x2c /home/tools/CodeSourcery/Sourcery_CodeBench_for_ARM_EABI/bin/../lib/gcc/arm-none-eabi/4.7.2/../../../../arm-none-eabi/lib/armv7-m/libc.a(lib_a-fini.o)
 .debug_frame   0x000001a0       0x40 /home/tools/CodeSourcery/Sourcery_CodeBench_for_ARM_EABI/bin/../lib/gcc/arm-none-eabi/4.7.2/../../../../arm-none-eabi/lib/armv7-m/libcs3.a(start_c.o)
 .debug_frame   0x000001e0       0x28 /home/tools/CodeSourcery/Sourcery_CodeBench_for_ARM_EABI/bin/../lib/gcc/arm-none-eabi/4.7.2/../../../../arm-none-eabi/lib/armv7-m/libcs3hosted.a(hosted-_exit.o)
 .debug_frame   0x00000208       0x2c /home/tools/CodeSourcery/Sourcery_CodeBench_for_ARM_EABI/bin/../lib/gcc/arm-none-eabi/4.7.2/../../../../arm-none-eabi/lib/armv7-m/libc.a(lib_a-init.o)

.debug_str      0x00000000     0x70ed
 *(.debug_str)
 .debug_str     0x00000000     0x6efd /home/jon/VistaModels/ARM/m3/CBwork/Vista-CM3/Debug/src/demo.o
                               0x6fc8 (size before relaxing)
 .debug_str     0x00006efd       0xa5 /home/jon/VistaModels/ARM/m3/CBwork/Vista-CM3/Debug/CMSIS/system_VistaCM3.o
                               0x6e7a (size before relaxing)
 .debug_str     0x00006fa2       0xfa /home/tools/CodeSourcery/Sourcery_CodeBench_for_ARM_EABI/bin/../lib/gcc/arm-none-eabi/4.7.2/../../../../arm-none-eabi/lib/armv7-m/libcs3.a(start_c.o)
                                0x162 (size before relaxing)
 .debug_str     0x0000709c       0x51 /home/tools/CodeSourcery/Sourcery_CodeBench_for_ARM_EABI/bin/../lib/gcc/arm-none-eabi/4.7.2/../../../../arm-none-eabi/lib/armv7-m/libcs3hosted.a(hosted-_exit.o)
                                 0x6a (size before relaxing)

.debug_loc      0x00000000      0x21c
 *(.debug_loc)
 .debug_loc     0x00000000       0x9c /home/jon/VistaModels/ARM/m3/CBwork/Vista-CM3/Debug/src/demo.o
 .debug_loc     0x0000009c       0x58 /home/jon/VistaModels/ARM/m3/CBwork/Vista-CM3/Debug/CMSIS/system_VistaCM3.o
 .debug_loc     0x000000f4       0xc1 /home/tools/CodeSourcery/Sourcery_CodeBench_for_ARM_EABI/bin/../lib/gcc/arm-none-eabi/4.7.2/../../../../arm-none-eabi/lib/armv7-m/libcs3.a(start_c.o)
 .debug_loc     0x000001b5       0x67 /home/tools/CodeSourcery/Sourcery_CodeBench_for_ARM_EABI/bin/../lib/gcc/arm-none-eabi/4.7.2/../../../../arm-none-eabi/lib/armv7-m/libcs3hosted.a(hosted-_exit.o)

.debug_macinfo
 *(.debug_macinfo)

.debug_ranges   0x00000000       0x38
 *(.debug_ranges)
 .debug_ranges  0x00000000       0x38 /home/tools/CodeSourcery/Sourcery_CodeBench_for_ARM_EABI/bin/../lib/gcc/arm-none-eabi/4.7.2/../../../../arm-none-eabi/lib/armv7-m/libcs3.a(start_c.o)

.debug_weaknames
 *(.debug_weaknames)

.debug_funcnames
 *(.debug_funcnames)

.debug_typenames
 *(.debug_typenames)

.debug_varnames
 *(.debug_varnames)

.note.gnu.arm.ident
 *(.note.gnu.arm.ident)

.ARM.attributes
                0x00000000       0x29
 *(.ARM.attributes)
 .ARM.attributes
                0x00000000       0x1d /home/tools/CodeSourcery/Sourcery_CodeBench_for_ARM_EABI/bin/../lib/gcc/arm-none-eabi/4.7.2/armv7-m/crti.o
 .ARM.attributes
                0x0000001d       0x2d /home/tools/CodeSourcery/Sourcery_CodeBench_for_ARM_EABI/bin/../lib/gcc/arm-none-eabi/4.7.2/armv7-m/crtbegin.o
 .ARM.attributes
                0x0000004a       0x33 /home/jon/VistaModels/ARM/m3/CBwork/Vista-CM3/Debug/src/demo.o
 .ARM.attributes
                0x0000007d       0x21 /home/jon/VistaModels/ARM/m3/CBwork/Vista-CM3/Debug/Vista-Cortex-M3-reset.o
 .ARM.attributes
                0x0000009e       0x33 /home/jon/VistaModels/ARM/m3/CBwork/Vista-CM3/Debug/CMSIS/system_VistaCM3.o
 .ARM.attributes
                0x000000d1       0x2d /home/tools/CodeSourcery/Sourcery_CodeBench_for_ARM_EABI/bin/../lib/gcc/arm-none-eabi/4.7.2/../../../../arm-none-eabi/lib/armv7-m/libc.a(lib_a-atexit.o)
 .ARM.attributes
                0x000000fe       0x2d /home/tools/CodeSourcery/Sourcery_CodeBench_for_ARM_EABI/bin/../lib/gcc/arm-none-eabi/4.7.2/../../../../arm-none-eabi/lib/armv7-m/libc.a(lib_a-exit.o)
 .ARM.attributes
                0x0000012b       0x2d /home/tools/CodeSourcery/Sourcery_CodeBench_for_ARM_EABI/bin/../lib/gcc/arm-none-eabi/4.7.2/../../../../arm-none-eabi/lib/armv7-m/libc.a(lib_a-__atexit.o)
 .ARM.attributes
                0x00000158       0x2d /home/tools/CodeSourcery/Sourcery_CodeBench_for_ARM_EABI/bin/../lib/gcc/arm-none-eabi/4.7.2/../../../../arm-none-eabi/lib/armv7-m/libc.a(lib_a-__atexitg.o)
 .ARM.attributes
                0x00000185       0x2d /home/tools/CodeSourcery/Sourcery_CodeBench_for_ARM_EABI/bin/../lib/gcc/arm-none-eabi/4.7.2/../../../../arm-none-eabi/lib/armv7-m/libc.a(lib_a-__call_atexit.o)
 .ARM.attributes
                0x000001b2       0x2d /home/tools/CodeSourcery/Sourcery_CodeBench_for_ARM_EABI/bin/../lib/gcc/arm-none-eabi/4.7.2/../../../../arm-none-eabi/lib/armv7-m/libc.a(lib_a-cleanupg.o)
 .ARM.attributes
                0x000001df       0x2d /home/tools/CodeSourcery/Sourcery_CodeBench_for_ARM_EABI/bin/../lib/gcc/arm-none-eabi/4.7.2/../../../../arm-none-eabi/lib/armv7-m/libc.a(lib_a-fini.o)
 .ARM.attributes
                0x0000020c       0x2d /home/tools/CodeSourcery/Sourcery_CodeBench_for_ARM_EABI/bin/../lib/gcc/arm-none-eabi/4.7.2/armv7-m/crtend.o
 .ARM.attributes
                0x00000239       0x1d /home/tools/CodeSourcery/Sourcery_CodeBench_for_ARM_EABI/bin/../lib/gcc/arm-none-eabi/4.7.2/armv7-m/crtn.o
 .ARM.attributes
                0x00000256       0x2d /home/tools/CodeSourcery/Sourcery_CodeBench_for_ARM_EABI/bin/../lib/gcc/arm-none-eabi/4.7.2/../../../../arm-none-eabi/lib/armv7-m/libcs3.a(start_c.o)
 .ARM.attributes
                0x00000283       0x2d /home/tools/CodeSourcery/Sourcery_CodeBench_for_ARM_EABI/bin/../lib/gcc/arm-none-eabi/4.7.2/../../../../arm-none-eabi/lib/armv7-m/libcs3hosted.a(hosted-_exit.o)
 .ARM.attributes
                0x000002b0       0x1b /home/tools/CodeSourcery/Sourcery_CodeBench_for_ARM_EABI/bin/../lib/gcc/arm-none-eabi/4.7.2/../../../../arm-none-eabi/lib/armv7-m/libcs3hosted.a(hosted-start.o)
 .ARM.attributes
                0x000002cb       0x1b /home/tools/CodeSourcery/Sourcery_CodeBench_for_ARM_EABI/bin/../lib/gcc/arm-none-eabi/4.7.2/../../../../arm-none-eabi/lib/armv7-m/libcs3micro.a(micro-vector.o)
 .ARM.attributes
                0x000002e6       0x1b /home/tools/CodeSourcery/Sourcery_CodeBench_for_ARM_EABI/bin/../lib/gcc/arm-none-eabi/4.7.2/../../../../arm-none-eabi/lib/armv7-m/libcs3micro.a(micro_isr_interrupt.o)
 .ARM.attributes
                0x00000301       0x1b /home/tools/CodeSourcery/Sourcery_CodeBench_for_ARM_EABI/bin/../lib/gcc/arm-none-eabi/4.7.2/../../../../arm-none-eabi/lib/armv7-m/libcs3micro.a(micro_isr_nmi.o)
 .ARM.attributes
                0x0000031c       0x1b /home/tools/CodeSourcery/Sourcery_CodeBench_for_ARM_EABI/bin/../lib/gcc/arm-none-eabi/4.7.2/../../../../arm-none-eabi/lib/armv7-m/libcs3micro.a(micro_isr_hard_fault.o)
 .ARM.attributes
                0x00000337       0x1b /home/tools/CodeSourcery/Sourcery_CodeBench_for_ARM_EABI/bin/../lib/gcc/arm-none-eabi/4.7.2/../../../../arm-none-eabi/lib/armv7-m/libcs3micro.a(micro_isr_mpu_fault.o)
 .ARM.attributes
                0x00000352       0x1b /home/tools/CodeSourcery/Sourcery_CodeBench_for_ARM_EABI/bin/../lib/gcc/arm-none-eabi/4.7.2/../../../../arm-none-eabi/lib/armv7-m/libcs3micro.a(micro_isr_bus_fault.o)
 .ARM.attributes
                0x0000036d       0x1b /home/tools/CodeSourcery/Sourcery_CodeBench_for_ARM_EABI/bin/../lib/gcc/arm-none-eabi/4.7.2/../../../../arm-none-eabi/lib/armv7-m/libcs3micro.a(micro_isr_usage_fault.o)
 .ARM.attributes
                0x00000388       0x1b /home/tools/CodeSourcery/Sourcery_CodeBench_for_ARM_EABI/bin/../lib/gcc/arm-none-eabi/4.7.2/../../../../arm-none-eabi/lib/armv7-m/libcs3micro.a(micro_isr_svcall.o)
 .ARM.attributes
                0x000003a3       0x1b /home/tools/CodeSourcery/Sourcery_CodeBench_for_ARM_EABI/bin/../lib/gcc/arm-none-eabi/4.7.2/../../../../arm-none-eabi/lib/armv7-m/libcs3micro.a(micro_isr_debug.o)
 .ARM.attributes
                0x000003be       0x1b /home/tools/CodeSourcery/Sourcery_CodeBench_for_ARM_EABI/bin/../lib/gcc/arm-none-eabi/4.7.2/../../../../arm-none-eabi/lib/armv7-m/libcs3micro.a(micro_isr_pendsv.o)
 .ARM.attributes
                0x000003d9       0x1b /home/tools/CodeSourcery/Sourcery_CodeBench_for_ARM_EABI/bin/../lib/gcc/arm-none-eabi/4.7.2/../../../../arm-none-eabi/lib/armv7-m/libcs3micro.a(micro_isr_systick.o)
 .ARM.attributes
                0x000003f4       0x2d /home/tools/CodeSourcery/Sourcery_CodeBench_for_ARM_EABI/bin/../lib/gcc/arm-none-eabi/4.7.2/../../../../arm-none-eabi/lib/armv7-m/libc.a(lib_a-init.o)

/DISCARD/
 *(.note.GNU-stack)
OUTPUT(Vista-CM3 elf32-littlearm)

.debug_macro    0x00000000     0x164d
 .debug_macro   0x00000000       0x81 /home/jon/VistaModels/ARM/m3/CBwork/Vista-CM3/Debug/src/demo.o
 .debug_macro   0x00000081      0x808 /home/jon/VistaModels/ARM/m3/CBwork/Vista-CM3/Debug/src/demo.o
 .debug_macro   0x00000889       0x28 /home/jon/VistaModels/ARM/m3/CBwork/Vista-CM3/Debug/src/demo.o
 .debug_macro   0x000008b1       0x3a /home/jon/VistaModels/ARM/m3/CBwork/Vista-CM3/Debug/src/demo.o
 .debug_macro   0x000008eb      0x215 /home/jon/VistaModels/ARM/m3/CBwork/Vista-CM3/Debug/src/demo.o
 .debug_macro   0x00000b00       0x18 /home/jon/VistaModels/ARM/m3/CBwork/Vista-CM3/Debug/src/demo.o
 .debug_macro   0x00000b18      0xa7d /home/jon/VistaModels/ARM/m3/CBwork/Vista-CM3/Debug/src/demo.o
 .debug_macro   0x00001595       0x43 /home/jon/VistaModels/ARM/m3/CBwork/Vista-CM3/Debug/src/demo.o
 .debug_macro   0x000015d8       0x75 /home/jon/VistaModels/ARM/m3/CBwork/Vista-CM3/Debug/CMSIS/system_VistaCM3.o

.comment        0x00000000       0x2b
 .comment       0x00000000       0x2b /home/jon/VistaModels/ARM/m3/CBwork/Vista-CM3/Debug/src/demo.o
                                 0x2c (size before relaxing)
 .comment       0x00000000       0x2c /home/jon/VistaModels/ARM/m3/CBwork/Vista-CM3/Debug/CMSIS/system_VistaCM3.o
