Archive member included because of file (symbol)

/home/tools/CodeSourcery/Sourcery_CodeBench_for_ARM_EABI/bin/../lib/gcc/arm-none-eabi/4.7.2/../../../../arm-none-eabi/lib/armv7-m/libc.a(lib_a-atexit.o)
                              (atexit)
/home/tools/CodeSourcery/Sourcery_CodeBench_for_ARM_EABI/bin/../lib/gcc/arm-none-eabi/4.7.2/../../../../arm-none-eabi/lib/armv7-m/libc.a(lib_a-exit.o)
                              (exit)
/home/tools/CodeSourcery/Sourcery_CodeBench_for_ARM_EABI/bin/../lib/gcc/arm-none-eabi/4.7.2/../../../../arm-none-eabi/lib/armv7-m/libc.a(lib_a-printf.o)
                              /home/jon/VistaModels/ARM/m3/CBwork/demo/Debug/demo.o (printf)
/home/tools/CodeSourcery/Sourcery_CodeBench_for_ARM_EABI/bin/../lib/gcc/arm-none-eabi/4.7.2/../../../../arm-none-eabi/lib/armv7-m/libc.a(lib_a-sinit.o)
                              /home/tools/CodeSourcery/Sourcery_CodeBench_for_ARM_EABI/bin/../lib/gcc/arm-none-eabi/4.7.2/../../../../arm-none-eabi/lib/armv7-m/libc.a(lib_a-printf.o) (__sinit)
/home/tools/CodeSourcery/Sourcery_CodeBench_for_ARM_EABI/bin/../lib/gcc/arm-none-eabi/4.7.2/../../../../arm-none-eabi/lib/armv7-m/libc.a(lib_a-stdout.o)
                              /home/tools/CodeSourcery/Sourcery_CodeBench_for_ARM_EABI/bin/../lib/gcc/arm-none-eabi/4.7.2/../../../../arm-none-eabi/lib/armv7-m/libc.a(lib_a-printf.o) (_cslibc_global__stdout)
/home/tools/CodeSourcery/Sourcery_CodeBench_for_ARM_EABI/bin/../lib/gcc/arm-none-eabi/4.7.2/../../../../arm-none-eabi/lib/armv7-m/libc.a(lib_a-vfprintf.o)
                              /home/tools/CodeSourcery/Sourcery_CodeBench_for_ARM_EABI/bin/../lib/gcc/arm-none-eabi/4.7.2/../../../../arm-none-eabi/lib/armv7-m/libc.a(lib_a-printf.o) (_vfprintf_r)
/home/tools/CodeSourcery/Sourcery_CodeBench_for_ARM_EABI/bin/../lib/gcc/arm-none-eabi/4.7.2/../../../../arm-none-eabi/lib/armv7-m/libc.a(lib_a-vfsprint.o)
                              /home/tools/CodeSourcery/Sourcery_CodeBench_for_ARM_EABI/bin/../lib/gcc/arm-none-eabi/4.7.2/../../../../arm-none-eabi/lib/armv7-m/libc.a(lib_a-vfprintf.o) (__sprint_r)
/home/tools/CodeSourcery/Sourcery_CodeBench_for_ARM_EABI/bin/../lib/gcc/arm-none-eabi/4.7.2/../../../../arm-none-eabi/lib/armv7-m/libc.a(lib_a-wsetup.o)
                              /home/tools/CodeSourcery/Sourcery_CodeBench_for_ARM_EABI/bin/../lib/gcc/arm-none-eabi/4.7.2/../../../../arm-none-eabi/lib/armv7-m/libc.a(lib_a-vfprintf.o) (__swsetup_r)
/home/tools/CodeSourcery/Sourcery_CodeBench_for_ARM_EABI/bin/../lib/gcc/arm-none-eabi/4.7.2/../../../../arm-none-eabi/lib/armv7-m/libc.a(lib_a-__atexit.o)
                              /home/tools/CodeSourcery/Sourcery_CodeBench_for_ARM_EABI/bin/../lib/gcc/arm-none-eabi/4.7.2/../../../../arm-none-eabi/lib/armv7-m/libc.a(lib_a-atexit.o) (__register_exitproc)
/home/tools/CodeSourcery/Sourcery_CodeBench_for_ARM_EABI/bin/../lib/gcc/arm-none-eabi/4.7.2/../../../../arm-none-eabi/lib/armv7-m/libc.a(lib_a-__atexitg.o)
                              /home/tools/CodeSourcery/Sourcery_CodeBench_for_ARM_EABI/bin/../lib/gcc/arm-none-eabi/4.7.2/../../../../arm-none-eabi/lib/armv7-m/libc.a(lib_a-__atexit.o) (_cslibc_global__atexit0)
/home/tools/CodeSourcery/Sourcery_CodeBench_for_ARM_EABI/bin/../lib/gcc/arm-none-eabi/4.7.2/../../../../arm-none-eabi/lib/armv7-m/libc.a(lib_a-__call_atexit.o)
                              /home/tools/CodeSourcery/Sourcery_CodeBench_for_ARM_EABI/bin/../lib/gcc/arm-none-eabi/4.7.2/../../../../arm-none-eabi/lib/armv7-m/libc.a(lib_a-exit.o) (__call_exitprocs)
/home/tools/CodeSourcery/Sourcery_CodeBench_for_ARM_EABI/bin/../lib/gcc/arm-none-eabi/4.7.2/../../../../arm-none-eabi/lib/armv7-m/libc.a(lib_a-__fpspecifierhelp.o)
                              /home/tools/CodeSourcery/Sourcery_CodeBench_for_ARM_EABI/bin/../lib/gcc/arm-none-eabi/4.7.2/../../../../arm-none-eabi/lib/armv7-m/libc.a(lib_a-vfprintf.o) (__cslibc$printf_fp_override)
/home/tools/CodeSourcery/Sourcery_CodeBench_for_ARM_EABI/bin/../lib/gcc/arm-none-eabi/4.7.2/../../../../arm-none-eabi/lib/armv7-m/libc.a(lib_a-_cleanup.o)
                              /home/tools/CodeSourcery/Sourcery_CodeBench_for_ARM_EABI/bin/../lib/gcc/arm-none-eabi/4.7.2/../../../../arm-none-eabi/lib/armv7-m/libc.a(lib_a-sinit.o) (_cleanup_r)
/home/tools/CodeSourcery/Sourcery_CodeBench_for_ARM_EABI/bin/../lib/gcc/arm-none-eabi/4.7.2/../../../../arm-none-eabi/lib/armv7-m/libc.a(lib_a-cleanupg.o)
                              /home/tools/CodeSourcery/Sourcery_CodeBench_for_ARM_EABI/bin/../lib/gcc/arm-none-eabi/4.7.2/../../../../arm-none-eabi/lib/armv7-m/libc.a(lib_a-exit.o) (_cslibc_global___cleanup)
/home/tools/CodeSourcery/Sourcery_CodeBench_for_ARM_EABI/bin/../lib/gcc/arm-none-eabi/4.7.2/../../../../arm-none-eabi/lib/armv7-m/libc.a(lib_a-dtoa.o)
                              /home/tools/CodeSourcery/Sourcery_CodeBench_for_ARM_EABI/bin/../lib/gcc/arm-none-eabi/4.7.2/../../../../arm-none-eabi/lib/armv7-m/libc.a(lib_a-__fpspecifierhelp.o) (dtoa)
[...]
Memory Configuration

Name             Origin             Length             Attributes
ram              0x00000000         0x08000000         xrw
*default*        0x00000000         0xffffffff

Linker script and memory map

LOAD /home/tools/CodeSourcery/Sourcery_CodeBench_for_ARM_EABI/bin/../lib/gcc/arm-none-eabi/4.7.2/armv7-m/crti.o
LOAD /home/tools/CodeSourcery/Sourcery_CodeBench_for_ARM_EABI/bin/../lib/gcc/arm-none-eabi/4.7.2/armv7-m/crtbegin.o
LOAD /home/jon/VistaModels/ARM/m3/CBwork/demo/Debug/demo.o
LOAD /home/tools/CodeSourcery/Sourcery_CodeBench_for_ARM_EABI/bin/../lib/gcc/arm-none-eabi/4.7.2/../../../../arm-none-eabi/lib/armv7-m/libm.a
START GROUP
LOAD /home/tools/CodeSourcery/Sourcery_CodeBench_for_ARM_EABI/bin/../lib/gcc/arm-none-eabi/4.7.2/armv7-m/libgcc.a
LOAD /home/tools/CodeSourcery/Sourcery_CodeBench_for_ARM_EABI/bin/../lib/gcc/arm-none-eabi/4.7.2/../../../../arm-none-eabi/lib/armv7-m/libc.a
END GROUP
LOAD /home/tools/CodeSourcery/Sourcery_CodeBench_for_ARM_EABI/bin/../lib/gcc/arm-none-eabi/4.7.2/armv7-m/crtend.o
LOAD /home/tools/CodeSourcery/Sourcery_CodeBench_for_ARM_EABI/bin/../lib/gcc/arm-none-eabi/4.7.2/armv7-m/crtn.o
START GROUP
LOAD /home/tools/CodeSourcery/Sourcery_CodeBench_for_ARM_EABI/bin/../lib/gcc/arm-none-eabi/4.7.2/armv7-m/libgcc.a
LOAD /home/tools/CodeSourcery/Sourcery_CodeBench_for_ARM_EABI/bin/../lib/gcc/arm-none-eabi/4.7.2/../../../../arm-none-eabi/lib/armv7-m/libc.a
LOAD /home/tools/CodeSourcery/Sourcery_CodeBench_for_ARM_EABI/bin/../lib/gcc/arm-none-eabi/4.7.2/../../../../arm-none-eabi/lib/armv7-m/libcs3.a
LOAD /home/tools/CodeSourcery/Sourcery_CodeBench_for_ARM_EABI/bin/../lib/gcc/arm-none-eabi/4.7.2/../../../../arm-none-eabi/lib/armv7-m/libcs3hosted.a
LOAD /home/tools/CodeSourcery/Sourcery_CodeBench_for_ARM_EABI/bin/../lib/gcc/arm-none-eabi/4.7.2/../../../../arm-none-eabi/lib/armv7-m/libcs3micro.a
END GROUP
                0x00005ff0                PROVIDE (__cs3_heap_start, _end)
                0x00106000                PROVIDE (__cs3_heap_end, (__cs3_region_start_ram + __cs3_region_size_ram))
                0x00000001                PROVIDE (__cs3_region_num, ((__cs3_regions_end - __cs3_regions) / 0x14))
                0x00005870                __libc_fini = _fini
                0x00106000                PROVIDE (__cs3_stack, (__cs3_region_start_ram + __cs3_region_size_ram))

.text           0x00000000     0x5648
 CREATE_OBJECT_SYMBOLS
                0x00000000                __cs3_region_start_ram = .
                0x00000000                _ftext = .
 *(.cs3.region-head.ram)
                0x00000000                __cs3_interrupt_vector = __cs3_interrupt_vector_micro
 *(.cs3.interrupt_vector)
 .cs3.interrupt_vector
                0x00000000       0xc0 /home/tools/CodeSourcery/Sourcery_CodeBench_for_ARM_EABI/bin/../lib/gcc/arm-none-eabi/4.7.2/../../../../arm-none-eabi/lib/armv7-m/libcs3micro.a(micro-vector.o)
                0x00000000                __cs3_interrupt_vector_micro
                0x00000001                ASSERT ((. != __cs3_interrupt_vector_micro), No interrupt vector)
                0x000000c0                PROVIDE (__cs3_reset, __cs3_reset_qemu_micro)
 *(.cs3.reset)
 .cs3.reset     0x000000c0       0x18 /home/tools/CodeSourcery/Sourcery_CodeBench_for_ARM_EABI/bin/../lib/gcc/arm-none-eabi/4.7.2/../../../../arm-none-eabi/lib/armv7-m/libcs3.a(qemu-micro-reset.o)
                0x000000c0                __cs3_reset_qemu_micro
                [0x000000d8]                __cs3_start_asm_sim = DEFINED (__cs3_start_asm)?__cs3_start_asm:__cs3_start_asm_sim
 *(.text.cs3.init)
 .text.cs3.init
                0x000000d8       0x38 /home/tools/CodeSourcery/Sourcery_CodeBench_for_ARM_EABI/bin/../lib/gcc/arm-none-eabi/4.7.2/../../../../arm-none-eabi/lib/armv7-m/libcs3.a(start-sim.o)
                0x000000d8                __cs3_start_asm_sim
 .text.cs3.init
                0x00000110       0x58 /home/tools/CodeSourcery/Sourcery_CodeBench_for_ARM_EABI/bin/../lib/gcc/arm-none-eabi/4.7.2/../../../../arm-none-eabi/lib/armv7-m/libcs3.a(start_c.o)
                0x00000110                __cs3_start_c
 *(.text .text.* .gnu.linkonce.t.*)
 .text          0x00000168        0x0 /home/tools/CodeSourcery/Sourcery_CodeBench_for_ARM_EABI/bin/../lib/gcc/arm-none-eabi/4.7.2/armv7-m/crti.o
 .text          0x00000168       0xb0 /home/tools/CodeSourcery/Sourcery_CodeBench_for_ARM_EABI/bin/../lib/gcc/arm-none-eabi/4.7.2/armv7-m/crtbegin.o
 .text          0x00000218      0x238 /home/jon/VistaModels/ARM/m3/CBwork/demo/Debug/demo.o
                0x00000248                isPrime
                0x000002d8                GetNextPrimes
                0x0000033c                writeUart
                0x00000370                main
                0x00000424                __cs3_isr_external_1
 .text          0x00000450        0xc /home/tools/CodeSourcery/Sourcery_CodeBench_for_ARM_EABI/bin/../lib/gcc/arm-none-eabi/4.7.2/../../../../arm-none-eabi/lib/armv7-m/libc.a(lib_a-atexit.o)
                0x00000450                atexit
 .text          0x0000045c       0x1c /home/tools/CodeSourcery/Sourcery_CodeBench_for_ARM_EABI/bin/../lib/gcc/arm-none-eabi/4.7.2/../../../../arm-none-eabi/lib/armv7-m/libc.a(lib_a-exit.o)
                0x0000045c                exit
 .text          0x00000478       0x38 /home/tools/CodeSourcery/Sourcery_CodeBench_for_ARM_EABI/bin/../lib/gcc/arm-none-eabi/4.7.2/../../../../arm-none-eabi/lib/armv7-m/libc.a(lib_a-printf.o)
                0x00000478                printf
 .text          0x000004b0       0x30 /home/tools/CodeSourcery/Sourcery_CodeBench_for_ARM_EABI/bin/../lib/gcc/arm-none-eabi/4.7.2/../../../../arm-none-eabi/lib/armv7-m/libc.a(lib_a-sinit.o)
                0x000004b0                __sinit
                0x000004dc                __sinit_lock_acquire
                0x000004de                __sinit_lock_release
 .text          0x000004e0        0x0 /home/tools/CodeSourcery/Sourcery_CodeBench_for_ARM_EABI/bin/../lib/gcc/arm-none-eabi/4.7.2/../../../../arm-none-eabi/lib/armv7-m/libc.a(lib_a-stdout.o)
 .text.startup  0x000004e0       0x54 /home/tools/CodeSourcery/Sourcery_CodeBench_for_ARM_EABI/bin/../lib/gcc/arm-none-eabi/4.7.2/../../../../arm-none-eabi/lib/armv7-m/libc.a(lib_a-stdout.o)
 .text          0x00000534      0xf08 /home/tools/CodeSourcery/Sourcery_CodeBench_for_ARM_EABI/bin/../lib/gcc/arm-none-eabi/4.7.2/../../../../arm-none-eabi/lib/armv7-m/libc.a(lib_a-vfprintf.o)
                0x00000534                _vfprintf_r
                0x00001420                vfprintf
 .text          0x0000143c       0x1a /home/tools/CodeSourcery/Sourcery_CodeBench_for_ARM_EABI/bin/../lib/gcc/arm-none-eabi/4.7.2/../../../../arm-none-eabi/lib/armv7-m/libc.a(lib_a-vfsprint.o)
                0x0000143c                __sprint_r
 *fill*         0x00001456        0x2 
 .text          0x00001458       0xb0 /home/tools/CodeSourcery/Sourcery_CodeBench_for_ARM_EABI/bin/../lib/gcc/arm-none-eabi/4.7.2/../../../../arm-none-eabi/lib/armv7-m/libc.a(lib_a-wsetup.o)
                0x00001458                __swsetup_r
 .text          0x00001508       0xb0 /home/tools/CodeSourcery/Sourcery_CodeBench_for_ARM_EABI/bin/../lib/gcc/arm-none-eabi/4.7.2/../../../../arm-none-eabi/lib/armv7-m/libc.a(lib_a-__atexit.o)
                0x00001508                __register_exitproc
 .text          0x000015b8        0x0 /home/tools/CodeSourcery/Sourcery_CodeBench_for_ARM_EABI/bin/../lib/gcc/arm-none-eabi/4.7.2/../../../../arm-none-eabi/lib/armv7-m/libc.a(lib_a-__atexitg.o)
 .text          0x000015b8       0xdc /home/tools/CodeSourcery/Sourcery_CodeBench_for_ARM_EABI/bin/../lib/gcc/arm-none-eabi/4.7.2/../../../../arm-none-eabi/lib/armv7-m/libc.a(lib_a-__call_atexit.o)
                0x000015b8                __call_exitprocs
 .text.startup  0x00001694       0x14 /home/tools/CodeSourcery/Sourcery_CodeBench_for_ARM_EABI/bin/../lib/gcc/arm-none-eabi/4.7.2/../../../../arm-none-eabi/lib/armv7-m/libc.a(lib_a-__call_atexit.o)
 .text          0x000016a8      0x264 /home/tools/CodeSourcery/Sourcery_CodeBench_for_ARM_EABI/bin/../lib/gcc/arm-none-eabi/4.7.2/../../../../arm-none-eabi/lib/armv7-m/libc.a(lib_a-__fpspecifierhelp.o)
                0x000016a8                __handle_fp_specifiers
 .text          0x0000190c       0x10 /home/tools/CodeSourcery/Sourcery_CodeBench_for_ARM_EABI/bin/../lib/gcc/arm-none-eabi/4.7.2/../../../../arm-none-eabi/lib/armv7-m/libc.a(lib_a-_cleanup.o)
                0x0000190c                _cleanup_r
                0x00001918                _cleanup
 .text          0x0000191c        0x0 /home/tools/CodeSourcery/Sourcery_CodeBench_for_ARM_EABI/bin/../lib/gcc/arm-none-eabi/4.7.2/../../../../arm-none-eabi/lib/armv7-m/libc.a(lib_a-cleanupg.o)
 *fill*         0x0000191c        0x4 
 .text          0x00001920      0xc70 /home/tools/CodeSourcery/Sourcery_CodeBench_for_ARM_EABI/bin/../lib/gcc/arm-none-eabi/4.7.2/../../../../arm-none-eabi/lib/armv7-m/libc.a(lib_a-dtoa.o)
                0x00001a3e                dtoa
 .text          0x00002590       0x80 /home/tools/CodeSourcery/Sourcery_CodeBench_for_ARM_EABI/bin/../lib/gcc/arm-none-eabi/4.7.2/../../../../arm-none-eabi/lib/armv7-m/libc.a(lib_a-fclose.o)
                0x00002590                fclose
 .text          0x00002610      0x168 /home/tools/CodeSourcery/Sourcery_CodeBench_for_ARM_EABI/bin/../lib/gcc/arm-none-eabi/4.7.2/../../../../arm-none-eabi/lib/armv7-m/libc.a(lib_a-fflush.o)
                0x00002610                _fflush_r
                0x0000275c                fflush
 .text          0x00002778       0x30 /home/tools/CodeSourcery/Sourcery_CodeBench_for_ARM_EABI/bin/../lib/gcc/arm-none-eabi/4.7.2/../../../../arm-none-eabi/lib/armv7-m/libc.a(lib_a-fini.o)
                0x00002778                __libc_fini_array
 .text          0x000027a8      0x238 /home/tools/CodeSourcery/Sourcery_CodeBench_for_ARM_EABI/bin/../lib/gcc/arm-none-eabi/4.7.2/../../../../arm-none-eabi/lib/armv7-m/libc.a(lib_a-fvwrite.o)
                0x000027a8                __sfvwrite_r
 .text          0x000029e0       0x44 /home/tools/CodeSourcery/Sourcery_CodeBench_for_ARM_EABI/bin/../lib/gcc/arm-none-eabi/4.7.2/../../../../arm-none-eabi/lib/armv7-m/libc.a(lib_a-fwalk.o)
                0x000029e0                _fwalk_nonreent
 .text          0x00002a24        0x0 /home/tools/CodeSourcery/Sourcery_CodeBench_for_ARM_EABI/bin/../lib/gcc/arm-none-eabi/4.7.2/../../../../arm-none-eabi/lib/armv7-m/libc.a(lib_a-impure.o)
 .text          0x00002a24       0x6c /home/tools/CodeSourcery/Sourcery_CodeBench_for_ARM_EABI/bin/../lib/gcc/arm-none-eabi/4.7.2/../../../../arm-none-eabi/lib/armv7-m/libc.a(lib_a-locale.o)
                0x00002a24                setlocale
                0x00002a68                __locale_charset
                0x00002a70                __locale_mb_cur_max
                0x00002a7c                __locale_msgcharset
                0x00002a84                __locale_cjk_lang
                0x00002a88                localeconv
 .text          0x00002a90       0xa0 /home/tools/CodeSourcery/Sourcery_CodeBench_for_ARM_EABI/bin/../lib/gcc/arm-none-eabi/4.7.2/../../../../arm-none-eabi/lib/armv7-m/libc.a(lib_a-makebuf.o)
                0x00002a90                __smakebuf_r
 .text          0x00002b30       0x20 /home/tools/CodeSourcery/Sourcery_CodeBench_for_ARM_EABI/bin/../lib/gcc/arm-none-eabi/4.7.2/../../../../arm-none-eabi/lib/armv7-m/libc.a(lib_a-malloc.o)
                0x00002b30                malloc
                0x00002b40                free
 .text          0x00002b50      0x3f8 /home/tools/CodeSourcery/Sourcery_CodeBench_for_ARM_EABI/bin/../lib/gcc/arm-none-eabi/4.7.2/../../../../arm-none-eabi/lib/armv7-m/libc.a(lib_a-mallocr.o)
                0x00002b50                _malloc_r
 .text          0x00002f48       0x94 /home/tools/CodeSourcery/Sourcery_CodeBench_for_ARM_EABI/bin/../lib/gcc/arm-none-eabi/4.7.2/../../../../arm-none-eabi/lib/armv7-m/libc.a(lib_a-memchr.o)
                0x00002f48                memchr
 .text          0x00002fdc       0xc8 /home/tools/CodeSourcery/Sourcery_CodeBench_for_ARM_EABI/bin/../lib/gcc/arm-none-eabi/4.7.2/../../../../arm-none-eabi/lib/armv7-m/libc.a(lib_a-memmove.o)
                0x00002fdc                memmove
 .text          0x000030a4        0x4 /home/tools/CodeSourcery/Sourcery_CodeBench_for_ARM_EABI/bin/../lib/gcc/arm-none-eabi/4.7.2/../../../../arm-none-eabi/lib/armv7-m/libc.a(lib_a-mlock.o)
                0x000030a4                __malloc_lock
                0x000030a6                __malloc_unlock
 .text          0x000030a8      0x834 /home/tools/CodeSourcery/Sourcery_CodeBench_for_ARM_EABI/bin/../lib/gcc/arm-none-eabi/4.7.2/../../../../arm-none-eabi/lib/armv7-m/libc.a(lib_a-mprec.o)
                0x000030a8                _Balloc
                0x00003110                _Bfree
                0x0000313e                __multadd
                0x000031b2                __s2b
                0x00003230                __hi0bits
                0x0000326e                __lo0bits
                0x000032c8                __i2b
                0x000032da                __multiply
                0x000033fe                __pow5mult
                0x000034a0                __lshift
                0x00003548                __mcmp
                0x00003582                __mdiff
                0x00003648                __ulp
                0x00003688                __b2d
                0x00003734                __d2b
                0x000037de                __ratio
                0x00003828                _mprec_log10
                0x0000385c                __copybits
                0x00003890                __any_on
 .text          0x000038dc       0x1e /home/tools/CodeSourcery/Sourcery_CodeBench_for_ARM_EABI/bin/../lib/gcc/arm-none-eabi/4.7.2/../../../../arm-none-eabi/lib/armv7-m/libc.a(lib_a-s_isinf.o)
                0x000038dc                isinf
 .text          0x000038fa       0x18 /home/tools/CodeSourcery/Sourcery_CodeBench_for_ARM_EABI/bin/../lib/gcc/arm-none-eabi/4.7.2/../../../../arm-none-eabi/lib/armv7-m/libc.a(lib_a-s_isnan.o)
                0x000038fa                isnan
 .text          0x00003912        0x4 /home/tools/CodeSourcery/Sourcery_CodeBench_for_ARM_EABI/bin/../lib/gcc/arm-none-eabi/4.7.2/../../../../arm-none-eabi/lib/armv7-m/libc.a(lib_a-sfplock.o)
                0x00003912                __sfp_lock_acquire
                0x00003914                __sfp_lock_release
 .text          0x00003916        0x0 /home/tools/CodeSourcery/Sourcery_CodeBench_for_ARM_EABI/bin/../lib/gcc/arm-none-eabi/4.7.2/../../../../arm-none-eabi/lib/armv7-m/libc.a(lib_a-sglueg.o)
 *fill*         0x00003916        0x2 
 .text          0x00003918       0xd4 /home/tools/CodeSourcery/Sourcery_CodeBench_for_ARM_EABI/bin/../lib/gcc/arm-none-eabi/4.7.2/../../../../arm-none-eabi/lib/armv7-m/libc.a(lib_a-stdio.o)
                0x00003918                __sclose
                0x00003920                __sseek
                0x00003948                __swrite
                0x0000397e                __sread
                0x000039a4                _cslibc_global_std
 .text          0x000039ec      0x1f0 /home/tools/CodeSourcery/Sourcery_CodeBench_for_ARM_EABI/bin/../lib/gcc/arm-none-eabi/4.7.2/../../../../arm-none-eabi/lib/armv7-m/libc.a(lib_a-strcmp.o)
                0x000039ec                strcmp
 .text          0x00003bdc       0x64 /home/tools/CodeSourcery/Sourcery_CodeBench_for_ARM_EABI/bin/../lib/gcc/arm-none-eabi/4.7.2/../../../../arm-none-eabi/lib/armv7-m/libc.a(lib_a-strlen.o)
                0x00003bdc                strlen
 .text          0x00003c40       0x9c /home/tools/CodeSourcery/Sourcery_CodeBench_for_ARM_EABI/bin/../lib/gcc/arm-none-eabi/4.7.2/../../../../arm-none-eabi/lib/armv7-m/libc.a(lib_a-__stdiobufferinghelp.o)
                0x00003c40                __init_stdio_buffer
                0x00003ca0                __alloc_stdio_buffer
                0x00003cd4                __free_stdio_buffer
 .text          0x00003cdc      0x2d0 /home/tools/CodeSourcery/Sourcery_CodeBench_for_ARM_EABI/bin/../lib/gcc/arm-none-eabi/4.7.2/../../../../arm-none-eabi/lib/armv7-m/libc.a(lib_a-asm-memcpy.o)
                0x00003cdc                memcpy
 .text          0x00003fac       0x14 /home/tools/CodeSourcery/Sourcery_CodeBench_for_ARM_EABI/bin/../lib/gcc/arm-none-eabi/4.7.2/../../../../arm-none-eabi/lib/armv7-m/libc.a(lib_a-calloc.o)
                0x00003fac                calloc
 .text          0x00003fc0       0x5a /home/tools/CodeSourcery/Sourcery_CodeBench_for_ARM_EABI/bin/../lib/gcc/arm-none-eabi/4.7.2/../../../../arm-none-eabi/lib/armv7-m/libc.a(lib_a-callocr.o)
                0x00003fc0                _calloc_r
 .text          0x0000401a        0x0 /home/tools/CodeSourcery/Sourcery_CodeBench_for_ARM_EABI/bin/../lib/gcc/arm-none-eabi/4.7.2/../../../../arm-none-eabi/lib/armv7-m/libc.a(lib_a-errnog.o)
 *fill*         0x0000401a        0x2 
 .text          0x0000401c      0x200 /home/tools/CodeSourcery/Sourcery_CodeBench_for_ARM_EABI/bin/../lib/gcc/arm-none-eabi/4.7.2/../../../../arm-none-eabi/lib/armv7-m/libc.a(lib_a-freer.o)
                0x0000401c                _malloc_trim_r
                0x000040b4                _free_r
 .text          0x0000421c      0x110 /home/tools/CodeSourcery/Sourcery_CodeBench_for_ARM_EABI/bin/../lib/gcc/arm-none-eabi/4.7.2/../../../../arm-none-eabi/lib/armv7-m/libc.a(lib_a-memset.o)
                0x0000421c                memset
 .text          0x0000432c      0x370 /home/tools/CodeSourcery/Sourcery_CodeBench_for_ARM_EABI/bin/../lib/gcc/arm-none-eabi/4.7.2/armv7-m/libgcc.a(_arm_addsubdf3.o)
                0x0000432c                __aeabi_drsub
                0x00004334                __aeabi_dsub
                0x00004334                __subdf3
                0x00004338                __adddf3
                0x00004338                __aeabi_dadd
                0x000045b0                __aeabi_ui2d
                0x000045b0                __floatunsidf
                0x000045d0                __floatsidf
                0x000045d0                __aeabi_i2d
                0x000045f4                __extendsfdf2
                0x000045f4                __aeabi_f2d
                0x00004630                __aeabi_ul2d
                0x00004630                __floatundidf
                0x00004640                __floatdidf
                0x00004640                __aeabi_l2d
 .text          0x0000469c      0x424 /home/tools/CodeSourcery/Sourcery_CodeBench_for_ARM_EABI/bin/../lib/gcc/arm-none-eabi/4.7.2/armv7-m/libgcc.a(_arm_muldivdf3.o)
                0x0000469c                __aeabi_dmul
                0x0000469c                __muldf3
                0x000048f0                __aeabi_ddiv
                0x000048f0                __divdf3
 .text          0x00004ac0      0x110 /home/tools/CodeSourcery/Sourcery_CodeBench_for_ARM_EABI/bin/../lib/gcc/arm-none-eabi/4.7.2/armv7-m/libgcc.a(_arm_cmpdf2.o)
                0x00004ac0                __gtdf2
                0x00004ac0                __gedf2
                0x00004ac8                __ltdf2
                0x00004ac8                __ledf2
                0x00004ad0                __cmpdf2
                0x00004ad0                __eqdf2
                0x00004ad0                __nedf2
                0x00004b4c                __aeabi_cdrcmple
                0x00004b5c                __aeabi_cdcmple
                0x00004b5c                __aeabi_cdcmpeq
                0x00004b6c                __aeabi_dcmpeq
                0x00004b80                __aeabi_dcmplt
                0x00004b94                __aeabi_dcmple
                0x00004ba8                __aeabi_dcmpge
                0x00004bbc                __aeabi_dcmpgt
 .text          0x00004bd0       0x50 /home/tools/CodeSourcery/Sourcery_CodeBench_for_ARM_EABI/bin/../lib/gcc/arm-none-eabi/4.7.2/armv7-m/libgcc.a(_arm_fixdfsi.o)
                0x00004bd0                __fixdfsi
                0x00004bd0                __aeabi_d2iz
 .text          0x00004c20       0x2c /home/tools/CodeSourcery/Sourcery_CodeBench_for_ARM_EABI/bin/../lib/gcc/arm-none-eabi/4.7.2/armv7-m/libgcc.a(_aeabi_uldivmod.o)
                0x00004c20                __aeabi_uldivmod
 .text          0x00004c4c       0x60 /home/tools/CodeSourcery/Sourcery_CodeBench_for_ARM_EABI/bin/../lib/gcc/arm-none-eabi/4.7.2/armv7-m/libgcc.a(bpabi.o)
                0x00004c4c                __gnu_ldivmod_helper
                0x00004c7c                __gnu_uldivmod_helper
 .text          0x00004cac        0x4 /home/tools/CodeSourcery/Sourcery_CodeBench_for_ARM_EABI/bin/../lib/gcc/arm-none-eabi/4.7.2/armv7-m/libgcc.a(_dvmd_tls.o)
                0x00004cac                __aeabi_ldiv0
                0x00004cac                __aeabi_idiv0
 .text          0x00004cb0      0x2bc /home/tools/CodeSourcery/Sourcery_CodeBench_for_ARM_EABI/bin/../lib/gcc/arm-none-eabi/4.7.2/armv7-m/libgcc.a(_divdi3.o)
                0x00004cb0                __divdi3
 .text          0x00004f6c      0x28c /home/tools/CodeSourcery/Sourcery_CodeBench_for_ARM_EABI/bin/../lib/gcc/arm-none-eabi/4.7.2/armv7-m/libgcc.a(_udivdi3.o)
                0x00004f6c                __udivdi3
 .text          0x000051f8        0x0 /home/tools/CodeSourcery/Sourcery_CodeBench_for_ARM_EABI/bin/../lib/gcc/arm-none-eabi/4.7.2/armv7-m/crtend.o
 .text          0x000051f8        0x0 /home/tools/CodeSourcery/Sourcery_CodeBench_for_ARM_EABI/bin/../lib/gcc/arm-none-eabi/4.7.2/armv7-m/crtn.o
 .text          0x000051f8        0x0 /home/tools/CodeSourcery/Sourcery_CodeBench_for_ARM_EABI/bin/../lib/gcc/arm-none-eabi/4.7.2/../../../../arm-none-eabi/lib/armv7-m/libcs3.a(start-sim.o)
 .text          0x000051f8       0x30 /home/tools/CodeSourcery/Sourcery_CodeBench_for_ARM_EABI/bin/../lib/gcc/arm-none-eabi/4.7.2/../../../../arm-none-eabi/lib/armv7-m/libcs3.a(start_c.o)
                0x000051f8                __cs3_premain
 .text          0x00005228        0x0 /home/tools/CodeSourcery/Sourcery_CodeBench_for_ARM_EABI/bin/../lib/gcc/arm-none-eabi/4.7.2/../../../../arm-none-eabi/lib/armv7-m/libcs3.a(heap.o)
 .text          0x00005228        0x0 /home/tools/CodeSourcery/Sourcery_CodeBench_for_ARM_EABI/bin/../lib/gcc/arm-none-eabi/4.7.2/../../../../arm-none-eabi/lib/armv7-m/libcs3.a(qemu-micro-reset.o)
 .text          0x00005228       0x4a /home/tools/CodeSourcery/Sourcery_CodeBench_for_ARM_EABI/bin/../lib/gcc/arm-none-eabi/4.7.2/../../../../arm-none-eabi/lib/armv7-m/libcs3hosted.a(hosted-_close.o)
                0x00005228                _close
 *fill*         0x00005272        0x2 
 .text          0x00005274       0x10 /home/tools/CodeSourcery/Sourcery_CodeBench_for_ARM_EABI/bin/../lib/gcc/arm-none-eabi/4.7.2/../../../../arm-none-eabi/lib/armv7-m/libcs3hosted.a(hosted-_exit.o)
                0x00005274                _exit
 .text          0x00005284       0x3e /home/tools/CodeSourcery/Sourcery_CodeBench_for_ARM_EABI/bin/../lib/gcc/arm-none-eabi/4.7.2/../../../../arm-none-eabi/lib/armv7-m/libcs3hosted.a(hosted-_fstat.o)
                0x00005284                _fstat
 .text          0x000052c2       0x18 /home/tools/CodeSourcery/Sourcery_CodeBench_for_ARM_EABI/bin/../lib/gcc/arm-none-eabi/4.7.2/../../../../arm-none-eabi/lib/armv7-m/libcs3hosted.a(hosted-isatty.o)
                0x000052c2                _isatty
 .text          0x000052da       0x5c /home/tools/CodeSourcery/Sourcery_CodeBench_for_ARM_EABI/bin/../lib/gcc/arm-none-eabi/4.7.2/../../../../arm-none-eabi/lib/armv7-m/libcs3hosted.a(hosted-_lseek.o)
                0x000052da                _lseek
 .text          0x00005336       0x36 /home/tools/CodeSourcery/Sourcery_CodeBench_for_ARM_EABI/bin/../lib/gcc/arm-none-eabi/4.7.2/../../../../arm-none-eabi/lib/armv7-m/libcs3hosted.a(hosted-_read.o)
                0x00005336                _read
 .text          0x0000536c       0x36 /home/tools/CodeSourcery/Sourcery_CodeBench_for_ARM_EABI/bin/../lib/gcc/arm-none-eabi/4.7.2/../../../../arm-none-eabi/lib/armv7-m/libcs3hosted.a(hosted-_write.o)
                0x0000536c                _write
 *fill*         0x000053a2        0x2 
 .text          0x000053a4       0x44 /home/tools/CodeSourcery/Sourcery_CodeBench_for_ARM_EABI/bin/../lib/gcc/arm-none-eabi/4.7.2/../../../../arm-none-eabi/lib/armv7-m/libcs3hosted.a(hosted-sbrk.o)
                0x000053a4                _sbrk
 .text          0x000053e8       0xf4 /home/tools/CodeSourcery/Sourcery_CodeBench_for_ARM_EABI/bin/../lib/gcc/arm-none-eabi/4.7.2/../../../../arm-none-eabi/lib/armv7-m/libcs3hosted.a(hosted-rdi.o)
                0x0000544c                __cs3_openslot
                0x00005484                __cs3_newslot
                0x000054c0                __cs3_checkerror
 .text.startup  0x000054dc       0xe8 /home/tools/CodeSourcery/Sourcery_CodeBench_for_ARM_EABI/bin/../lib/gcc/arm-none-eabi/4.7.2/../../../../arm-none-eabi/lib/armv7-m/libcs3hosted.a(hosted-rdi.o)
 .text          0x000055c4        0x0 /home/tools/CodeSourcery/Sourcery_CodeBench_for_ARM_EABI/bin/../lib/gcc/arm-none-eabi/4.7.2/../../../../arm-none-eabi/lib/armv7-m/libcs3micro.a(micro-vector.o)
 .text          0x000055c4        0x2 /home/tools/CodeSourcery/Sourcery_CodeBench_for_ARM_EABI/bin/../lib/gcc/arm-none-eabi/4.7.2/../../../../arm-none-eabi/lib/armv7-m/libcs3micro.a(micro_isr_interrupt.o)
                0x000055c4                __cs3_isr_external_24
                0x000055c4                __cs3_isr_external_9
                0x000055c4                __cs3_isr_external_14
                0x000055c4                __cs3_isr_reserved_9
                0x000055c4                __cs3_isr_external_4
                0x000055c4                __cs3_isr_external_21
                0x000055c4                __cs3_isr_external_0
                0x000055c4                __cs3_isr_external_27
                0x000055c4                __cs3_isr_external_11
                0x000055c4                __cs3_isr_external_3
                0x000055c4                __cs3_isr_external_16
                0x000055c4                __cs3_isr_external_31
                0x000055c4                __cs3_isr_external_5
                0x000055c4                __cs3_isr_external_6
                0x000055c4                __cs3_isr_external_12
                0x000055c4                __cs3_isr_external_13
                0x000055c4                __cs3_isr_external_30
                0x000055c4                __cs3_isr_external_23
                0x000055c4                __cs3_isr_external_20
                0x000055c4                __cs3_isr_reserved_13
                0x000055c4                __cs3_isr_external_8
                0x000055c4                __cs3_isr_external_26
                0x000055c4                __cs3_isr_reserved_8
                0x000055c4                __cs3_isr_reserved_7
                0x000055c4                __cs3_isr_external_7
                0x000055c4                __cs3_isr_external_28
                0x000055c4                __cs3_isr_external_22
                0x000055c4                __cs3_isr_external_10
                0x000055c4                __cs3_isr_external_15
                0x000055c4                __cs3_isr_interrupt
                0x000055c4                __cs3_isr_external_18
                0x000055c4                __cs3_isr_external_29
                0x000055c4                __cs3_isr_external_25
                0x000055c4                __cs3_isr_reserved_10
                0x000055c4                __cs3_isr_external_2
                0x000055c4                __cs3_isr_external_17
                0x000055c4                __cs3_isr_external_19
 .text          0x000055c6        0x2 /home/tools/CodeSourcery/Sourcery_CodeBench_for_ARM_EABI/bin/../lib/gcc/arm-none-eabi/4.7.2/../../../../arm-none-eabi/lib/armv7-m/libcs3micro.a(micro_isr_nmi.o)
                0x000055c6                __cs3_isr_nmi
 .text          0x000055c8        0x2 /home/tools/CodeSourcery/Sourcery_CodeBench_for_ARM_EABI/bin/../lib/gcc/arm-none-eabi/4.7.2/../../../../arm-none-eabi/lib/armv7-m/libcs3micro.a(micro_isr_hard_fault.o)
                0x000055c8                __cs3_isr_hard_fault
 .text          0x000055ca        0x2 /home/tools/CodeSourcery/Sourcery_CodeBench_for_ARM_EABI/bin/../lib/gcc/arm-none-eabi/4.7.2/../../../../arm-none-eabi/lib/armv7-m/libcs3micro.a(micro_isr_mpu_fault.o)
                0x000055ca                __cs3_isr_mpu_fault
 .text          0x000055cc        0x2 /home/tools/CodeSourcery/Sourcery_CodeBench_for_ARM_EABI/bin/../lib/gcc/arm-none-eabi/4.7.2/../../../../arm-none-eabi/lib/armv7-m/libcs3micro.a(micro_isr_bus_fault.o)
                0x000055cc                __cs3_isr_bus_fault
 .text          0x000055ce        0x2 /home/tools/CodeSourcery/Sourcery_CodeBench_for_ARM_EABI/bin/../lib/gcc/arm-none-eabi/4.7.2/../../../../arm-none-eabi/lib/armv7-m/libcs3micro.a(micro_isr_usage_fault.o)
                0x000055ce                __cs3_isr_usage_fault
 .text          0x000055d0        0x2 /home/tools/CodeSourcery/Sourcery_CodeBench_for_ARM_EABI/bin/../lib/gcc/arm-none-eabi/4.7.2/../../../../arm-none-eabi/lib/armv7-m/libcs3micro.a(micro_isr_svcall.o)
                0x000055d0                __cs3_isr_svcall
 .text          0x000055d2        0x2 /home/tools/CodeSourcery/Sourcery_CodeBench_for_ARM_EABI/bin/../lib/gcc/arm-none-eabi/4.7.2/../../../../arm-none-eabi/lib/armv7-m/libcs3micro.a(micro_isr_debug.o)
                0x000055d2                __cs3_isr_debug
 .text          0x000055d4        0x2 /home/tools/CodeSourcery/Sourcery_CodeBench_for_ARM_EABI/bin/../lib/gcc/arm-none-eabi/4.7.2/../../../../arm-none-eabi/lib/armv7-m/libcs3micro.a(micro_isr_pendsv.o)
                0x000055d4                __cs3_isr_pendsv
 .text          0x000055d6        0x2 /home/tools/CodeSourcery/Sourcery_CodeBench_for_ARM_EABI/bin/../lib/gcc/arm-none-eabi/4.7.2/../../../../arm-none-eabi/lib/armv7-m/libcs3micro.a(micro_isr_systick.o)
                0x000055d6                __cs3_isr_systick
 .text          0x000055d8       0x24 /home/tools/CodeSourcery/Sourcery_CodeBench_for_ARM_EABI/bin/../lib/gcc/arm-none-eabi/4.7.2/../../../../arm-none-eabi/lib/armv7-m/libc.a(lib_a-errno.o)
                0x000055d8                __errno
                0x000055e0                _get_errno
                0x000055ec                _set_errno
 .text          0x000055fc       0x4c /home/tools/CodeSourcery/Sourcery_CodeBench_for_ARM_EABI/bin/../lib/gcc/arm-none-eabi/4.7.2/../../../../arm-none-eabi/lib/armv7-m/libc.a(lib_a-init.o)
                0x000055fc                __libc_init_array
 *(.plt)
 *(.gnu.warning)
 *(.glue_7t)
 .glue_7t       0x00000000        0x0 linker stubs
 *(.glue_7)
 .glue_7        0x00000000        0x0 linker stubs
 *(.vfp11_veneer)
 .vfp11_veneer  0x00000000        0x0 linker stubs
 *(.ARM.extab* .gnu.linkonce.armextab.*)
 .ARM.extab     0x00005648        0x0 /home/tools/CodeSourcery/Sourcery_CodeBench_for_ARM_EABI/bin/../lib/gcc/arm-none-eabi/4.7.2/armv7-m/libgcc.a(_divdi3.o)
 .ARM.extab     0x00005648        0x0 /home/tools/CodeSourcery/Sourcery_CodeBench_for_ARM_EABI/bin/../lib/gcc/arm-none-eabi/4.7.2/armv7-m/libgcc.a(_udivdi3.o)
 *(.gcc_except_table)

.v4_bx          0x00005648        0x0
 .v4_bx         0x00000000        0x0 linker stubs

.iplt           0x00005648        0x0
 .iplt          0x00000000        0x0 /home/tools/CodeSourcery/Sourcery_CodeBench_for_ARM_EABI/bin/../lib/gcc/arm-none-eabi/4.7.2/armv7-m/crtbegin.o

.eh_frame_hdr
 *(.eh_frame_hdr)
 *(.eh_frame_entry .eh_frame_entry.*)

.eh_frame       0x00005648        0x4
 *(.eh_frame)
 .eh_frame      0x00005648        0x0 /home/tools/CodeSourcery/Sourcery_CodeBench_for_ARM_EABI/bin/../lib/gcc/arm-none-eabi/4.7.2/armv7-m/crtbegin.o
 .eh_frame      0x00005648        0x4 /home/tools/CodeSourcery/Sourcery_CodeBench_for_ARM_EABI/bin/../lib/gcc/arm-none-eabi/4.7.2/armv7-m/crtend.o
 *(.eh_frame.*)
                0x0000564c                PROVIDE (__exidx_start, .)

.ARM.exidx      0x0000564c        0x8
 *(.ARM.exidx* .gnu.linkonce.armexidx.*)
 .ARM.exidx     0x0000564c        0x8 /home/tools/CodeSourcery/Sourcery_CodeBench_for_ARM_EABI/bin/../lib/gcc/arm-none-eabi/4.7.2/armv7-m/libgcc.a(_divdi3.o)
 .ARM.exidx     0x00005654        0x0 /home/tools/CodeSourcery/Sourcery_CodeBench_for_ARM_EABI/bin/../lib/gcc/arm-none-eabi/4.7.2/armv7-m/libgcc.a(_udivdi3.o)
                                  0x8 (size before relaxing)
                0x00005654                PROVIDE (__exidx_end, .)

.rel.dyn        0x00005654        0x0
 .rel.iplt      0x00000000        0x0 /home/tools/CodeSourcery/Sourcery_CodeBench_for_ARM_EABI/bin/../lib/gcc/arm-none-eabi/4.7.2/armv7-m/crtbegin.o

.rodata         0x00005658      0x240
 *(.rodata .rodata.* .gnu.linkonce.r.*)
 .rodata        0x00005658       0x1c /home/jon/VistaModels/ARM/m3/CBwork/demo/Debug/demo.o
 .rodata        0x00005674       0x20 /home/tools/CodeSourcery/Sourcery_CodeBench_for_ARM_EABI/bin/../lib/gcc/arm-none-eabi/4.7.2/../../../../arm-none-eabi/lib/armv7-m/libc.a(lib_a-vfprintf.o)
 .rodata.str1.1
                0x00005694       0x2a /home/tools/CodeSourcery/Sourcery_CodeBench_for_ARM_EABI/bin/../lib/gcc/arm-none-eabi/4.7.2/../../../../arm-none-eabi/lib/armv7-m/libc.a(lib_a-vfprintf.o)
 .rodata.str1.1
                0x000056be       0x10 /home/tools/CodeSourcery/Sourcery_CodeBench_for_ARM_EABI/bin/../lib/gcc/arm-none-eabi/4.7.2/../../../../arm-none-eabi/lib/armv7-m/libc.a(lib_a-__fpspecifierhelp.o)
 .rodata.str1.1
                0x000056ce        0xd /home/tools/CodeSourcery/Sourcery_CodeBench_for_ARM_EABI/bin/../lib/gcc/arm-none-eabi/4.7.2/../../../../arm-none-eabi/lib/armv7-m/libc.a(lib_a-dtoa.o)
                                  0xf (size before relaxing)
 .rodata.str1.1
                0x000056db        0x2 /home/tools/CodeSourcery/Sourcery_CodeBench_for_ARM_EABI/bin/../lib/gcc/arm-none-eabi/4.7.2/../../../../arm-none-eabi/lib/armv7-m/libc.a(lib_a-impure.o)
 *fill*         0x000056dd        0x3 
 .rodata        0x000056e0       0x38 /home/tools/CodeSourcery/Sourcery_CodeBench_for_ARM_EABI/bin/../lib/gcc/arm-none-eabi/4.7.2/../../../../arm-none-eabi/lib/armv7-m/libc.a(lib_a-locale.o)
 .rodata.str1.1
                0x00005718        0xe /home/tools/CodeSourcery/Sourcery_CodeBench_for_ARM_EABI/bin/../lib/gcc/arm-none-eabi/4.7.2/../../../../arm-none-eabi/lib/armv7-m/libc.a(lib_a-locale.o)
                                 0x11 (size before relaxing)
 *fill*         0x00005726        0x2 
 .rodata        0x00005728      0x128 /home/tools/CodeSourcery/Sourcery_CodeBench_for_ARM_EABI/bin/../lib/gcc/arm-none-eabi/4.7.2/../../../../arm-none-eabi/lib/armv7-m/libc.a(lib_a-mprec.o)
                0x00005738                __mprec_tens
                0x00005800                __mprec_tinytens
                0x00005828                __mprec_bigtens
 .rodata.str1.1
                0x00005850        0x4 /home/tools/CodeSourcery/Sourcery_CodeBench_for_ARM_EABI/bin/../lib/gcc/arm-none-eabi/4.7.2/../../../../arm-none-eabi/lib/armv7-m/libcs3hosted.a(hosted-rdi.o)
                0x00005854                . = ALIGN (0x4)
 *(.init)
 .init          0x00005854        0x4 /home/tools/CodeSourcery/Sourcery_CodeBench_for_ARM_EABI/bin/../lib/gcc/arm-none-eabi/4.7.2/armv7-m/crti.o
                0x00005854                _init
 .init          0x00005858        0x8 /home/tools/CodeSourcery/Sourcery_CodeBench_for_ARM_EABI/bin/../lib/gcc/arm-none-eabi/4.7.2/armv7-m/crtn.o
                0x00005860                . = ALIGN (0x4)
                0x00005860                __preinit_array_start = .
 *(.preinit_array)
                0x00005860                __preinit_array_end = .
                0x00005860                . = ALIGN (0x4)
                0x00005860                __init_array_start = .
 *(SORT(.init_array.*))
 .init_array.00000
                0x00005860        0x4 /home/tools/CodeSourcery/Sourcery_CodeBench_for_ARM_EABI/bin/../lib/gcc/arm-none-eabi/4.7.2/../../../../arm-none-eabi/lib/armv7-m/libc.a(lib_a-__call_atexit.o)
 .init_array.00005
                0x00005864        0x4 /home/tools/CodeSourcery/Sourcery_CodeBench_for_ARM_EABI/bin/../lib/gcc/arm-none-eabi/4.7.2/../../../../arm-none-eabi/lib/armv7-m/libc.a(lib_a-stdout.o)
 *(.init_array)
 .init_array    0x00005868        0x4 /home/tools/CodeSourcery/Sourcery_CodeBench_for_ARM_EABI/bin/../lib/gcc/arm-none-eabi/4.7.2/armv7-m/crtbegin.o
 .init_array    0x0000586c        0x4 /home/tools/CodeSourcery/Sourcery_CodeBench_for_ARM_EABI/bin/../lib/gcc/arm-none-eabi/4.7.2/../../../../arm-none-eabi/lib/armv7-m/libcs3hosted.a(hosted-rdi.o)
                0x00005870                __init_array_end = .
                0x00005870                . = ALIGN (0x4)
 *(.fini)
 .fini          0x00005870        0x4 /home/tools/CodeSourcery/Sourcery_CodeBench_for_ARM_EABI/bin/../lib/gcc/arm-none-eabi/4.7.2/armv7-m/crti.o
                0x00005870                _fini
 .fini          0x00005874        0x8 /home/tools/CodeSourcery/Sourcery_CodeBench_for_ARM_EABI/bin/../lib/gcc/arm-none-eabi/4.7.2/armv7-m/crtn.o
                0x0000587c                . = ALIGN (0x4)
                0x0000587c                __fini_array_start = .
 *(.fini_array)
 .fini_array    0x0000587c        0x4 /home/tools/CodeSourcery/Sourcery_CodeBench_for_ARM_EABI/bin/../lib/gcc/arm-none-eabi/4.7.2/armv7-m/crtbegin.o
 *(SORT(.fini_array.*))
                0x00005880                __fini_array_end = .
                0x00005880                . = ALIGN (0x4)
 *crtbegin.o(.ctors)
 *(EXCLUDE_FILE(*crtend.o) .ctors)
 *(SORT(.ctors.*))
 *crtend.o(.ctors)
                0x00005880                . = ALIGN (0x4)
 *crtbegin.o(.dtors)
 *(EXCLUDE_FILE(*crtend.o) .dtors)
 *(SORT(.dtors.*))
 *crtend.o(.dtors)
                0x00005880                . = ALIGN (0x4)
                0x00005880                __cs3_regions = .
                0x00005880        0x4 LONG 0x0
                0x00005884        0x4 LONG 0x0 __cs3_region_init_ram
                0x00005888        0x4 LONG 0x0 __cs3_region_start_ram
                0x0000588c        0x4 LONG 0x5db8 __cs3_region_init_size_ram
                0x00005890        0x4 LONG 0x238 __cs3_region_zero_size_ram
                0x00005894                __cs3_regions_end = .
                0x00005898                . = ALIGN (0x8)
 *fill*         0x00005894        0x4 
                0x00005898                _etext = .
                0x00000001                ASSERT (! ((__cs3_region_init_ram & 0x7)), __cs3_region_init_ram not aligned)
                0x00000001                ASSERT (! ((__cs3_region_start_ram & 0x7)), __cs3_region_start_ram not aligned)
                0x00000001                ASSERT (! ((__cs3_region_init_size_ram & 0x7)), __cs3_region_init_size_ram not aligned)
                0x00000001                ASSERT (! ((__cs3_region_zero_size_ram & 0x7)), __cs3_region_zero_size_ram not aligned)

.data           0x00005898      0x520
 *(.jcr)
 .jcr           0x00005898        0x0 /home/tools/CodeSourcery/Sourcery_CodeBench_for_ARM_EABI/bin/../lib/gcc/arm-none-eabi/4.7.2/armv7-m/crtbegin.o
 .jcr           0x00005898        0x4 /home/tools/CodeSourcery/Sourcery_CodeBench_for_ARM_EABI/bin/../lib/gcc/arm-none-eabi/4.7.2/armv7-m/crtend.o
 *(.got.plt)
 *(.got)
 *(.shdata)
 *(.data .data.* .gnu.linkonce.d.*)
 .data          0x0000589c        0x0 /home/tools/CodeSourcery/Sourcery_CodeBench_for_ARM_EABI/bin/../lib/gcc/arm-none-eabi/4.7.2/armv7-m/crti.o
 .data          0x0000589c        0x4 /home/tools/CodeSourcery/Sourcery_CodeBench_for_ARM_EABI/bin/../lib/gcc/arm-none-eabi/4.7.2/armv7-m/crtbegin.o
                0x0000589c                __dso_handle
 .data          0x000058a0        0x0 /home/jon/VistaModels/ARM/m3/CBwork/demo/Debug/demo.o
 .data          0x000058a0        0x0 /home/tools/CodeSourcery/Sourcery_CodeBench_for_ARM_EABI/bin/../lib/gcc/arm-none-eabi/4.7.2/../../../../arm-none-eabi/lib/armv7-m/libc.a(lib_a-atexit.o)
 .data          0x000058a0        0x0 /home/tools/CodeSourcery/Sourcery_CodeBench_for_ARM_EABI/bin/../lib/gcc/arm-none-eabi/4.7.2/../../../../arm-none-eabi/lib/armv7-m/libc.a(lib_a-exit.o)
 .data          0x000058a0        0x0 /home/tools/CodeSourcery/Sourcery_CodeBench_for_ARM_EABI/bin/../lib/gcc/arm-none-eabi/4.7.2/../../../../arm-none-eabi/lib/armv7-m/libc.a(lib_a-printf.o)
 .data          0x000058a0        0x0 /home/tools/CodeSourcery/Sourcery_CodeBench_for_ARM_EABI/bin/../lib/gcc/arm-none-eabi/4.7.2/../../../../arm-none-eabi/lib/armv7-m/libc.a(lib_a-sinit.o)
 .data          0x000058a0        0x0 /home/tools/CodeSourcery/Sourcery_CodeBench_for_ARM_EABI/bin/../lib/gcc/arm-none-eabi/4.7.2/../../../../arm-none-eabi/lib/armv7-m/libc.a(lib_a-stdout.o)
 .data          0x000058a0        0x4 /home/tools/CodeSourcery/Sourcery_CodeBench_for_ARM_EABI/bin/../lib/gcc/arm-none-eabi/4.7.2/../../../../arm-none-eabi/lib/armv7-m/libc.a(lib_a-vfprintf.o)
 .data          0x000058a4        0x0 /home/tools/CodeSourcery/Sourcery_CodeBench_for_ARM_EABI/bin/../lib/gcc/arm-none-eabi/4.7.2/../../../../arm-none-eabi/lib/armv7-m/libc.a(lib_a-vfsprint.o)
 .data          0x000058a4        0x0 /home/tools/CodeSourcery/Sourcery_CodeBench_for_ARM_EABI/bin/../lib/gcc/arm-none-eabi/4.7.2/../../../../arm-none-eabi/lib/armv7-m/libc.a(lib_a-wsetup.o)
 .data          0x000058a4        0x0 /home/tools/CodeSourcery/Sourcery_CodeBench_for_ARM_EABI/bin/../lib/gcc/arm-none-eabi/4.7.2/../../../../arm-none-eabi/lib/armv7-m/libc.a(lib_a-__atexit.o)
 .data          0x000058a4        0x0 /home/tools/CodeSourcery/Sourcery_CodeBench_for_ARM_EABI/bin/../lib/gcc/arm-none-eabi/4.7.2/../../../../arm-none-eabi/lib/armv7-m/libc.a(lib_a-__atexitg.o)
 .data          0x000058a4        0x0 /home/tools/CodeSourcery/Sourcery_CodeBench_for_ARM_EABI/bin/../lib/gcc/arm-none-eabi/4.7.2/../../../../arm-none-eabi/lib/armv7-m/libc.a(lib_a-__call_atexit.o)
 .data          0x000058a4        0x0 /home/tools/CodeSourcery/Sourcery_CodeBench_for_ARM_EABI/bin/../lib/gcc/arm-none-eabi/4.7.2/../../../../arm-none-eabi/lib/armv7-m/libc.a(lib_a-__fpspecifierhelp.o)
 .data          0x000058a4        0x0 /home/tools/CodeSourcery/Sourcery_CodeBench_for_ARM_EABI/bin/../lib/gcc/arm-none-eabi/4.7.2/../../../../arm-none-eabi/lib/armv7-m/libc.a(lib_a-_cleanup.o)
 .data          0x000058a4        0x0 /home/tools/CodeSourcery/Sourcery_CodeBench_for_ARM_EABI/bin/../lib/gcc/arm-none-eabi/4.7.2/../../../../arm-none-eabi/lib/armv7-m/libc.a(lib_a-cleanupg.o)
 .data          0x000058a4        0x0 /home/tools/CodeSourcery/Sourcery_CodeBench_for_ARM_EABI/bin/../lib/gcc/arm-none-eabi/4.7.2/../../../../arm-none-eabi/lib/armv7-m/libc.a(lib_a-dtoa.o)
 .data          0x000058a4        0x0 /home/tools/CodeSourcery/Sourcery_CodeBench_for_ARM_EABI/bin/../lib/gcc/arm-none-eabi/4.7.2/../../../../arm-none-eabi/lib/armv7-m/libc.a(lib_a-fclose.o)
 .data          0x000058a4        0x0 /home/tools/CodeSourcery/Sourcery_CodeBench_for_ARM_EABI/bin/../lib/gcc/arm-none-eabi/4.7.2/../../../../arm-none-eabi/lib/armv7-m/libc.a(lib_a-fflush.o)
 .data          0x000058a4        0x0 /home/tools/CodeSourcery/Sourcery_CodeBench_for_ARM_EABI/bin/../lib/gcc/arm-none-eabi/4.7.2/../../../../arm-none-eabi/lib/armv7-m/libc.a(lib_a-fini.o)
 .data          0x000058a4        0x0 /home/tools/CodeSourcery/Sourcery_CodeBench_for_ARM_EABI/bin/../lib/gcc/arm-none-eabi/4.7.2/../../../../arm-none-eabi/lib/armv7-m/libc.a(lib_a-fvwrite.o)
 .data          0x000058a4        0x0 /home/tools/CodeSourcery/Sourcery_CodeBench_for_ARM_EABI/bin/../lib/gcc/arm-none-eabi/4.7.2/../../../../arm-none-eabi/lib/armv7-m/libc.a(lib_a-fwalk.o)
 .data          0x000058a4       0xf4 /home/tools/CodeSourcery/Sourcery_CodeBench_for_ARM_EABI/bin/../lib/gcc/arm-none-eabi/4.7.2/../../../../arm-none-eabi/lib/armv7-m/libc.a(lib_a-impure.o)
                0x000058a4                _csl_impure_ptr
 .data          0x00005998        0x4 /home/tools/CodeSourcery/Sourcery_CodeBench_for_ARM_EABI/bin/../lib/gcc/arm-none-eabi/4.7.2/../../../../arm-none-eabi/lib/armv7-m/libc.a(lib_a-locale.o)
                0x00005998                __mb_cur_max
 .data          0x0000599c        0x4 /home/tools/CodeSourcery/Sourcery_CodeBench_for_ARM_EABI/bin/../lib/gcc/arm-none-eabi/4.7.2/../../../../arm-none-eabi/lib/armv7-m/libc.a(lib_a-makebuf.o)
 .data          0x000059a0        0x0 /home/tools/CodeSourcery/Sourcery_CodeBench_for_ARM_EABI/bin/../lib/gcc/arm-none-eabi/4.7.2/../../../../arm-none-eabi/lib/armv7-m/libc.a(lib_a-malloc.o)
 .data          0x000059a0      0x410 /home/tools/CodeSourcery/Sourcery_CodeBench_for_ARM_EABI/bin/../lib/gcc/arm-none-eabi/4.7.2/../../../../arm-none-eabi/lib/armv7-m/libc.a(lib_a-mallocr.o)
                0x000059a0                __malloc_av_
                0x00005da8                __malloc_sbrk_base
                0x00005dac                __malloc_trim_threshold
 .data          0x00005db0        0x0 /home/tools/CodeSourcery/Sourcery_CodeBench_for_ARM_EABI/bin/../lib/gcc/arm-none-eabi/4.7.2/../../../../arm-none-eabi/lib/armv7-m/libc.a(lib_a-memchr.o)
 .data          0x00005db0        0x0 /home/tools/CodeSourcery/Sourcery_CodeBench_for_ARM_EABI/bin/../lib/gcc/arm-none-eabi/4.7.2/../../../../arm-none-eabi/lib/armv7-m/libc.a(lib_a-memmove.o)
 .data          0x00005db0        0x0 /home/tools/CodeSourcery/Sourcery_CodeBench_for_ARM_EABI/bin/../lib/gcc/arm-none-eabi/4.7.2/../../../../arm-none-eabi/lib/armv7-m/libc.a(lib_a-mlock.o)
 .data          0x00005db0        0x0 /home/tools/CodeSourcery/Sourcery_CodeBench_for_ARM_EABI/bin/../lib/gcc/arm-none-eabi/4.7.2/../../../../arm-none-eabi/lib/armv7-m/libc.a(lib_a-mprec.o)
 .data          0x00005db0        0x0 /home/tools/CodeSourcery/Sourcery_CodeBench_for_ARM_EABI/bin/../lib/gcc/arm-none-eabi/4.7.2/../../../../arm-none-eabi/lib/armv7-m/libc.a(lib_a-s_isinf.o)
 .data          0x00005db0        0x0 /home/tools/CodeSourcery/Sourcery_CodeBench_for_ARM_EABI/bin/../lib/gcc/arm-none-eabi/4.7.2/../../../../arm-none-eabi/lib/armv7-m/libc.a(lib_a-s_isnan.o)
 .data          0x00005db0        0x0 /home/tools/CodeSourcery/Sourcery_CodeBench_for_ARM_EABI/bin/../lib/gcc/arm-none-eabi/4.7.2/../../../../arm-none-eabi/lib/armv7-m/libc.a(lib_a-sfplock.o)
 .data          0x00005db0        0x0 /home/tools/CodeSourcery/Sourcery_CodeBench_for_ARM_EABI/bin/../lib/gcc/arm-none-eabi/4.7.2/../../../../arm-none-eabi/lib/armv7-m/libc.a(lib_a-sglueg.o)
 .data          0x00005db0        0x0 /home/tools/CodeSourcery/Sourcery_CodeBench_for_ARM_EABI/bin/../lib/gcc/arm-none-eabi/4.7.2/../../../../arm-none-eabi/lib/armv7-m/libc.a(lib_a-stdio.o)
 .data          0x00005db0        0x0 /home/tools/CodeSourcery/Sourcery_CodeBench_for_ARM_EABI/bin/../lib/gcc/arm-none-eabi/4.7.2/../../../../arm-none-eabi/lib/armv7-m/libc.a(lib_a-strcmp.o)
 .data          0x00005db0        0x0 /home/tools/CodeSourcery/Sourcery_CodeBench_for_ARM_EABI/bin/../lib/gcc/arm-none-eabi/4.7.2/../../../../arm-none-eabi/lib/armv7-m/libc.a(lib_a-strlen.o)
 .data          0x00005db0        0x0 /home/tools/CodeSourcery/Sourcery_CodeBench_for_ARM_EABI/bin/../lib/gcc/arm-none-eabi/4.7.2/../../../../arm-none-eabi/lib/armv7-m/libc.a(lib_a-__stdiobufferinghelp.o)
 .data          0x00005db0        0x0 /home/tools/CodeSourcery/Sourcery_CodeBench_for_ARM_EABI/bin/../lib/gcc/arm-none-eabi/4.7.2/../../../../arm-none-eabi/lib/armv7-m/libc.a(lib_a-asm-memcpy.o)
 .data          0x00005db0        0x0 /home/tools/CodeSourcery/Sourcery_CodeBench_for_ARM_EABI/bin/../lib/gcc/arm-none-eabi/4.7.2/../../../../arm-none-eabi/lib/armv7-m/libc.a(lib_a-calloc.o)
 .data          0x00005db0        0x0 /home/tools/CodeSourcery/Sourcery_CodeBench_for_ARM_EABI/bin/../lib/gcc/arm-none-eabi/4.7.2/../../../../arm-none-eabi/lib/armv7-m/libc.a(lib_a-callocr.o)
 .data          0x00005db0        0x0 /home/tools/CodeSourcery/Sourcery_CodeBench_for_ARM_EABI/bin/../lib/gcc/arm-none-eabi/4.7.2/../../../../arm-none-eabi/lib/armv7-m/libc.a(lib_a-errnog.o)
 .data          0x00005db0        0x0 /home/tools/CodeSourcery/Sourcery_CodeBench_for_ARM_EABI/bin/../lib/gcc/arm-none-eabi/4.7.2/../../../../arm-none-eabi/lib/armv7-m/libc.a(lib_a-freer.o)
 .data          0x00005db0        0x0 /home/tools/CodeSourcery/Sourcery_CodeBench_for_ARM_EABI/bin/../lib/gcc/arm-none-eabi/4.7.2/../../../../arm-none-eabi/lib/armv7-m/libc.a(lib_a-memset.o)
 .data          0x00005db0        0x0 /home/tools/CodeSourcery/Sourcery_CodeBench_for_ARM_EABI/bin/../lib/gcc/arm-none-eabi/4.7.2/armv7-m/libgcc.a(_arm_addsubdf3.o)
 .data          0x00005db0        0x0 /home/tools/CodeSourcery/Sourcery_CodeBench_for_ARM_EABI/bin/../lib/gcc/arm-none-eabi/4.7.2/armv7-m/libgcc.a(_arm_muldivdf3.o)
 .data          0x00005db0        0x0 /home/tools/CodeSourcery/Sourcery_CodeBench_for_ARM_EABI/bin/../lib/gcc/arm-none-eabi/4.7.2/armv7-m/libgcc.a(_arm_cmpdf2.o)
 .data          0x00005db0        0x0 /home/tools/CodeSourcery/Sourcery_CodeBench_for_ARM_EABI/bin/../lib/gcc/arm-none-eabi/4.7.2/armv7-m/libgcc.a(_arm_fixdfsi.o)
 .data          0x00005db0        0x0 /home/tools/CodeSourcery/Sourcery_CodeBench_for_ARM_EABI/bin/../lib/gcc/arm-none-eabi/4.7.2/armv7-m/libgcc.a(_aeabi_uldivmod.o)
 .data          0x00005db0        0x0 /home/tools/CodeSourcery/Sourcery_CodeBench_for_ARM_EABI/bin/../lib/gcc/arm-none-eabi/4.7.2/armv7-m/libgcc.a(bpabi.o)
 .data          0x00005db0        0x0 /home/tools/CodeSourcery/Sourcery_CodeBench_for_ARM_EABI/bin/../lib/gcc/arm-none-eabi/4.7.2/armv7-m/libgcc.a(_dvmd_tls.o)
 .data          0x00005db0        0x0 /home/tools/CodeSourcery/Sourcery_CodeBench_for_ARM_EABI/bin/../lib/gcc/arm-none-eabi/4.7.2/armv7-m/libgcc.a(_divdi3.o)
 .data          0x00005db0        0x0 /home/tools/CodeSourcery/Sourcery_CodeBench_for_ARM_EABI/bin/../lib/gcc/arm-none-eabi/4.7.2/armv7-m/libgcc.a(_udivdi3.o)
 .data          0x00005db0        0x0 /home/tools/CodeSourcery/Sourcery_CodeBench_for_ARM_EABI/bin/../lib/gcc/arm-none-eabi/4.7.2/armv7-m/crtend.o
 .data          0x00005db0        0x0 /home/tools/CodeSourcery/Sourcery_CodeBench_for_ARM_EABI/bin/../lib/gcc/arm-none-eabi/4.7.2/armv7-m/crtn.o
 .data          0x00005db0        0x0 /home/tools/CodeSourcery/Sourcery_CodeBench_for_ARM_EABI/bin/../lib/gcc/arm-none-eabi/4.7.2/../../../../arm-none-eabi/lib/armv7-m/libcs3.a(start-sim.o)
 .data          0x00005db0        0x0 /home/tools/CodeSourcery/Sourcery_CodeBench_for_ARM_EABI/bin/../lib/gcc/arm-none-eabi/4.7.2/../../../../arm-none-eabi/lib/armv7-m/libcs3.a(start_c.o)
 .data          0x00005db0        0x4 /home/tools/CodeSourcery/Sourcery_CodeBench_for_ARM_EABI/bin/../lib/gcc/arm-none-eabi/4.7.2/../../../../arm-none-eabi/lib/armv7-m/libcs3.a(heap.o)
                0x00005db0                __cs3_heap_limit
 .data          0x00005db4        0x0 /home/tools/CodeSourcery/Sourcery_CodeBench_for_ARM_EABI/bin/../lib/gcc/arm-none-eabi/4.7.2/../../../../arm-none-eabi/lib/armv7-m/libcs3.a(qemu-micro-reset.o)
 .data          0x00005db4        0x0 /home/tools/CodeSourcery/Sourcery_CodeBench_for_ARM_EABI/bin/../lib/gcc/arm-none-eabi/4.7.2/../../../../arm-none-eabi/lib/armv7-m/libcs3hosted.a(hosted-_close.o)
 .data          0x00005db4        0x0 /home/tools/CodeSourcery/Sourcery_CodeBench_for_ARM_EABI/bin/../lib/gcc/arm-none-eabi/4.7.2/../../../../arm-none-eabi/lib/armv7-m/libcs3hosted.a(hosted-_exit.o)
 .data          0x00005db4        0x0 /home/tools/CodeSourcery/Sourcery_CodeBench_for_ARM_EABI/bin/../lib/gcc/arm-none-eabi/4.7.2/../../../../arm-none-eabi/lib/armv7-m/libcs3hosted.a(hosted-_fstat.o)
 .data          0x00005db4        0x0 /home/tools/CodeSourcery/Sourcery_CodeBench_for_ARM_EABI/bin/../lib/gcc/arm-none-eabi/4.7.2/../../../../arm-none-eabi/lib/armv7-m/libcs3hosted.a(hosted-isatty.o)
 .data          0x00005db4        0x0 /home/tools/CodeSourcery/Sourcery_CodeBench_for_ARM_EABI/bin/../lib/gcc/arm-none-eabi/4.7.2/../../../../arm-none-eabi/lib/armv7-m/libcs3hosted.a(hosted-_lseek.o)
 .data          0x00005db4        0x0 /home/tools/CodeSourcery/Sourcery_CodeBench_for_ARM_EABI/bin/../lib/gcc/arm-none-eabi/4.7.2/../../../../arm-none-eabi/lib/armv7-m/libcs3hosted.a(hosted-_read.o)
 .data          0x00005db4        0x0 /home/tools/CodeSourcery/Sourcery_CodeBench_for_ARM_EABI/bin/../lib/gcc/arm-none-eabi/4.7.2/../../../../arm-none-eabi/lib/armv7-m/libcs3hosted.a(hosted-_write.o)
 .data          0x00005db4        0x4 /home/tools/CodeSourcery/Sourcery_CodeBench_for_ARM_EABI/bin/../lib/gcc/arm-none-eabi/4.7.2/../../../../arm-none-eabi/lib/armv7-m/libcs3hosted.a(hosted-sbrk.o)
 .data          0x00005db8        0x0 /home/tools/CodeSourcery/Sourcery_CodeBench_for_ARM_EABI/bin/../lib/gcc/arm-none-eabi/4.7.2/../../../../arm-none-eabi/lib/armv7-m/libcs3hosted.a(hosted-rdi.o)
 .data          0x00005db8        0x0 /home/tools/CodeSourcery/Sourcery_CodeBench_for_ARM_EABI/bin/../lib/gcc/arm-none-eabi/4.7.2/../../../../arm-none-eabi/lib/armv7-m/libcs3micro.a(micro-vector.o)
 .data          0x00005db8        0x0 /home/tools/CodeSourcery/Sourcery_CodeBench_for_ARM_EABI/bin/../lib/gcc/arm-none-eabi/4.7.2/../../../../arm-none-eabi/lib/armv7-m/libcs3micro.a(micro_isr_interrupt.o)
 .data          0x00005db8        0x0 /home/tools/CodeSourcery/Sourcery_CodeBench_for_ARM_EABI/bin/../lib/gcc/arm-none-eabi/4.7.2/../../../../arm-none-eabi/lib/armv7-m/libcs3micro.a(micro_isr_nmi.o)
 .data          0x00005db8        0x0 /home/tools/CodeSourcery/Sourcery_CodeBench_for_ARM_EABI/bin/../lib/gcc/arm-none-eabi/4.7.2/../../../../arm-none-eabi/lib/armv7-m/libcs3micro.a(micro_isr_hard_fault.o)
 .data          0x00005db8        0x0 /home/tools/CodeSourcery/Sourcery_CodeBench_for_ARM_EABI/bin/../lib/gcc/arm-none-eabi/4.7.2/../../../../arm-none-eabi/lib/armv7-m/libcs3micro.a(micro_isr_mpu_fault.o)
 .data          0x00005db8        0x0 /home/tools/CodeSourcery/Sourcery_CodeBench_for_ARM_EABI/bin/../lib/gcc/arm-none-eabi/4.7.2/../../../../arm-none-eabi/lib/armv7-m/libcs3micro.a(micro_isr_bus_fault.o)
 .data          0x00005db8        0x0 /home/tools/CodeSourcery/Sourcery_CodeBench_for_ARM_EABI/bin/../lib/gcc/arm-none-eabi/4.7.2/../../../../arm-none-eabi/lib/armv7-m/libcs3micro.a(micro_isr_usage_fault.o)
 .data          0x00005db8        0x0 /home/tools/CodeSourcery/Sourcery_CodeBench_for_ARM_EABI/bin/../lib/gcc/arm-none-eabi/4.7.2/../../../../arm-none-eabi/lib/armv7-m/libcs3micro.a(micro_isr_svcall.o)
 .data          0x00005db8        0x0 /home/tools/CodeSourcery/Sourcery_CodeBench_for_ARM_EABI/bin/../lib/gcc/arm-none-eabi/4.7.2/../../../../arm-none-eabi/lib/armv7-m/libcs3micro.a(micro_isr_debug.o)
 .data          0x00005db8        0x0 /home/tools/CodeSourcery/Sourcery_CodeBench_for_ARM_EABI/bin/../lib/gcc/arm-none-eabi/4.7.2/../../../../arm-none-eabi/lib/armv7-m/libcs3micro.a(micro_isr_pendsv.o)
 .data          0x00005db8        0x0 /home/tools/CodeSourcery/Sourcery_CodeBench_for_ARM_EABI/bin/../lib/gcc/arm-none-eabi/4.7.2/../../../../arm-none-eabi/lib/armv7-m/libcs3micro.a(micro_isr_systick.o)
 .data          0x00005db8        0x0 /home/tools/CodeSourcery/Sourcery_CodeBench_for_ARM_EABI/bin/../lib/gcc/arm-none-eabi/4.7.2/../../../../arm-none-eabi/lib/armv7-m/libc.a(lib_a-errno.o)
 .data          0x00005db8        0x0 /home/tools/CodeSourcery/Sourcery_CodeBench_for_ARM_EABI/bin/../lib/gcc/arm-none-eabi/4.7.2/../../../../arm-none-eabi/lib/armv7-m/libc.a(lib_a-init.o)
                0x00005db8                . = ALIGN (0x8)
 *(.ram)
                0x00005db8                . = ALIGN (0x8)
                0x00005db8                _edata = .

.tm_clone_table
                0x00005db8        0x0
 .tm_clone_table
                0x00005db8        0x0 /home/tools/CodeSourcery/Sourcery_CodeBench_for_ARM_EABI/bin/../lib/gcc/arm-none-eabi/4.7.2/armv7-m/crtbegin.o
 .tm_clone_table
                0x00005db8        0x0 /home/tools/CodeSourcery/Sourcery_CodeBench_for_ARM_EABI/bin/../lib/gcc/arm-none-eabi/4.7.2/armv7-m/crtend.o

.igot.plt       0x00005db8        0x0
 .igot.plt      0x00000000        0x0 /home/tools/CodeSourcery/Sourcery_CodeBench_for_ARM_EABI/bin/../lib/gcc/arm-none-eabi/4.7.2/armv7-m/crtbegin.o

.bss            0x00005db8      0x238
 *(.shbss)
 *(.bss .bss.* .gnu.linkonce.b.*)
 .bss           0x00005db8        0x0 /home/tools/CodeSourcery/Sourcery_CodeBench_for_ARM_EABI/bin/../lib/gcc/arm-none-eabi/4.7.2/armv7-m/crti.o
 .bss           0x00005db8       0x1c /home/tools/CodeSourcery/Sourcery_CodeBench_for_ARM_EABI/bin/../lib/gcc/arm-none-eabi/4.7.2/armv7-m/crtbegin.o
 .bss           0x00005dd4        0x4 /home/jon/VistaModels/ARM/m3/CBwork/demo/Debug/demo.o
                0x00005dd4                ffFull
 .bss           0x00005dd8        0x0 /home/tools/CodeSourcery/Sourcery_CodeBench_for_ARM_EABI/bin/../lib/gcc/arm-none-eabi/4.7.2/../../../../arm-none-eabi/lib/armv7-m/libc.a(lib_a-atexit.o)
 .bss           0x00005dd8        0x0 /home/tools/CodeSourcery/Sourcery_CodeBench_for_ARM_EABI/bin/../lib/gcc/arm-none-eabi/4.7.2/../../../../arm-none-eabi/lib/armv7-m/libc.a(lib_a-exit.o)
 .bss           0x00005dd8        0x0 /home/tools/CodeSourcery/Sourcery_CodeBench_for_ARM_EABI/bin/../lib/gcc/arm-none-eabi/4.7.2/../../../../arm-none-eabi/lib/armv7-m/libc.a(lib_a-printf.o)
 .bss           0x00005dd8        0x0 /home/tools/CodeSourcery/Sourcery_CodeBench_for_ARM_EABI/bin/../lib/gcc/arm-none-eabi/4.7.2/../../../../arm-none-eabi/lib/armv7-m/libc.a(lib_a-sinit.o)
 .bss           0x00005dd8       0x7c /home/tools/CodeSourcery/Sourcery_CodeBench_for_ARM_EABI/bin/../lib/gcc/arm-none-eabi/4.7.2/../../../../arm-none-eabi/lib/armv7-m/libc.a(lib_a-stdout.o)
                0x00005dd8                _cslibc_global__stdout
                0x00005e44                __stdout
 .bss           0x00005e54        0x0 /home/tools/CodeSourcery/Sourcery_CodeBench_for_ARM_EABI/bin/../lib/gcc/arm-none-eabi/4.7.2/../../../../arm-none-eabi/lib/armv7-m/libc.a(lib_a-vfprintf.o)
 .bss           0x00005e54        0x0 /home/tools/CodeSourcery/Sourcery_CodeBench_for_ARM_EABI/bin/../lib/gcc/arm-none-eabi/4.7.2/../../../../arm-none-eabi/lib/armv7-m/libc.a(lib_a-vfsprint.o)
 .bss           0x00005e54        0x0 /home/tools/CodeSourcery/Sourcery_CodeBench_for_ARM_EABI/bin/../lib/gcc/arm-none-eabi/4.7.2/../../../../arm-none-eabi/lib/armv7-m/libc.a(lib_a-wsetup.o)
 .bss           0x00005e54        0x0 /home/tools/CodeSourcery/Sourcery_CodeBench_for_ARM_EABI/bin/../lib/gcc/arm-none-eabi/4.7.2/../../../../arm-none-eabi/lib/armv7-m/libc.a(lib_a-__atexit.o)
 .bss           0x00005e54       0x90 /home/tools/CodeSourcery/Sourcery_CodeBench_for_ARM_EABI/bin/../lib/gcc/arm-none-eabi/4.7.2/../../../../arm-none-eabi/lib/armv7-m/libc.a(lib_a-__atexitg.o)
                0x00005e54                _cslibc_global__atexit0
                0x00005ee0                _cslibc_global__atexit
 .bss           0x00005ee4        0x0 /home/tools/CodeSourcery/Sourcery_CodeBench_for_ARM_EABI/bin/../lib/gcc/arm-none-eabi/4.7.2/../../../../arm-none-eabi/lib/armv7-m/libc.a(lib_a-__call_atexit.o)
 .bss           0x00005ee4        0x1 /home/tools/CodeSourcery/Sourcery_CodeBench_for_ARM_EABI/bin/../lib/gcc/arm-none-eabi/4.7.2/../../../../arm-none-eabi/lib/armv7-m/libc.a(lib_a-__fpspecifierhelp.o)
                0x00005ee4                __cslibc$printf_fp_override
 .bss           0x00005ee5        0x0 /home/tools/CodeSourcery/Sourcery_CodeBench_for_ARM_EABI/bin/../lib/gcc/arm-none-eabi/4.7.2/../../../../arm-none-eabi/lib/armv7-m/libc.a(lib_a-_cleanup.o)
 *fill*         0x00005ee5        0x3 
 .bss           0x00005ee8        0x8 /home/tools/CodeSourcery/Sourcery_CodeBench_for_ARM_EABI/bin/../lib/gcc/arm-none-eabi/4.7.2/../../../../arm-none-eabi/lib/armv7-m/libc.a(lib_a-cleanupg.o)
                0x00005ee8                _cslibc_global___cleanup
                0x00005eec                _cslibc_global___sdidinit
 .bss           0x00005ef0        0x0 /home/tools/CodeSourcery/Sourcery_CodeBench_for_ARM_EABI/bin/../lib/gcc/arm-none-eabi/4.7.2/../../../../arm-none-eabi/lib/armv7-m/libc.a(lib_a-dtoa.o)
 .bss           0x00005ef0        0x0 /home/tools/CodeSourcery/Sourcery_CodeBench_for_ARM_EABI/bin/../lib/gcc/arm-none-eabi/4.7.2/../../../../arm-none-eabi/lib/armv7-m/libc.a(lib_a-fclose.o)
 .bss           0x00005ef0        0x0 /home/tools/CodeSourcery/Sourcery_CodeBench_for_ARM_EABI/bin/../lib/gcc/arm-none-eabi/4.7.2/../../../../arm-none-eabi/lib/armv7-m/libc.a(lib_a-fflush.o)
 .bss           0x00005ef0        0x0 /home/tools/CodeSourcery/Sourcery_CodeBench_for_ARM_EABI/bin/../lib/gcc/arm-none-eabi/4.7.2/../../../../arm-none-eabi/lib/armv7-m/libc.a(lib_a-fini.o)
 .bss           0x00005ef0        0x0 /home/tools/CodeSourcery/Sourcery_CodeBench_for_ARM_EABI/bin/../lib/gcc/arm-none-eabi/4.7.2/../../../../arm-none-eabi/lib/armv7-m/libc.a(lib_a-fvwrite.o)
 .bss           0x00005ef0        0x0 /home/tools/CodeSourcery/Sourcery_CodeBench_for_ARM_EABI/bin/../lib/gcc/arm-none-eabi/4.7.2/../../../../arm-none-eabi/lib/armv7-m/libc.a(lib_a-fwalk.o)
 .bss           0x00005ef0        0x0 /home/tools/CodeSourcery/Sourcery_CodeBench_for_ARM_EABI/bin/../lib/gcc/arm-none-eabi/4.7.2/../../../../arm-none-eabi/lib/armv7-m/libc.a(lib_a-impure.o)
 .bss           0x00005ef0        0xc /home/tools/CodeSourcery/Sourcery_CodeBench_for_ARM_EABI/bin/../lib/gcc/arm-none-eabi/4.7.2/../../../../arm-none-eabi/lib/armv7-m/libc.a(lib_a-locale.o)
                0x00005ef0                _PathLocale
                0x00005ef4                __mlocale_changed
                0x00005ef8                __nlocale_changed
 .bss           0x00005efc        0x0 /home/tools/CodeSourcery/Sourcery_CodeBench_for_ARM_EABI/bin/../lib/gcc/arm-none-eabi/4.7.2/../../../../arm-none-eabi/lib/armv7-m/libc.a(lib_a-makebuf.o)
 .bss           0x00005efc        0x0 /home/tools/CodeSourcery/Sourcery_CodeBench_for_ARM_EABI/bin/../lib/gcc/arm-none-eabi/4.7.2/../../../../arm-none-eabi/lib/armv7-m/libc.a(lib_a-malloc.o)
 .bss           0x00005efc       0x34 /home/tools/CodeSourcery/Sourcery_CodeBench_for_ARM_EABI/bin/../lib/gcc/arm-none-eabi/4.7.2/../../../../arm-none-eabi/lib/armv7-m/libc.a(lib_a-mallocr.o)
                0x00005efc                __malloc_top_pad
                0x00005f00                __malloc_current_mallinfo
                0x00005f28                __malloc_max_sbrked_mem
                0x00005f2c                __malloc_max_total_mem
 .bss           0x00005f30        0x0 /home/tools/CodeSourcery/Sourcery_CodeBench_for_ARM_EABI/bin/../lib/gcc/arm-none-eabi/4.7.2/../../../../arm-none-eabi/lib/armv7-m/libc.a(lib_a-memchr.o)
 .bss           0x00005f30        0x0 /home/tools/CodeSourcery/Sourcery_CodeBench_for_ARM_EABI/bin/../lib/gcc/arm-none-eabi/4.7.2/../../../../arm-none-eabi/lib/armv7-m/libc.a(lib_a-memmove.o)
 .bss           0x00005f30        0x0 /home/tools/CodeSourcery/Sourcery_CodeBench_for_ARM_EABI/bin/../lib/gcc/arm-none-eabi/4.7.2/../../../../arm-none-eabi/lib/armv7-m/libc.a(lib_a-mlock.o)
 .bss           0x00005f30        0x0 /home/tools/CodeSourcery/Sourcery_CodeBench_for_ARM_EABI/bin/../lib/gcc/arm-none-eabi/4.7.2/../../../../arm-none-eabi/lib/armv7-m/libc.a(lib_a-mprec.o)
 .bss           0x00005f30        0x0 /home/tools/CodeSourcery/Sourcery_CodeBench_for_ARM_EABI/bin/../lib/gcc/arm-none-eabi/4.7.2/../../../../arm-none-eabi/lib/armv7-m/libc.a(lib_a-s_isinf.o)
 .bss           0x00005f30        0x0 /home/tools/CodeSourcery/Sourcery_CodeBench_for_ARM_EABI/bin/../lib/gcc/arm-none-eabi/4.7.2/../../../../arm-none-eabi/lib/armv7-m/libc.a(lib_a-s_isnan.o)
 .bss           0x00005f30        0x0 /home/tools/CodeSourcery/Sourcery_CodeBench_for_ARM_EABI/bin/../lib/gcc/arm-none-eabi/4.7.2/../../../../arm-none-eabi/lib/armv7-m/libc.a(lib_a-sfplock.o)
 .bss           0x00005f30        0xc /home/tools/CodeSourcery/Sourcery_CodeBench_for_ARM_EABI/bin/../lib/gcc/arm-none-eabi/4.7.2/../../../../arm-none-eabi/lib/armv7-m/libc.a(lib_a-sglueg.o)
                0x00005f30                _cslibc_global___sglue
 .bss           0x00005f3c        0x0 /home/tools/CodeSourcery/Sourcery_CodeBench_for_ARM_EABI/bin/../lib/gcc/arm-none-eabi/4.7.2/../../../../arm-none-eabi/lib/armv7-m/libc.a(lib_a-stdio.o)
 .bss           0x00005f3c        0x0 /home/tools/CodeSourcery/Sourcery_CodeBench_for_ARM_EABI/bin/../lib/gcc/arm-none-eabi/4.7.2/../../../../arm-none-eabi/lib/armv7-m/libc.a(lib_a-strcmp.o)
 .bss           0x00005f3c        0x0 /home/tools/CodeSourcery/Sourcery_CodeBench_for_ARM_EABI/bin/../lib/gcc/arm-none-eabi/4.7.2/../../../../arm-none-eabi/lib/armv7-m/libc.a(lib_a-strlen.o)
 .bss           0x00005f3c        0x1 /home/tools/CodeSourcery/Sourcery_CodeBench_for_ARM_EABI/bin/../lib/gcc/arm-none-eabi/4.7.2/../../../../arm-none-eabi/lib/armv7-m/libc.a(lib_a-__stdiobufferinghelp.o)
                0x00005f3c                __cslibc$stdio_alloc_buffer_override
 .bss           0x00005f3d        0x0 /home/tools/CodeSourcery/Sourcery_CodeBench_for_ARM_EABI/bin/../lib/gcc/arm-none-eabi/4.7.2/../../../../arm-none-eabi/lib/armv7-m/libc.a(lib_a-asm-memcpy.o)
 .bss           0x00005f3d        0x0 /home/tools/CodeSourcery/Sourcery_CodeBench_for_ARM_EABI/bin/../lib/gcc/arm-none-eabi/4.7.2/../../../../arm-none-eabi/lib/armv7-m/libc.a(lib_a-calloc.o)
 .bss           0x00005f3d        0x0 /home/tools/CodeSourcery/Sourcery_CodeBench_for_ARM_EABI/bin/../lib/gcc/arm-none-eabi/4.7.2/../../../../arm-none-eabi/lib/armv7-m/libc.a(lib_a-callocr.o)
 *fill*         0x00005f3d        0x3 
 .bss           0x00005f40        0x4 /home/tools/CodeSourcery/Sourcery_CodeBench_for_ARM_EABI/bin/../lib/gcc/arm-none-eabi/4.7.2/../../../../arm-none-eabi/lib/armv7-m/libc.a(lib_a-errnog.o)
                0x00005f40                _cslibc_global__errno
 .bss           0x00005f44        0x0 /home/tools/CodeSourcery/Sourcery_CodeBench_for_ARM_EABI/bin/../lib/gcc/arm-none-eabi/4.7.2/../../../../arm-none-eabi/lib/armv7-m/libc.a(lib_a-freer.o)
 .bss           0x00005f44        0x0 /home/tools/CodeSourcery/Sourcery_CodeBench_for_ARM_EABI/bin/../lib/gcc/arm-none-eabi/4.7.2/../../../../arm-none-eabi/lib/armv7-m/libc.a(lib_a-memset.o)
 .bss           0x00005f44        0x0 /home/tools/CodeSourcery/Sourcery_CodeBench_for_ARM_EABI/bin/../lib/gcc/arm-none-eabi/4.7.2/armv7-m/libgcc.a(_arm_addsubdf3.o)
 .bss           0x00005f44        0x0 /home/tools/CodeSourcery/Sourcery_CodeBench_for_ARM_EABI/bin/../lib/gcc/arm-none-eabi/4.7.2/armv7-m/libgcc.a(_arm_muldivdf3.o)
 .bss           0x00005f44        0x0 /home/tools/CodeSourcery/Sourcery_CodeBench_for_ARM_EABI/bin/../lib/gcc/arm-none-eabi/4.7.2/armv7-m/libgcc.a(_arm_cmpdf2.o)
 .bss           0x00005f44        0x0 /home/tools/CodeSourcery/Sourcery_CodeBench_for_ARM_EABI/bin/../lib/gcc/arm-none-eabi/4.7.2/armv7-m/libgcc.a(_arm_fixdfsi.o)
 .bss           0x00005f44        0x0 /home/tools/CodeSourcery/Sourcery_CodeBench_for_ARM_EABI/bin/../lib/gcc/arm-none-eabi/4.7.2/armv7-m/libgcc.a(_aeabi_uldivmod.o)
 .bss           0x00005f44        0x0 /home/tools/CodeSourcery/Sourcery_CodeBench_for_ARM_EABI/bin/../lib/gcc/arm-none-eabi/4.7.2/armv7-m/libgcc.a(bpabi.o)
 .bss           0x00005f44        0x0 /home/tools/CodeSourcery/Sourcery_CodeBench_for_ARM_EABI/bin/../lib/gcc/arm-none-eabi/4.7.2/armv7-m/libgcc.a(_dvmd_tls.o)
 .bss           0x00005f44        0x0 /home/tools/CodeSourcery/Sourcery_CodeBench_for_ARM_EABI/bin/../lib/gcc/arm-none-eabi/4.7.2/armv7-m/libgcc.a(_divdi3.o)
 .bss           0x00005f44        0x0 /home/tools/CodeSourcery/Sourcery_CodeBench_for_ARM_EABI/bin/../lib/gcc/arm-none-eabi/4.7.2/armv7-m/libgcc.a(_udivdi3.o)
 .bss           0x00005f44        0x0 /home/tools/CodeSourcery/Sourcery_CodeBench_for_ARM_EABI/bin/../lib/gcc/arm-none-eabi/4.7.2/armv7-m/crtend.o
 .bss           0x00005f44        0x0 /home/tools/CodeSourcery/Sourcery_CodeBench_for_ARM_EABI/bin/../lib/gcc/arm-none-eabi/4.7.2/armv7-m/crtn.o
 .bss           0x00005f44        0x0 /home/tools/CodeSourcery/Sourcery_CodeBench_for_ARM_EABI/bin/../lib/gcc/arm-none-eabi/4.7.2/../../../../arm-none-eabi/lib/armv7-m/libcs3.a(start-sim.o)
 .bss           0x00005f44        0x0 /home/tools/CodeSourcery/Sourcery_CodeBench_for_ARM_EABI/bin/../lib/gcc/arm-none-eabi/4.7.2/../../../../arm-none-eabi/lib/armv7-m/libcs3.a(start_c.o)
 .bss           0x00005f44        0x0 /home/tools/CodeSourcery/Sourcery_CodeBench_for_ARM_EABI/bin/../lib/gcc/arm-none-eabi/4.7.2/../../../../arm-none-eabi/lib/armv7-m/libcs3.a(heap.o)
 .bss           0x00005f44        0x0 /home/tools/CodeSourcery/Sourcery_CodeBench_for_ARM_EABI/bin/../lib/gcc/arm-none-eabi/4.7.2/../../../../arm-none-eabi/lib/armv7-m/libcs3.a(qemu-micro-reset.o)
 .bss           0x00005f44        0x0 /home/tools/CodeSourcery/Sourcery_CodeBench_for_ARM_EABI/bin/../lib/gcc/arm-none-eabi/4.7.2/../../../../arm-none-eabi/lib/armv7-m/libcs3hosted.a(hosted-_close.o)
 .bss           0x00005f44        0x0 /home/tools/CodeSourcery/Sourcery_CodeBench_for_ARM_EABI/bin/../lib/gcc/arm-none-eabi/4.7.2/../../../../arm-none-eabi/lib/armv7-m/libcs3hosted.a(hosted-_exit.o)
 .bss           0x00005f44        0x0 /home/tools/CodeSourcery/Sourcery_CodeBench_for_ARM_EABI/bin/../lib/gcc/arm-none-eabi/4.7.2/../../../../arm-none-eabi/lib/armv7-m/libcs3hosted.a(hosted-_fstat.o)
 .bss           0x00005f44        0x0 /home/tools/CodeSourcery/Sourcery_CodeBench_for_ARM_EABI/bin/../lib/gcc/arm-none-eabi/4.7.2/../../../../arm-none-eabi/lib/armv7-m/libcs3hosted.a(hosted-isatty.o)
 .bss           0x00005f44        0x0 /home/tools/CodeSourcery/Sourcery_CodeBench_for_ARM_EABI/bin/../lib/gcc/arm-none-eabi/4.7.2/../../../../arm-none-eabi/lib/armv7-m/libcs3hosted.a(hosted-_lseek.o)
 .bss           0x00005f44        0x0 /home/tools/CodeSourcery/Sourcery_CodeBench_for_ARM_EABI/bin/../lib/gcc/arm-none-eabi/4.7.2/../../../../arm-none-eabi/lib/armv7-m/libcs3hosted.a(hosted-_read.o)
 .bss           0x00005f44        0x0 /home/tools/CodeSourcery/Sourcery_CodeBench_for_ARM_EABI/bin/../lib/gcc/arm-none-eabi/4.7.2/../../../../arm-none-eabi/lib/armv7-m/libcs3hosted.a(hosted-_write.o)
 .bss           0x00005f44        0x0 /home/tools/CodeSourcery/Sourcery_CodeBench_for_ARM_EABI/bin/../lib/gcc/arm-none-eabi/4.7.2/../../../../arm-none-eabi/lib/armv7-m/libcs3hosted.a(hosted-sbrk.o)
 .bss           0x00005f44       0xac /home/tools/CodeSourcery/Sourcery_CodeBench_for_ARM_EABI/bin/../lib/gcc/arm-none-eabi/4.7.2/../../../../arm-none-eabi/lib/armv7-m/libcs3hosted.a(hosted-rdi.o)
                0x00005fe8                __cs3_argc
                0x00005fec                __cs3_argv
 .bss           0x00005ff0        0x0 /home/tools/CodeSourcery/Sourcery_CodeBench_for_ARM_EABI/bin/../lib/gcc/arm-none-eabi/4.7.2/../../../../arm-none-eabi/lib/armv7-m/libcs3micro.a(micro-vector.o)
 .bss           0x00005ff0        0x0 /home/tools/CodeSourcery/Sourcery_CodeBench_for_ARM_EABI/bin/../lib/gcc/arm-none-eabi/4.7.2/../../../../arm-none-eabi/lib/armv7-m/libcs3micro.a(micro_isr_interrupt.o)
 .bss           0x00005ff0        0x0 /home/tools/CodeSourcery/Sourcery_CodeBench_for_ARM_EABI/bin/../lib/gcc/arm-none-eabi/4.7.2/../../../../arm-none-eabi/lib/armv7-m/libcs3micro.a(micro_isr_nmi.o)
 .bss           0x00005ff0        0x0 /home/tools/CodeSourcery/Sourcery_CodeBench_for_ARM_EABI/bin/../lib/gcc/arm-none-eabi/4.7.2/../../../../arm-none-eabi/lib/armv7-m/libcs3micro.a(micro_isr_hard_fault.o)
 .bss           0x00005ff0        0x0 /home/tools/CodeSourcery/Sourcery_CodeBench_for_ARM_EABI/bin/../lib/gcc/arm-none-eabi/4.7.2/../../../../arm-none-eabi/lib/armv7-m/libcs3micro.a(micro_isr_mpu_fault.o)
 .bss           0x00005ff0        0x0 /home/tools/CodeSourcery/Sourcery_CodeBench_for_ARM_EABI/bin/../lib/gcc/arm-none-eabi/4.7.2/../../../../arm-none-eabi/lib/armv7-m/libcs3micro.a(micro_isr_bus_fault.o)
 .bss           0x00005ff0        0x0 /home/tools/CodeSourcery/Sourcery_CodeBench_for_ARM_EABI/bin/../lib/gcc/arm-none-eabi/4.7.2/../../../../arm-none-eabi/lib/armv7-m/libcs3micro.a(micro_isr_usage_fault.o)
 .bss           0x00005ff0        0x0 /home/tools/CodeSourcery/Sourcery_CodeBench_for_ARM_EABI/bin/../lib/gcc/arm-none-eabi/4.7.2/../../../../arm-none-eabi/lib/armv7-m/libcs3micro.a(micro_isr_svcall.o)
 .bss           0x00005ff0        0x0 /home/tools/CodeSourcery/Sourcery_CodeBench_for_ARM_EABI/bin/../lib/gcc/arm-none-eabi/4.7.2/../../../../arm-none-eabi/lib/armv7-m/libcs3micro.a(micro_isr_debug.o)
 .bss           0x00005ff0        0x0 /home/tools/CodeSourcery/Sourcery_CodeBench_for_ARM_EABI/bin/../lib/gcc/arm-none-eabi/4.7.2/../../../../arm-none-eabi/lib/armv7-m/libcs3micro.a(micro_isr_pendsv.o)
 .bss           0x00005ff0        0x0 /home/tools/CodeSourcery/Sourcery_CodeBench_for_ARM_EABI/bin/../lib/gcc/arm-none-eabi/4.7.2/../../../../arm-none-eabi/lib/armv7-m/libcs3micro.a(micro_isr_systick.o)
 .bss           0x00005ff0        0x0 /home/tools/CodeSourcery/Sourcery_CodeBench_for_ARM_EABI/bin/../lib/gcc/arm-none-eabi/4.7.2/../../../../arm-none-eabi/lib/armv7-m/libc.a(lib_a-errno.o)
 .bss           0x00005ff0        0x0 /home/tools/CodeSourcery/Sourcery_CodeBench_for_ARM_EABI/bin/../lib/gcc/arm-none-eabi/4.7.2/../../../../arm-none-eabi/lib/armv7-m/libc.a(lib_a-init.o)
 *(COMMON)
                0x00005ff0                . = ALIGN (0x8)
 *(.ram.b .bss.ram)
                0x00005ff0                . = ALIGN (0x8)
                0x00005ff0                _end = .
                0x00005ff0                __end = .
                0x00000000                __cs3_region_init_ram = __cs3_region_start_ram
                0x00005db8                __cs3_region_init_size_ram = (_edata - __cs3_region_start_ram)
                0x00000238                __cs3_region_zero_size_ram = (_end - _edata)
                0x00106000                __cs3_region_size_ram = ((ALIGN (0x400) - __cs3_region_start_ram) + 0x100000)

.stab
 *(.stab)

.stabstr
 *(.stabstr)

.debug
 *(.debug)

.line
 *(.line)

.debug_srcinfo
 *(.debug_srcinfo)

.debug_sfnames
 *(.debug_sfnames)

.debug_aranges  0x00000000      0x428
 *(.debug_aranges)
 .debug_aranges
                0x00000000       0x20 /home/jon/VistaModels/ARM/m3/CBwork/demo/Debug/demo.o
 .debug_aranges
                0x00000020       0x20 /home/tools/CodeSourcery/Sourcery_CodeBench_for_ARM_EABI/bin/../lib/gcc/arm-none-eabi/4.7.2/armv7-m/libgcc.a(_arm_addsubdf3.o)
 .debug_aranges
                0x00000040       0x20 /home/tools/CodeSourcery/Sourcery_CodeBench_for_ARM_EABI/bin/../lib/gcc/arm-none-eabi/4.7.2/armv7-m/libgcc.a(_arm_muldivdf3.o)
 .debug_aranges
                0x00000060       0x20 /home/tools/CodeSourcery/Sourcery_CodeBench_for_ARM_EABI/bin/../lib/gcc/arm-none-eabi/4.7.2/armv7-m/libgcc.a(_arm_cmpdf2.o)
 .debug_aranges
                0x00000080       0x20 /home/tools/CodeSourcery/Sourcery_CodeBench_for_ARM_EABI/bin/../lib/gcc/arm-none-eabi/4.7.2/armv7-m/libgcc.a(_arm_fixdfsi.o)
 .debug_aranges
                0x000000a0       0x20 /home/tools/CodeSourcery/Sourcery_CodeBench_for_ARM_EABI/bin/../lib/gcc/arm-none-eabi/4.7.2/armv7-m/libgcc.a(_aeabi_uldivmod.o)
 .debug_aranges
                0x000000c0       0x20 /home/tools/CodeSourcery/Sourcery_CodeBench_for_ARM_EABI/bin/../lib/gcc/arm-none-eabi/4.7.2/armv7-m/libgcc.a(bpabi.o)
 .debug_aranges
                0x000000e0       0x20 /home/tools/CodeSourcery/Sourcery_CodeBench_for_ARM_EABI/bin/../lib/gcc/arm-none-eabi/4.7.2/armv7-m/libgcc.a(_dvmd_tls.o)
 .debug_aranges
                0x00000100       0x20 /home/tools/CodeSourcery/Sourcery_CodeBench_for_ARM_EABI/bin/../lib/gcc/arm-none-eabi/4.7.2/armv7-m/libgcc.a(_divdi3.o)
 .debug_aranges
                0x00000120       0x20 /home/tools/CodeSourcery/Sourcery_CodeBench_for_ARM_EABI/bin/../lib/gcc/arm-none-eabi/4.7.2/armv7-m/libgcc.a(_udivdi3.o)
 .debug_aranges
                0x00000140       0x20 /home/tools/CodeSourcery/Sourcery_CodeBench_for_ARM_EABI/bin/../lib/gcc/arm-none-eabi/4.7.2/../../../../arm-none-eabi/lib/armv7-m/libcs3.a(start-sim.o)
 .debug_aranges
                0x00000160       0x28 /home/tools/CodeSourcery/Sourcery_CodeBench_for_ARM_EABI/bin/../lib/gcc/arm-none-eabi/4.7.2/../../../../arm-none-eabi/lib/armv7-m/libcs3.a(start_c.o)
 .debug_aranges
                0x00000188       0x18 /home/tools/CodeSourcery/Sourcery_CodeBench_for_ARM_EABI/bin/../lib/gcc/arm-none-eabi/4.7.2/../../../../arm-none-eabi/lib/armv7-m/libcs3.a(heap.o)
 .debug_aranges
                0x000001a0       0x20 /home/tools/CodeSourcery/Sourcery_CodeBench_for_ARM_EABI/bin/../lib/gcc/arm-none-eabi/4.7.2/../../../../arm-none-eabi/lib/armv7-m/libcs3.a(qemu-micro-reset.o)
 .debug_aranges
                0x000001c0       0x20 /home/tools/CodeSourcery/Sourcery_CodeBench_for_ARM_EABI/bin/../lib/gcc/arm-none-eabi/4.7.2/../../../../arm-none-eabi/lib/armv7-m/libcs3hosted.a(hosted-_close.o)
 .debug_aranges
                0x000001e0       0x20 /home/tools/CodeSourcery/Sourcery_CodeBench_for_ARM_EABI/bin/../lib/gcc/arm-none-eabi/4.7.2/../../../../arm-none-eabi/lib/armv7-m/libcs3hosted.a(hosted-_exit.o)
 .debug_aranges
                0x00000200       0x20 /home/tools/CodeSourcery/Sourcery_CodeBench_for_ARM_EABI/bin/../lib/gcc/arm-none-eabi/4.7.2/../../../../arm-none-eabi/lib/armv7-m/libcs3hosted.a(hosted-_fstat.o)
 .debug_aranges
                0x00000220       0x20 /home/tools/CodeSourcery/Sourcery_CodeBench_for_ARM_EABI/bin/../lib/gcc/arm-none-eabi/4.7.2/../../../../arm-none-eabi/lib/armv7-m/libcs3hosted.a(hosted-isatty.o)
 .debug_aranges
                0x00000240       0x20 /home/tools/CodeSourcery/Sourcery_CodeBench_for_ARM_EABI/bin/../lib/gcc/arm-none-eabi/4.7.2/../../../../arm-none-eabi/lib/armv7-m/libcs3hosted.a(hosted-_lseek.o)
 .debug_aranges
                0x00000260       0x20 /home/tools/CodeSourcery/Sourcery_CodeBench_for_ARM_EABI/bin/../lib/gcc/arm-none-eabi/4.7.2/../../../../arm-none-eabi/lib/armv7-m/libcs3hosted.a(hosted-_read.o)
 .debug_aranges
                0x00000280       0x20 /home/tools/CodeSourcery/Sourcery_CodeBench_for_ARM_EABI/bin/../lib/gcc/arm-none-eabi/4.7.2/../../../../arm-none-eabi/lib/armv7-m/libcs3hosted.a(hosted-_write.o)
 .debug_aranges
                0x000002a0       0x20 /home/tools/CodeSourcery/Sourcery_CodeBench_for_ARM_EABI/bin/../lib/gcc/arm-none-eabi/4.7.2/../../../../arm-none-eabi/lib/armv7-m/libcs3hosted.a(hosted-sbrk.o)
 .debug_aranges
                0x000002c0       0x28 /home/tools/CodeSourcery/Sourcery_CodeBench_for_ARM_EABI/bin/../lib/gcc/arm-none-eabi/4.7.2/../../../../arm-none-eabi/lib/armv7-m/libcs3hosted.a(hosted-rdi.o)
 .debug_aranges
                0x000002e8       0x20 /home/tools/CodeSourcery/Sourcery_CodeBench_for_ARM_EABI/bin/../lib/gcc/arm-none-eabi/4.7.2/../../../../arm-none-eabi/lib/armv7-m/libcs3micro.a(micro_isr_interrupt.o)
 .debug_aranges
                0x00000308       0x20 /home/tools/CodeSourcery/Sourcery_CodeBench_for_ARM_EABI/bin/../lib/gcc/arm-none-eabi/4.7.2/../../../../arm-none-eabi/lib/armv7-m/libcs3micro.a(micro_isr_nmi.o)
 .debug_aranges
                0x00000328       0x20 /home/tools/CodeSourcery/Sourcery_CodeBench_for_ARM_EABI/bin/../lib/gcc/arm-none-eabi/4.7.2/../../../../arm-none-eabi/lib/armv7-m/libcs3micro.a(micro_isr_hard_fault.o)
 .debug_aranges
                0x00000348       0x20 /home/tools/CodeSourcery/Sourcery_CodeBench_for_ARM_EABI/bin/../lib/gcc/arm-none-eabi/4.7.2/../../../../arm-none-eabi/lib/armv7-m/libcs3micro.a(micro_isr_mpu_fault.o)
 .debug_aranges
                0x00000368       0x20 /home/tools/CodeSourcery/Sourcery_CodeBench_for_ARM_EABI/bin/../lib/gcc/arm-none-eabi/4.7.2/../../../../arm-none-eabi/lib/armv7-m/libcs3micro.a(micro_isr_bus_fault.o)
 .debug_aranges
                0x00000388       0x20 /home/tools/CodeSourcery/Sourcery_CodeBench_for_ARM_EABI/bin/../lib/gcc/arm-none-eabi/4.7.2/../../../../arm-none-eabi/lib/armv7-m/libcs3micro.a(micro_isr_usage_fault.o)
 .debug_aranges
                0x000003a8       0x20 /home/tools/CodeSourcery/Sourcery_CodeBench_for_ARM_EABI/bin/../lib/gcc/arm-none-eabi/4.7.2/../../../../arm-none-eabi/lib/armv7-m/libcs3micro.a(micro_isr_svcall.o)
 .debug_aranges
                0x000003c8       0x20 /home/tools/CodeSourcery/Sourcery_CodeBench_for_ARM_EABI/bin/../lib/gcc/arm-none-eabi/4.7.2/../../../../arm-none-eabi/lib/armv7-m/libcs3micro.a(micro_isr_debug.o)
 .debug_aranges
                0x000003e8       0x20 /home/tools/CodeSourcery/Sourcery_CodeBench_for_ARM_EABI/bin/../lib/gcc/arm-none-eabi/4.7.2/../../../../arm-none-eabi/lib/armv7-m/libcs3micro.a(micro_isr_pendsv.o)
 .debug_aranges
                0x00000408       0x20 /home/tools/CodeSourcery/Sourcery_CodeBench_for_ARM_EABI/bin/../lib/gcc/arm-none-eabi/4.7.2/../../../../arm-none-eabi/lib/armv7-m/libcs3micro.a(micro_isr_systick.o)

.debug_pubnames
 *(.debug_pubnames)

.debug_info     0x00000000     0x357d
 *(.debug_info .gnu.linkonce.wi.*)
 .debug_info    0x00000000      0x36a /home/jon/VistaModels/ARM/m3/CBwork/demo/Debug/demo.o
 .debug_info    0x0000036a       0xbf /home/tools/CodeSourcery/Sourcery_CodeBench_for_ARM_EABI/bin/../lib/gcc/arm-none-eabi/4.7.2/armv7-m/libgcc.a(_arm_addsubdf3.o)
 .debug_info    0x00000429       0xbf /home/tools/CodeSourcery/Sourcery_CodeBench_for_ARM_EABI/bin/../lib/gcc/arm-none-eabi/4.7.2/armv7-m/libgcc.a(_arm_muldivdf3.o)
 .debug_info    0x000004e8       0xbf /home/tools/CodeSourcery/Sourcery_CodeBench_for_ARM_EABI/bin/../lib/gcc/arm-none-eabi/4.7.2/armv7-m/libgcc.a(_arm_cmpdf2.o)
 .debug_info    0x000005a7       0xbf /home/tools/CodeSourcery/Sourcery_CodeBench_for_ARM_EABI/bin/../lib/gcc/arm-none-eabi/4.7.2/armv7-m/libgcc.a(_arm_fixdfsi.o)
 .debug_info    0x00000666       0xba /home/tools/CodeSourcery/Sourcery_CodeBench_for_ARM_EABI/bin/../lib/gcc/arm-none-eabi/4.7.2/armv7-m/libgcc.a(_aeabi_uldivmod.o)
 .debug_info    0x00000720      0x170 /home/tools/CodeSourcery/Sourcery_CodeBench_for_ARM_EABI/bin/../lib/gcc/arm-none-eabi/4.7.2/armv7-m/libgcc.a(bpabi.o)
 .debug_info    0x00000890       0xbe /home/tools/CodeSourcery/Sourcery_CodeBench_for_ARM_EABI/bin/../lib/gcc/arm-none-eabi/4.7.2/armv7-m/libgcc.a(_dvmd_tls.o)
 .debug_info    0x0000094e      0x689 /home/tools/CodeSourcery/Sourcery_CodeBench_for_ARM_EABI/bin/../lib/gcc/arm-none-eabi/4.7.2/armv7-m/libgcc.a(_divdi3.o)
 .debug_info    0x00000fd7      0x64c /home/tools/CodeSourcery/Sourcery_CodeBench_for_ARM_EABI/bin/../lib/gcc/arm-none-eabi/4.7.2/armv7-m/libgcc.a(_udivdi3.o)
 .debug_info    0x00001623       0xce /home/tools/CodeSourcery/Sourcery_CodeBench_for_ARM_EABI/bin/../lib/gcc/arm-none-eabi/4.7.2/../../../../arm-none-eabi/lib/armv7-m/libcs3.a(start-sim.o)
 .debug_info    0x000016f1      0x248 /home/tools/CodeSourcery/Sourcery_CodeBench_for_ARM_EABI/bin/../lib/gcc/arm-none-eabi/4.7.2/../../../../arm-none-eabi/lib/armv7-m/libcs3.a(start_c.o)
 .debug_info    0x00001939       0x42 /home/tools/CodeSourcery/Sourcery_CodeBench_for_ARM_EABI/bin/../lib/gcc/arm-none-eabi/4.7.2/../../../../arm-none-eabi/lib/armv7-m/libcs3.a(heap.o)
 .debug_info    0x0000197b       0xd5 /home/tools/CodeSourcery/Sourcery_CodeBench_for_ARM_EABI/bin/../lib/gcc/arm-none-eabi/4.7.2/../../../../arm-none-eabi/lib/armv7-m/libcs3.a(qemu-micro-reset.o)
 .debug_info    0x00001a50      0x172 /home/tools/CodeSourcery/Sourcery_CodeBench_for_ARM_EABI/bin/../lib/gcc/arm-none-eabi/4.7.2/../../../../arm-none-eabi/lib/armv7-m/libcs3hosted.a(hosted-_close.o)
 .debug_info    0x00001bc2       0xcf /home/tools/CodeSourcery/Sourcery_CodeBench_for_ARM_EABI/bin/../lib/gcc/arm-none-eabi/4.7.2/../../../../arm-none-eabi/lib/armv7-m/libcs3hosted.a(hosted-_exit.o)
 .debug_info    0x00001c91      0x39e /home/tools/CodeSourcery/Sourcery_CodeBench_for_ARM_EABI/bin/../lib/gcc/arm-none-eabi/4.7.2/../../../../arm-none-eabi/lib/armv7-m/libcs3hosted.a(hosted-_fstat.o)
 .debug_info    0x0000202f      0x166 /home/tools/CodeSourcery/Sourcery_CodeBench_for_ARM_EABI/bin/../lib/gcc/arm-none-eabi/4.7.2/../../../../arm-none-eabi/lib/armv7-m/libcs3hosted.a(hosted-isatty.o)
 .debug_info    0x00002195      0x25c /home/tools/CodeSourcery/Sourcery_CodeBench_for_ARM_EABI/bin/../lib/gcc/arm-none-eabi/4.7.2/../../../../arm-none-eabi/lib/armv7-m/libcs3hosted.a(hosted-_lseek.o)
 .debug_info    0x000023f1      0x1c0 /home/tools/CodeSourcery/Sourcery_CodeBench_for_ARM_EABI/bin/../lib/gcc/arm-none-eabi/4.7.2/../../../../arm-none-eabi/lib/armv7-m/libcs3hosted.a(hosted-_read.o)
 .debug_info    0x000025b1      0x1c5 /home/tools/CodeSourcery/Sourcery_CodeBench_for_ARM_EABI/bin/../lib/gcc/arm-none-eabi/4.7.2/../../../../arm-none-eabi/lib/armv7-m/libcs3hosted.a(hosted-_write.o)
 .debug_info    0x00002776      0x10b /home/tools/CodeSourcery/Sourcery_CodeBench_for_ARM_EABI/bin/../lib/gcc/arm-none-eabi/4.7.2/../../../../arm-none-eabi/lib/armv7-m/libcs3hosted.a(hosted-sbrk.o)
 .debug_info    0x00002881      0x4e6 /home/tools/CodeSourcery/Sourcery_CodeBench_for_ARM_EABI/bin/../lib/gcc/arm-none-eabi/4.7.2/../../../../arm-none-eabi/lib/armv7-m/libcs3hosted.a(hosted-rdi.o)
 .debug_info    0x00002d67       0xcf /home/tools/CodeSourcery/Sourcery_CodeBench_for_ARM_EABI/bin/../lib/gcc/arm-none-eabi/4.7.2/../../../../arm-none-eabi/lib/armv7-m/libcs3micro.a(micro_isr_interrupt.o)
 .debug_info    0x00002e36       0xcf /home/tools/CodeSourcery/Sourcery_CodeBench_for_ARM_EABI/bin/../lib/gcc/arm-none-eabi/4.7.2/../../../../arm-none-eabi/lib/armv7-m/libcs3micro.a(micro_isr_nmi.o)
 .debug_info    0x00002f05       0xcf /home/tools/CodeSourcery/Sourcery_CodeBench_for_ARM_EABI/bin/../lib/gcc/arm-none-eabi/4.7.2/../../../../arm-none-eabi/lib/armv7-m/libcs3micro.a(micro_isr_hard_fault.o)
 .debug_info    0x00002fd4       0xcf /home/tools/CodeSourcery/Sourcery_CodeBench_for_ARM_EABI/bin/../lib/gcc/arm-none-eabi/4.7.2/../../../../arm-none-eabi/lib/armv7-m/libcs3micro.a(micro_isr_mpu_fault.o)
 .debug_info    0x000030a3       0xcf /home/tools/CodeSourcery/Sourcery_CodeBench_for_ARM_EABI/bin/../lib/gcc/arm-none-eabi/4.7.2/../../../../arm-none-eabi/lib/armv7-m/libcs3micro.a(micro_isr_bus_fault.o)
 .debug_info    0x00003172       0xcf /home/tools/CodeSourcery/Sourcery_CodeBench_for_ARM_EABI/bin/../lib/gcc/arm-none-eabi/4.7.2/../../../../arm-none-eabi/lib/armv7-m/libcs3micro.a(micro_isr_usage_fault.o)
 .debug_info    0x00003241       0xcf /home/tools/CodeSourcery/Sourcery_CodeBench_for_ARM_EABI/bin/../lib/gcc/arm-none-eabi/4.7.2/../../../../arm-none-eabi/lib/armv7-m/libcs3micro.a(micro_isr_svcall.o)
 .debug_info    0x00003310       0xcf /home/tools/CodeSourcery/Sourcery_CodeBench_for_ARM_EABI/bin/../lib/gcc/arm-none-eabi/4.7.2/../../../../arm-none-eabi/lib/armv7-m/libcs3micro.a(micro_isr_debug.o)
 .debug_info    0x000033df       0xcf /home/tools/CodeSourcery/Sourcery_CodeBench_for_ARM_EABI/bin/../lib/gcc/arm-none-eabi/4.7.2/../../../../arm-none-eabi/lib/armv7-m/libcs3micro.a(micro_isr_pendsv.o)
 .debug_info    0x000034ae       0xcf /home/tools/CodeSourcery/Sourcery_CodeBench_for_ARM_EABI/bin/../lib/gcc/arm-none-eabi/4.7.2/../../../../arm-none-eabi/lib/armv7-m/libcs3micro.a(micro_isr_systick.o)

.debug_abbrev   0x00000000     0x145d
 *(.debug_abbrev)
 .debug_abbrev  0x00000000      0x182 /home/jon/VistaModels/ARM/m3/CBwork/demo/Debug/demo.o
 .debug_abbrev  0x00000182       0x14 /home/tools/CodeSourcery/Sourcery_CodeBench_for_ARM_EABI/bin/../lib/gcc/arm-none-eabi/4.7.2/armv7-m/libgcc.a(_arm_addsubdf3.o)
 .debug_abbrev  0x00000196       0x14 /home/tools/CodeSourcery/Sourcery_CodeBench_for_ARM_EABI/bin/../lib/gcc/arm-none-eabi/4.7.2/armv7-m/libgcc.a(_arm_muldivdf3.o)
 .debug_abbrev  0x000001aa       0x14 /home/tools/CodeSourcery/Sourcery_CodeBench_for_ARM_EABI/bin/../lib/gcc/arm-none-eabi/4.7.2/armv7-m/libgcc.a(_arm_cmpdf2.o)
 .debug_abbrev  0x000001be       0x14 /home/tools/CodeSourcery/Sourcery_CodeBench_for_ARM_EABI/bin/../lib/gcc/arm-none-eabi/4.7.2/armv7-m/libgcc.a(_arm_fixdfsi.o)
 .debug_abbrev  0x000001d2       0x14 /home/tools/CodeSourcery/Sourcery_CodeBench_for_ARM_EABI/bin/../lib/gcc/arm-none-eabi/4.7.2/armv7-m/libgcc.a(_aeabi_uldivmod.o)
 .debug_abbrev  0x000001e6       0xb5 /home/tools/CodeSourcery/Sourcery_CodeBench_for_ARM_EABI/bin/../lib/gcc/arm-none-eabi/4.7.2/armv7-m/libgcc.a(bpabi.o)
 .debug_abbrev  0x0000029b       0x14 /home/tools/CodeSourcery/Sourcery_CodeBench_for_ARM_EABI/bin/../lib/gcc/arm-none-eabi/4.7.2/armv7-m/libgcc.a(_dvmd_tls.o)
 .debug_abbrev  0x000002af      0x15a /home/tools/CodeSourcery/Sourcery_CodeBench_for_ARM_EABI/bin/../lib/gcc/arm-none-eabi/4.7.2/armv7-m/libgcc.a(_divdi3.o)
 .debug_abbrev  0x00000409      0x154 /home/tools/CodeSourcery/Sourcery_CodeBench_for_ARM_EABI/bin/../lib/gcc/arm-none-eabi/4.7.2/armv7-m/libgcc.a(_udivdi3.o)
 .debug_abbrev  0x0000055d       0x14 /home/tools/CodeSourcery/Sourcery_CodeBench_for_ARM_EABI/bin/../lib/gcc/arm-none-eabi/4.7.2/../../../../arm-none-eabi/lib/armv7-m/libcs3.a(start-sim.o)
 .debug_abbrev  0x00000571      0x143 /home/tools/CodeSourcery/Sourcery_CodeBench_for_ARM_EABI/bin/../lib/gcc/arm-none-eabi/4.7.2/../../../../arm-none-eabi/lib/armv7-m/libcs3.a(start_c.o)
 .debug_abbrev  0x000006b4       0x42 /home/tools/CodeSourcery/Sourcery_CodeBench_for_ARM_EABI/bin/../lib/gcc/arm-none-eabi/4.7.2/../../../../arm-none-eabi/lib/armv7-m/libcs3.a(heap.o)
 .debug_abbrev  0x000006f6       0x14 /home/tools/CodeSourcery/Sourcery_CodeBench_for_ARM_EABI/bin/../lib/gcc/arm-none-eabi/4.7.2/../../../../arm-none-eabi/lib/armv7-m/libcs3.a(qemu-micro-reset.o)
 .debug_abbrev  0x0000070a      0x15d /home/tools/CodeSourcery/Sourcery_CodeBench_for_ARM_EABI/bin/../lib/gcc/arm-none-eabi/4.7.2/../../../../arm-none-eabi/lib/armv7-m/libcs3hosted.a(hosted-_close.o)
 .debug_abbrev  0x00000867       0xb6 /home/tools/CodeSourcery/Sourcery_CodeBench_for_ARM_EABI/bin/../lib/gcc/arm-none-eabi/4.7.2/../../../../arm-none-eabi/lib/armv7-m/libcs3hosted.a(hosted-_exit.o)
 .debug_abbrev  0x0000091d      0x180 /home/tools/CodeSourcery/Sourcery_CodeBench_for_ARM_EABI/bin/../lib/gcc/arm-none-eabi/4.7.2/../../../../arm-none-eabi/lib/armv7-m/libcs3hosted.a(hosted-_fstat.o)
 .debug_abbrev  0x00000a9d      0x14e /home/tools/CodeSourcery/Sourcery_CodeBench_for_ARM_EABI/bin/../lib/gcc/arm-none-eabi/4.7.2/../../../../arm-none-eabi/lib/armv7-m/libcs3hosted.a(hosted-isatty.o)
 .debug_abbrev  0x00000beb      0x1a4 /home/tools/CodeSourcery/Sourcery_CodeBench_for_ARM_EABI/bin/../lib/gcc/arm-none-eabi/4.7.2/../../../../arm-none-eabi/lib/armv7-m/libcs3hosted.a(hosted-_lseek.o)
 .debug_abbrev  0x00000d8f      0x16a /home/tools/CodeSourcery/Sourcery_CodeBench_for_ARM_EABI/bin/../lib/gcc/arm-none-eabi/4.7.2/../../../../arm-none-eabi/lib/armv7-m/libcs3hosted.a(hosted-_read.o)
 .debug_abbrev  0x00000ef9      0x171 /home/tools/CodeSourcery/Sourcery_CodeBench_for_ARM_EABI/bin/../lib/gcc/arm-none-eabi/4.7.2/../../../../arm-none-eabi/lib/armv7-m/libcs3hosted.a(hosted-_write.o)
 .debug_abbrev  0x0000106a       0xf4 /home/tools/CodeSourcery/Sourcery_CodeBench_for_ARM_EABI/bin/../lib/gcc/arm-none-eabi/4.7.2/../../../../arm-none-eabi/lib/armv7-m/libcs3hosted.a(hosted-sbrk.o)
 .debug_abbrev  0x0000115e      0x237 /home/tools/CodeSourcery/Sourcery_CodeBench_for_ARM_EABI/bin/../lib/gcc/arm-none-eabi/4.7.2/../../../../arm-none-eabi/lib/armv7-m/libcs3hosted.a(hosted-rdi.o)
 .debug_abbrev  0x00001395       0x14 /home/tools/CodeSourcery/Sourcery_CodeBench_for_ARM_EABI/bin/../lib/gcc/arm-none-eabi/4.7.2/../../../../arm-none-eabi/lib/armv7-m/libcs3micro.a(micro_isr_interrupt.o)
 .debug_abbrev  0x000013a9       0x14 /home/tools/CodeSourcery/Sourcery_CodeBench_for_ARM_EABI/bin/../lib/gcc/arm-none-eabi/4.7.2/../../../../arm-none-eabi/lib/armv7-m/libcs3micro.a(micro_isr_nmi.o)
 .debug_abbrev  0x000013bd       0x14 /home/tools/CodeSourcery/Sourcery_CodeBench_for_ARM_EABI/bin/../lib/gcc/arm-none-eabi/4.7.2/../../../../arm-none-eabi/lib/armv7-m/libcs3micro.a(micro_isr_hard_fault.o)
 .debug_abbrev  0x000013d1       0x14 /home/tools/CodeSourcery/Sourcery_CodeBench_for_ARM_EABI/bin/../lib/gcc/arm-none-eabi/4.7.2/../../../../arm-none-eabi/lib/armv7-m/libcs3micro.a(micro_isr_mpu_fault.o)
 .debug_abbrev  0x000013e5       0x14 /home/tools/CodeSourcery/Sourcery_CodeBench_for_ARM_EABI/bin/../lib/gcc/arm-none-eabi/4.7.2/../../../../arm-none-eabi/lib/armv7-m/libcs3micro.a(micro_isr_bus_fault.o)
 .debug_abbrev  0x000013f9       0x14 /home/tools/CodeSourcery/Sourcery_CodeBench_for_ARM_EABI/bin/../lib/gcc/arm-none-eabi/4.7.2/../../../../arm-none-eabi/lib/armv7-m/libcs3micro.a(micro_isr_usage_fault.o)
 .debug_abbrev  0x0000140d       0x14 /home/tools/CodeSourcery/Sourcery_CodeBench_for_ARM_EABI/bin/../lib/gcc/arm-none-eabi/4.7.2/../../../../arm-none-eabi/lib/armv7-m/libcs3micro.a(micro_isr_svcall.o)
 .debug_abbrev  0x00001421       0x14 /home/tools/CodeSourcery/Sourcery_CodeBench_for_ARM_EABI/bin/../lib/gcc/arm-none-eabi/4.7.2/../../../../arm-none-eabi/lib/armv7-m/libcs3micro.a(micro_isr_debug.o)
 .debug_abbrev  0x00001435       0x14 /home/tools/CodeSourcery/Sourcery_CodeBench_for_ARM_EABI/bin/../lib/gcc/arm-none-eabi/4.7.2/../../../../arm-none-eabi/lib/armv7-m/libcs3micro.a(micro_isr_pendsv.o)
 .debug_abbrev  0x00001449       0x14 /home/tools/CodeSourcery/Sourcery_CodeBench_for_ARM_EABI/bin/../lib/gcc/arm-none-eabi/4.7.2/../../../../arm-none-eabi/lib/armv7-m/libcs3micro.a(micro_isr_systick.o)

.debug_line     0x00000000     0x1c41
 *(.debug_line)
 .debug_line    0x00000000      0x3c2 /home/jon/VistaModels/ARM/m3/CBwork/demo/Debug/demo.o
 .debug_line    0x000003c2      0x213 /home/tools/CodeSourcery/Sourcery_CodeBench_for_ARM_EABI/bin/../lib/gcc/arm-none-eabi/4.7.2/armv7-m/libgcc.a(_arm_addsubdf3.o)
 .debug_line    0x000005d5      0x22f /home/tools/CodeSourcery/Sourcery_CodeBench_for_ARM_EABI/bin/../lib/gcc/arm-none-eabi/4.7.2/armv7-m/libgcc.a(_arm_muldivdf3.o)
 .debug_line    0x00000804      0x115 /home/tools/CodeSourcery/Sourcery_CodeBench_for_ARM_EABI/bin/../lib/gcc/arm-none-eabi/4.7.2/armv7-m/libgcc.a(_arm_cmpdf2.o)
 .debug_line    0x00000919       0x8f /home/tools/CodeSourcery/Sourcery_CodeBench_for_ARM_EABI/bin/../lib/gcc/arm-none-eabi/4.7.2/armv7-m/libgcc.a(_arm_fixdfsi.o)
 .debug_line    0x000009a8       0x7a /home/tools/CodeSourcery/Sourcery_CodeBench_for_ARM_EABI/bin/../lib/gcc/arm-none-eabi/4.7.2/armv7-m/libgcc.a(_aeabi_uldivmod.o)
 .debug_line    0x00000a22       0x7a /home/tools/CodeSourcery/Sourcery_CodeBench_for_ARM_EABI/bin/../lib/gcc/arm-none-eabi/4.7.2/armv7-m/libgcc.a(bpabi.o)
 .debug_line    0x00000a9c       0x76 /home/tools/CodeSourcery/Sourcery_CodeBench_for_ARM_EABI/bin/../lib/gcc/arm-none-eabi/4.7.2/armv7-m/libgcc.a(_dvmd_tls.o)
 .debug_line    0x00000b12       0xf7 /home/tools/CodeSourcery/Sourcery_CodeBench_for_ARM_EABI/bin/../lib/gcc/arm-none-eabi/4.7.2/armv7-m/libgcc.a(_divdi3.o)
 .debug_line    0x00000c09       0xe5 /home/tools/CodeSourcery/Sourcery_CodeBench_for_ARM_EABI/bin/../lib/gcc/arm-none-eabi/4.7.2/armv7-m/libgcc.a(_udivdi3.o)