Archive member included because of file (symbol)

/home/tools/CodeSourcery/Sourcery_CodeBench_for_ARM_EABI/bin/../lib/gcc/arm-none-eabi/4.7.2/../../../../arm-none-eabi/lib/armv7-m/libc.a(lib_a-atexit.o)
                              (atexit)
/home/tools/CodeSourcery/Sourcery_CodeBench_for_ARM_EABI/bin/../lib/gcc/arm-none-eabi/4.7.2/../../../../arm-none-eabi/lib/armv7-m/libc.a(lib_a-exit.o)
                              (exit)
/home/tools/CodeSourcery/Sourcery_CodeBench_for_ARM_EABI/bin/../lib/gcc/arm-none-eabi/4.7.2/../../../../arm-none-eabi/lib/armv7-m/libc.a(lib_a-printf.o)
                              /home/jon/work/arm/m3/CBwork/demo/Debug/demo.o (printf)
/home/tools/CodeSourcery/Sourcery_CodeBench_for_ARM_EABI/bin/../lib/gcc/arm-none-eabi/4.7.2/../../../../arm-none-eabi/lib/armv7-m/libc.a(lib_a-sinit.o)
                              /home/tools/CodeSourcery/Sourcery_CodeBench_for_ARM_EABI/bin/../lib/gcc/arm-none-eabi/4.7.2/../../../../arm-none-eabi/lib/armv7-m/libc.a(lib_a-printf.o) (__sinit)
/home/tools/CodeSourcery/Sourcery_CodeBench_for_ARM_EABI/bin/../lib/gcc/arm-none-eabi/4.7.2/../../../../arm-none-eabi/lib/armv7-m/libc.a(lib_a-stdout.o)
                              /home/tools/CodeSourcery/Sourcery_CodeBench_for_ARM_EABI/bin/../lib/gcc/arm-none-eabi/4.7.2/../../../../arm-none-eabi/lib/armv7-m/libc.a(lib_a-printf.o) (_cslibc_global__stdout)
/home/tools/CodeSourcery/Sourcery_CodeBench_for_ARM_EABI/bin/../lib/gcc/arm-none-eabi/4.7.2/../../../../arm-none-eabi/lib/armv7-m/libc.a(lib_a-vfprintf.o)
                              /home/tools/CodeSourcery/Sourcery_CodeBench_for_ARM_EABI/bin/../lib/gcc/arm-none-eabi/4.7.2/../../../../arm-none-eabi/lib/armv7-m/libc.a(lib_a-printf.o) (_vfprintf_r)
/home/tools/CodeSourcery/Sourcery_CodeBench_for_ARM_EABI/bin/../lib/gcc/arm-none-eabi/4.7.2/../../../../arm-none-eabi/lib/armv7-m/libc.a(lib_a-vfsprint.o)
                              /home/tools/CodeSourcery/Sourcery_CodeBench_for_ARM_EABI/bin/../lib/gcc/arm-none-eabi/4.7.2/../../../../arm-none-eabi/lib/armv7-m/libc.a(lib_a-vfprintf.o) (__sprint_r)
/home/tools/CodeSourcery/Sourcery_CodeBench_for_ARM_EABI/bin/../lib/gcc/arm-none-eabi/4.7.2/../../../../arm-none-eabi/lib/armv7-m/libc.a(lib_a-wsetup.o)
                              /home/tools/CodeSourcery/Sourcery_CodeBench_for_ARM_EABI/bin/../lib/gcc/arm-none-eabi/4.7.2/../../../../arm-none-eabi/lib/armv7-m/libc.a(lib_a-vfprintf.o) (__swsetup_r)
/home/tools/CodeSourcery/Sourcery_CodeBench_for_ARM_EABI/bin/../lib/gcc/arm-none-eabi/4.7.2/../../../../arm-none-eabi/lib/armv7-m/libc.a(lib_a-__atexit.o)
                              /home/tools/CodeSourcery/Sourcery_CodeBench_for_ARM_EABI/bin/../lib/gcc/arm-none-eabi/4.7.2/../../../../arm-none-eabi/lib/armv7-m/libc.a(lib_a-atexit.o) (__register_exitproc)
/home/tools/CodeSourcery/Sourcery_CodeBench_for_ARM_EABI/bin/../lib/gcc/arm-none-eabi/4.7.2/../../../../arm-none-eabi/lib/armv7-m/libc.a(lib_a-__atexitg.o)
                              /home/tools/CodeSourcery/Sourcery_CodeBench_for_ARM_EABI/bin/../lib/gcc/arm-none-eabi/4.7.2/../../../../arm-none-eabi/lib/armv7-m/libc.a(lib_a-__atexit.o) (_cslibc_global__atexit0)
/home/tools/CodeSourcery/Sourcery_CodeBench_for_ARM_EABI/bin/../lib/gcc/arm-none-eabi/4.7.2/../../../../arm-none-eabi/lib/armv7-m/libc.a(lib_a-__call_atexit.o)
                              /home/tools/CodeSourcery/Sourcery_CodeBench_for_ARM_EABI/bin/../lib/gcc/arm-none-eabi/4.7.2/../../../../arm-none-eabi/lib/armv7-m/libc.a(lib_a-exit.o) (__call_exitprocs)
/home/tools/CodeSourcery/Sourcery_CodeBench_for_ARM_EABI/bin/../lib/gcc/arm-none-eabi/4.7.2/../../../../arm-none-eabi/lib/armv7-m/libc.a(lib_a-__fpspecifierhelp.o)
                              /home/tools/CodeSourcery/Sourcery_CodeBench_for_ARM_EABI/bin/../lib/gcc/arm-none-eabi/4.7.2/../../../../arm-none-eabi/lib/armv7-m/libc.a(lib_a-vfprintf.o) (__cslibc$printf_fp_override)
/home/tools/CodeSourcery/Sourcery_CodeBench_for_ARM_EABI/bin/../lib/gcc/arm-none-eabi/4.7.2/../../../../arm-none-eabi/lib/armv7-m/libc.a(lib_a-_cleanup.o)
                              /home/tools/CodeSourcery/Sourcery_CodeBench_for_ARM_EABI/bin/../lib/gcc/arm-none-eabi/4.7.2/../../../../arm-none-eabi/lib/armv7-m/libc.a(lib_a-sinit.o) (_cleanup_r)
/home/tools/CodeSourcery/Sourcery_CodeBench_for_ARM_EABI/bin/../lib/gcc/arm-none-eabi/4.7.2/../../../../arm-none-eabi/lib/armv7-m/libc.a(lib_a-cleanupg.o)
                              /home/tools/CodeSourcery/Sourcery_CodeBench_for_ARM_EABI/bin/../lib/gcc/arm-none-eabi/4.7.2/../../../../arm-none-eabi/lib/armv7-m/libc.a(lib_a-exit.o) (_cslibc_global___cleanup)
/home/tools/CodeSourcery/Sourcery_CodeBench_for_ARM_EABI/bin/../lib/gcc/arm-none-eabi/4.7.2/../../../../arm-none-eabi/lib/armv7-m/libc.a(lib_a-dtoa.o)
                              /home/tools/CodeSourcery/Sourcery_CodeBench_for_ARM_EABI/bin/../lib/gcc/arm-none-eabi/4.7.2/../../../../arm-none-eabi/lib/armv7-m/libc.a(lib_a-__fpspecifierhelp.o) (dtoa)
[...]
Memory Configuration

Name             Origin             Length             Attributes
ram              0x00000000         0x08000000         xrw
*default*        0x00000000         0xffffffff

Linker script and memory map

LOAD /home/tools/CodeSourcery/Sourcery_CodeBench_for_ARM_EABI/bin/../lib/gcc/arm-none-eabi/4.7.2/armv7-m/crti.o
LOAD /home/tools/CodeSourcery/Sourcery_CodeBench_for_ARM_EABI/bin/../lib/gcc/arm-none-eabi/4.7.2/armv7-m/crtbegin.o
LOAD /home/jon/work/arm/m3/CBwork/demo/Debug/demo.o
LOAD /home/tools/CodeSourcery/Sourcery_CodeBench_for_ARM_EABI/bin/../lib/gcc/arm-none-eabi/4.7.2/../../../../arm-none-eabi/lib/armv7-m/libm.a
START GROUP
LOAD /home/tools/CodeSourcery/Sourcery_CodeBench_for_ARM_EABI/bin/../lib/gcc/arm-none-eabi/4.7.2/armv7-m/libgcc.a
LOAD /home/tools/CodeSourcery/Sourcery_CodeBench_for_ARM_EABI/bin/../lib/gcc/arm-none-eabi/4.7.2/../../../../arm-none-eabi/lib/armv7-m/libc.a
END GROUP
LOAD /home/tools/CodeSourcery/Sourcery_CodeBench_for_ARM_EABI/bin/../lib/gcc/arm-none-eabi/4.7.2/armv7-m/crtend.o
LOAD /home/tools/CodeSourcery/Sourcery_CodeBench_for_ARM_EABI/bin/../lib/gcc/arm-none-eabi/4.7.2/armv7-m/crtn.o
START GROUP
LOAD /home/tools/CodeSourcery/Sourcery_CodeBench_for_ARM_EABI/bin/../lib/gcc/arm-none-eabi/4.7.2/armv7-m/libgcc.a
LOAD /home/tools/CodeSourcery/Sourcery_CodeBench_for_ARM_EABI/bin/../lib/gcc/arm-none-eabi/4.7.2/../../../../arm-none-eabi/lib/armv7-m/libc.a
LOAD /home/tools/CodeSourcery/Sourcery_CodeBench_for_ARM_EABI/bin/../lib/gcc/arm-none-eabi/4.7.2/../../../../arm-none-eabi/lib/armv7-m/libcs3.a
LOAD /home/tools/CodeSourcery/Sourcery_CodeBench_for_ARM_EABI/bin/../lib/gcc/arm-none-eabi/4.7.2/../../../../arm-none-eabi/lib/armv7-m/libcs3hosted.a
LOAD /home/tools/CodeSourcery/Sourcery_CodeBench_for_ARM_EABI/bin/../lib/gcc/arm-none-eabi/4.7.2/../../../../arm-none-eabi/lib/armv7-m/libcs3micro.a
END GROUP
                0x00005f98                PROVIDE (__cs3_heap_start, _end)
                0x00106000                PROVIDE (__cs3_heap_end, (__cs3_region_start_ram + __cs3_region_size_ram))
                0x00000001                PROVIDE (__cs3_region_num, ((__cs3_regions_end - __cs3_regions) / 0x14))
                0x00005818                __libc_fini = _fini
                0x00106000                PROVIDE (__cs3_stack, (__cs3_region_start_ram + __cs3_region_size_ram))

.text           0x00000000     0x55f8
 CREATE_OBJECT_SYMBOLS
                0x00000000                __cs3_region_start_ram = .
                0x00000000                _ftext = .
 *(.cs3.region-head.ram)
                0x00000000                __cs3_interrupt_vector = __cs3_interrupt_vector_micro
 *(.cs3.interrupt_vector)
 .cs3.interrupt_vector
                0x00000000       0xc0 /home/tools/CodeSourcery/Sourcery_CodeBench_for_ARM_EABI/bin/../lib/gcc/arm-none-eabi/4.7.2/../../../../arm-none-eabi/lib/armv7-m/libcs3micro.a(micro-vector.o)
                0x00000000                __cs3_interrupt_vector_micro
                0x00000001                ASSERT ((. != __cs3_interrupt_vector_micro), No interrupt vector)
                0x000000c0                PROVIDE (__cs3_reset, __cs3_reset_qemu_micro)
 *(.cs3.reset)
 .cs3.reset     0x000000c0       0x18 /home/tools/CodeSourcery/Sourcery_CodeBench_for_ARM_EABI/bin/../lib/gcc/arm-none-eabi/4.7.2/../../../../arm-none-eabi/lib/armv7-m/libcs3.a(qemu-micro-reset.o)
                0x000000c0                __cs3_reset_qemu_micro
                [0x000000d8]                __cs3_start_asm_sim = DEFINED (__cs3_start_asm)?__cs3_start_asm:__cs3_start_asm_sim
 *(.text.cs3.init)
 .text.cs3.init
                0x000000d8       0x38 /home/tools/CodeSourcery/Sourcery_CodeBench_for_ARM_EABI/bin/../lib/gcc/arm-none-eabi/4.7.2/../../../../arm-none-eabi/lib/armv7-m/libcs3.a(start-sim.o)
                0x000000d8                __cs3_start_asm_sim
 .text.cs3.init
                0x00000110       0x58 /home/tools/CodeSourcery/Sourcery_CodeBench_for_ARM_EABI/bin/../lib/gcc/arm-none-eabi/4.7.2/../../../../arm-none-eabi/lib/armv7-m/libcs3.a(start_c.o)
                0x00000110                __cs3_start_c
 *(.text .text.* .gnu.linkonce.t.*)
 .text          0x00000168        0x0 /home/tools/CodeSourcery/Sourcery_CodeBench_for_ARM_EABI/bin/../lib/gcc/arm-none-eabi/4.7.2/armv7-m/crti.o
 .text          0x00000168       0xb0 /home/tools/CodeSourcery/Sourcery_CodeBench_for_ARM_EABI/bin/../lib/gcc/arm-none-eabi/4.7.2/armv7-m/crtbegin.o
 .text          0x00000218      0x1e8 /home/jon/work/arm/m3/CBwork/demo/Debug/demo.o
                0x00000248                isPrime
                0x000002d8                GetNextPrimes
                0x0000033c                main
                0x000003d0                __cs3_isr_external_1
 .text          0x00000400        0xc /home/tools/CodeSourcery/Sourcery_CodeBench_for_ARM_EABI/bin/../lib/gcc/arm-none-eabi/4.7.2/../../../../arm-none-eabi/lib/armv7-m/libc.a(lib_a-atexit.o)
                0x00000400                atexit
 .text          0x0000040c       0x1c /home/tools/CodeSourcery/Sourcery_CodeBench_for_ARM_EABI/bin/../lib/gcc/arm-none-eabi/4.7.2/../../../../arm-none-eabi/lib/armv7-m/libc.a(lib_a-exit.o)
                0x0000040c                exit
 .text          0x00000428       0x38 /home/tools/CodeSourcery/Sourcery_CodeBench_for_ARM_EABI/bin/../lib/gcc/arm-none-eabi/4.7.2/../../../../arm-none-eabi/lib/armv7-m/libc.a(lib_a-printf.o)
                0x00000428                printf
 .text          0x00000460       0x30 /home/tools/CodeSourcery/Sourcery_CodeBench_for_ARM_EABI/bin/../lib/gcc/arm-none-eabi/4.7.2/../../../../arm-none-eabi/lib/armv7-m/libc.a(lib_a-sinit.o)
                0x00000460                __sinit
                0x0000048c                __sinit_lock_acquire
                0x0000048e                __sinit_lock_release
 .text          0x00000490        0x0 /home/tools/CodeSourcery/Sourcery_CodeBench_for_ARM_EABI/bin/../lib/gcc/arm-none-eabi/4.7.2/../../../../arm-none-eabi/lib/armv7-m/libc.a(lib_a-stdout.o)
 .text.startup  0x00000490       0x54 /home/tools/CodeSourcery/Sourcery_CodeBench_for_ARM_EABI/bin/../lib/gcc/arm-none-eabi/4.7.2/../../../../arm-none-eabi/lib/armv7-m/libc.a(lib_a-stdout.o)
 .text          0x000004e4      0xf08 /home/tools/CodeSourcery/Sourcery_CodeBench_for_ARM_EABI/bin/../lib/gcc/arm-none-eabi/4.7.2/../../../../arm-none-eabi/lib/armv7-m/libc.a(lib_a-vfprintf.o)
                0x000004e4                _vfprintf_r
                0x000013d0                vfprintf
 .text          0x000013ec       0x1a /home/tools/CodeSourcery/Sourcery_CodeBench_for_ARM_EABI/bin/../lib/gcc/arm-none-eabi/4.7.2/../../../../arm-none-eabi/lib/armv7-m/libc.a(lib_a-vfsprint.o)
                0x000013ec                __sprint_r
 *fill*         0x00001406        0x2 
 .text          0x00001408       0xb0 /home/tools/CodeSourcery/Sourcery_CodeBench_for_ARM_EABI/bin/../lib/gcc/arm-none-eabi/4.7.2/../../../../arm-none-eabi/lib/armv7-m/libc.a(lib_a-wsetup.o)
                0x00001408                __swsetup_r
 .text          0x000014b8       0xb0 /home/tools/CodeSourcery/Sourcery_CodeBench_for_ARM_EABI/bin/../lib/gcc/arm-none-eabi/4.7.2/../../../../arm-none-eabi/lib/armv7-m/libc.a(lib_a-__atexit.o)
                0x000014b8                __register_exitproc
 .text          0x00001568        0x0 /home/tools/CodeSourcery/Sourcery_CodeBench_for_ARM_EABI/bin/../lib/gcc/arm-none-eabi/4.7.2/../../../../arm-none-eabi/lib/armv7-m/libc.a(lib_a-__atexitg.o)
 .text          0x00001568       0xdc /home/tools/CodeSourcery/Sourcery_CodeBench_for_ARM_EABI/bin/../lib/gcc/arm-none-eabi/4.7.2/../../../../arm-none-eabi/lib/armv7-m/libc.a(lib_a-__call_atexit.o)
                0x00001568                __call_exitprocs
 .text.startup  0x00001644       0x14 /home/tools/CodeSourcery/Sourcery_CodeBench_for_ARM_EABI/bin/../lib/gcc/arm-none-eabi/4.7.2/../../../../arm-none-eabi/lib/armv7-m/libc.a(lib_a-__call_atexit.o)
 .text          0x00001658      0x264 /home/tools/CodeSourcery/Sourcery_CodeBench_for_ARM_EABI/bin/../lib/gcc/arm-none-eabi/4.7.2/../../../../arm-none-eabi/lib/armv7-m/libc.a(lib_a-__fpspecifierhelp.o)
                0x00001658                __handle_fp_specifiers
 .text          0x000018bc       0x10 /home/tools/CodeSourcery/Sourcery_CodeBench_for_ARM_EABI/bin/../lib/gcc/arm-none-eabi/4.7.2/../../../../arm-none-eabi/lib/armv7-m/libc.a(lib_a-_cleanup.o)
                0x000018bc                _cleanup_r
                0x000018c8                _cleanup
 .text          0x000018cc        0x0 /home/tools/CodeSourcery/Sourcery_CodeBench_for_ARM_EABI/bin/../lib/gcc/arm-none-eabi/4.7.2/../../../../arm-none-eabi/lib/armv7-m/libc.a(lib_a-cleanupg.o)
 *fill*         0x000018cc        0x4 
 .text          0x000018d0      0xc70 /home/tools/CodeSourcery/Sourcery_CodeBench_for_ARM_EABI/bin/../lib/gcc/arm-none-eabi/4.7.2/../../../../arm-none-eabi/lib/armv7-m/libc.a(lib_a-dtoa.o)
                0x000019ee                dtoa
 .text          0x00002540       0x80 /home/tools/CodeSourcery/Sourcery_CodeBench_for_ARM_EABI/bin/../lib/gcc/arm-none-eabi/4.7.2/../../../../arm-none-eabi/lib/armv7-m/libc.a(lib_a-fclose.o)
                0x00002540                fclose
 .text          0x000025c0      0x168 /home/tools/CodeSourcery/Sourcery_CodeBench_for_ARM_EABI/bin/../lib/gcc/arm-none-eabi/4.7.2/../../../../arm-none-eabi/lib/armv7-m/libc.a(lib_a-fflush.o)
                0x000025c0                _fflush_r
                0x0000270c                fflush
 .text          0x00002728       0x30 /home/tools/CodeSourcery/Sourcery_CodeBench_for_ARM_EABI/bin/../lib/gcc/arm-none-eabi/4.7.2/../../../../arm-none-eabi/lib/armv7-m/libc.a(lib_a-fini.o)
                0x00002728                __libc_fini_array
 .text          0x00002758      0x238 /home/tools/CodeSourcery/Sourcery_CodeBench_for_ARM_EABI/bin/../lib/gcc/arm-none-eabi/4.7.2/../../../../arm-none-eabi/lib/armv7-m/libc.a(lib_a-fvwrite.o)
                0x00002758                __sfvwrite_r
 .text          0x00002990       0x44 /home/tools/CodeSourcery/Sourcery_CodeBench_for_ARM_EABI/bin/../lib/gcc/arm-none-eabi/4.7.2/../../../../arm-none-eabi/lib/armv7-m/libc.a(lib_a-fwalk.o)
                0x00002990                _fwalk_nonreent
 .text          0x000029d4        0x0 /home/tools/CodeSourcery/Sourcery_CodeBench_for_ARM_EABI/bin/../lib/gcc/arm-none-eabi/4.7.2/../../../../arm-none-eabi/lib/armv7-m/libc.a(lib_a-impure.o)
 .text          0x000029d4       0x6c /home/tools/CodeSourcery/Sourcery_CodeBench_for_ARM_EABI/bin/../lib/gcc/arm-none-eabi/4.7.2/../../../../arm-none-eabi/lib/armv7-m/libc.a(lib_a-locale.o)
                0x000029d4                setlocale
                0x00002a18                __locale_charset
                0x00002a20                __locale_mb_cur_max
                0x00002a2c                __locale_msgcharset
                0x00002a34                __locale_cjk_lang
                0x00002a38                localeconv
 .text          0x00002a40       0xa0 /home/tools/CodeSourcery/Sourcery_CodeBench_for_ARM_EABI/bin/../lib/gcc/arm-none-eabi/4.7.2/../../../../arm-none-eabi/lib/armv7-m/libc.a(lib_a-makebuf.o)
                0x00002a40                __smakebuf_r
 .text          0x00002ae0       0x20 /home/tools/CodeSourcery/Sourcery_CodeBench_for_ARM_EABI/bin/../lib/gcc/arm-none-eabi/4.7.2/../../../../arm-none-eabi/lib/armv7-m/libc.a(lib_a-malloc.o)
                0x00002ae0                malloc
                0x00002af0                free
 .text          0x00002b00      0x3f8 /home/tools/CodeSourcery/Sourcery_CodeBench_for_ARM_EABI/bin/../lib/gcc/arm-none-eabi/4.7.2/../../../../arm-none-eabi/lib/armv7-m/libc.a(lib_a-mallocr.o)
                0x00002b00                _malloc_r
 .text          0x00002ef8       0x94 /home/tools/CodeSourcery/Sourcery_CodeBench_for_ARM_EABI/bin/../lib/gcc/arm-none-eabi/4.7.2/../../../../arm-none-eabi/lib/armv7-m/libc.a(lib_a-memchr.o)
                0x00002ef8                memchr
 .text          0x00002f8c       0xc8 /home/tools/CodeSourcery/Sourcery_CodeBench_for_ARM_EABI/bin/../lib/gcc/arm-none-eabi/4.7.2/../../../../arm-none-eabi/lib/armv7-m/libc.a(lib_a-memmove.o)
                0x00002f8c                memmove
 .text          0x00003054        0x4 /home/tools/CodeSourcery/Sourcery_CodeBench_for_ARM_EABI/bin/../lib/gcc/arm-none-eabi/4.7.2/../../../../arm-none-eabi/lib/armv7-m/libc.a(lib_a-mlock.o)
                0x00003054                __malloc_lock
                0x00003056                __malloc_unlock
 .text          0x00003058      0x834 /home/tools/CodeSourcery/Sourcery_CodeBench_for_ARM_EABI/bin/../lib/gcc/arm-none-eabi/4.7.2/../../../../arm-none-eabi/lib/armv7-m/libc.a(lib_a-mprec.o)
                0x00003058                _Balloc
                0x000030c0                _Bfree
                0x000030ee                __multadd
                0x00003162                __s2b
                0x000031e0                __hi0bits
                0x0000321e                __lo0bits
                0x00003278                __i2b
                0x0000328a                __multiply
                0x000033ae                __pow5mult
                0x00003450                __lshift
                0x000034f8                __mcmp
                0x00003532                __mdiff
                0x000035f8                __ulp
                0x00003638                __b2d
                0x000036e4                __d2b
                0x0000378e                __ratio
                0x000037d8                _mprec_log10
                0x0000380c                __copybits
                0x00003840                __any_on
 .text          0x0000388c       0x1e /home/tools/CodeSourcery/Sourcery_CodeBench_for_ARM_EABI/bin/../lib/gcc/arm-none-eabi/4.7.2/../../../../arm-none-eabi/lib/armv7-m/libc.a(lib_a-s_isinf.o)
                0x0000388c                isinf
 .text          0x000038aa       0x18 /home/tools/CodeSourcery/Sourcery_CodeBench_for_ARM_EABI/bin/../lib/gcc/arm-none-eabi/4.7.2/../../../../arm-none-eabi/lib/armv7-m/libc.a(lib_a-s_isnan.o)
                0x000038aa                isnan
 .text          0x000038c2        0x4 /home/tools/CodeSourcery/Sourcery_CodeBench_for_ARM_EABI/bin/../lib/gcc/arm-none-eabi/4.7.2/../../../../arm-none-eabi/lib/armv7-m/libc.a(lib_a-sfplock.o)
                0x000038c2                __sfp_lock_acquire
                0x000038c4                __sfp_lock_release
 .text          0x000038c6        0x0 /home/tools/CodeSourcery/Sourcery_CodeBench_for_ARM_EABI/bin/../lib/gcc/arm-none-eabi/4.7.2/../../../../arm-none-eabi/lib/armv7-m/libc.a(lib_a-sglueg.o)
 *fill*         0x000038c6        0x2 
 .text          0x000038c8       0xd4 /home/tools/CodeSourcery/Sourcery_CodeBench_for_ARM_EABI/bin/../lib/gcc/arm-none-eabi/4.7.2/../../../../arm-none-eabi/lib/armv7-m/libc.a(lib_a-stdio.o)
                0x000038c8                __sclose
                0x000038d0                __sseek
                0x000038f8                __swrite
                0x0000392e                __sread
                0x00003954                _cslibc_global_std
 .text          0x0000399c      0x1f0 /home/tools/CodeSourcery/Sourcery_CodeBench_for_ARM_EABI/bin/../lib/gcc/arm-none-eabi/4.7.2/../../../../arm-none-eabi/lib/armv7-m/libc.a(lib_a-strcmp.o)
                0x0000399c                strcmp
 .text          0x00003b8c       0x64 /home/tools/CodeSourcery/Sourcery_CodeBench_for_ARM_EABI/bin/../lib/gcc/arm-none-eabi/4.7.2/../../../../arm-none-eabi/lib/armv7-m/libc.a(lib_a-strlen.o)
                0x00003b8c                strlen
 .text          0x00003bf0       0x9c /home/tools/CodeSourcery/Sourcery_CodeBench_for_ARM_EABI/bin/../lib/gcc/arm-none-eabi/4.7.2/../../../../arm-none-eabi/lib/armv7-m/libc.a(lib_a-__stdiobufferinghelp.o)
                0x00003bf0                __init_stdio_buffer
                0x00003c50                __alloc_stdio_buffer
                0x00003c84                __free_stdio_buffer
 .text          0x00003c8c      0x2d0 /home/tools/CodeSourcery/Sourcery_CodeBench_for_ARM_EABI/bin/../lib/gcc/arm-none-eabi/4.7.2/../../../../arm-none-eabi/lib/armv7-m/libc.a(lib_a-asm-memcpy.o)
                0x00003c8c                memcpy
 .text          0x00003f5c       0x14 /home/tools/CodeSourcery/Sourcery_CodeBench_for_ARM_EABI/bin/../lib/gcc/arm-none-eabi/4.7.2/../../../../arm-none-eabi/lib/armv7-m/libc.a(lib_a-calloc.o)
                0x00003f5c                calloc
 .text          0x00003f70       0x5a /home/tools/CodeSourcery/Sourcery_CodeBench_for_ARM_EABI/bin/../lib/gcc/arm-none-eabi/4.7.2/../../../../arm-none-eabi/lib/armv7-m/libc.a(lib_a-callocr.o)
                0x00003f70                _calloc_r
 .text          0x00003fca        0x0 /home/tools/CodeSourcery/Sourcery_CodeBench_for_ARM_EABI/bin/../lib/gcc/arm-none-eabi/4.7.2/../../../../arm-none-eabi/lib/armv7-m/libc.a(lib_a-errnog.o)
 *fill*         0x00003fca        0x2 
 .text          0x00003fcc      0x200 /home/tools/CodeSourcery/Sourcery_CodeBench_for_ARM_EABI/bin/../lib/gcc/arm-none-eabi/4.7.2/../../../../arm-none-eabi/lib/armv7-m/libc.a(lib_a-freer.o)
                0x00003fcc                _malloc_trim_r
                0x00004064                _free_r
 .text          0x000041cc      0x110 /home/tools/CodeSourcery/Sourcery_CodeBench_for_ARM_EABI/bin/../lib/gcc/arm-none-eabi/4.7.2/../../../../arm-none-eabi/lib/armv7-m/libc.a(lib_a-memset.o)
                0x000041cc                memset
 .text          0x000042dc      0x370 /home/tools/CodeSourcery/Sourcery_CodeBench_for_ARM_EABI/bin/../lib/gcc/arm-none-eabi/4.7.2/armv7-m/libgcc.a(_arm_addsubdf3.o)
                0x000042dc                __aeabi_drsub
                0x000042e4                __aeabi_dsub
                0x000042e4                __subdf3
                0x000042e8                __adddf3
                0x000042e8                __aeabi_dadd
                0x00004560                __aeabi_ui2d
                0x00004560                __floatunsidf
                0x00004580                __floatsidf
                0x00004580                __aeabi_i2d
                0x000045a4                __extendsfdf2
                0x000045a4                __aeabi_f2d
                0x000045e0                __aeabi_ul2d
                0x000045e0                __floatundidf
                0x000045f0                __floatdidf
                0x000045f0                __aeabi_l2d
 .text          0x0000464c      0x424 /home/tools/CodeSourcery/Sourcery_CodeBench_for_ARM_EABI/bin/../lib/gcc/arm-none-eabi/4.7.2/armv7-m/libgcc.a(_arm_muldivdf3.o)
                0x0000464c                __aeabi_dmul
                0x0000464c                __muldf3
                0x000048a0                __aeabi_ddiv
                0x000048a0                __divdf3
 .text          0x00004a70      0x110 /home/tools/CodeSourcery/Sourcery_CodeBench_for_ARM_EABI/bin/../lib/gcc/arm-none-eabi/4.7.2/armv7-m/libgcc.a(_arm_cmpdf2.o)
                0x00004a70                __gtdf2
                0x00004a70                __gedf2
                0x00004a78                __ltdf2
                0x00004a78                __ledf2
                0x00004a80                __cmpdf2
                0x00004a80                __eqdf2
                0x00004a80                __nedf2
                0x00004afc                __aeabi_cdrcmple
                0x00004b0c                __aeabi_cdcmple
                0x00004b0c                __aeabi_cdcmpeq
                0x00004b1c                __aeabi_dcmpeq
                0x00004b30                __aeabi_dcmplt
                0x00004b44                __aeabi_dcmple
                0x00004b58                __aeabi_dcmpge
                0x00004b6c                __aeabi_dcmpgt
 .text          0x00004b80       0x50 /home/tools/CodeSourcery/Sourcery_CodeBench_for_ARM_EABI/bin/../lib/gcc/arm-none-eabi/4.7.2/armv7-m/libgcc.a(_arm_fixdfsi.o)
                0x00004b80                __fixdfsi
                0x00004b80                __aeabi_d2iz
 .text          0x00004bd0       0x2c /home/tools/CodeSourcery/Sourcery_CodeBench_for_ARM_EABI/bin/../lib/gcc/arm-none-eabi/4.7.2/armv7-m/libgcc.a(_aeabi_uldivmod.o)
                0x00004bd0                __aeabi_uldivmod
 .text          0x00004bfc       0x60 /home/tools/CodeSourcery/Sourcery_CodeBench_for_ARM_EABI/bin/../lib/gcc/arm-none-eabi/4.7.2/armv7-m/libgcc.a(bpabi.o)
                0x00004bfc                __gnu_ldivmod_helper
                0x00004c2c                __gnu_uldivmod_helper
 .text          0x00004c5c        0x4 /home/tools/CodeSourcery/Sourcery_CodeBench_for_ARM_EABI/bin/../lib/gcc/arm-none-eabi/4.7.2/armv7-m/libgcc.a(_dvmd_tls.o)
                0x00004c5c                __aeabi_ldiv0
                0x00004c5c                __aeabi_idiv0
 .text          0x00004c60      0x2bc /home/tools/CodeSourcery/Sourcery_CodeBench_for_ARM_EABI/bin/../lib/gcc/arm-none-eabi/4.7.2/armv7-m/libgcc.a(_divdi3.o)
                0x00004c60                __divdi3
 .text          0x00004f1c      0x28c /home/tools/CodeSourcery/Sourcery_CodeBench_for_ARM_EABI/bin/../lib/gcc/arm-none-eabi/4.7.2/armv7-m/libgcc.a(_udivdi3.o)
                0x00004f1c                __udivdi3
 .text          0x000051a8        0x0 /home/tools/CodeSourcery/Sourcery_CodeBench_for_ARM_EABI/bin/../lib/gcc/arm-none-eabi/4.7.2/armv7-m/crtend.o
 .text          0x000051a8        0x0 /home/tools/CodeSourcery/Sourcery_CodeBench_for_ARM_EABI/bin/../lib/gcc/arm-none-eabi/4.7.2/armv7-m/crtn.o
 .text          0x000051a8        0x0 /home/tools/CodeSourcery/Sourcery_CodeBench_for_ARM_EABI/bin/../lib/gcc/arm-none-eabi/4.7.2/../../../../arm-none-eabi/lib/armv7-m/libcs3.a(start-sim.o)
 .text          0x000051a8       0x30 /home/tools/CodeSourcery/Sourcery_CodeBench_for_ARM_EABI/bin/../lib/gcc/arm-none-eabi/4.7.2/../../../../arm-none-eabi/lib/armv7-m/libcs3.a(start_c.o)
                0x000051a8                __cs3_premain
 .text          0x000051d8        0x0 /home/tools/CodeSourcery/Sourcery_CodeBench_for_ARM_EABI/bin/../lib/gcc/arm-none-eabi/4.7.2/../../../../arm-none-eabi/lib/armv7-m/libcs3.a(heap.o)
 .text          0x000051d8        0x0 /home/tools/CodeSourcery/Sourcery_CodeBench_for_ARM_EABI/bin/../lib/gcc/arm-none-eabi/4.7.2/../../../../arm-none-eabi/lib/armv7-m/libcs3.a(qemu-micro-reset.o)
 .text          0x000051d8       0x4a /home/tools/CodeSourcery/Sourcery_CodeBench_for_ARM_EABI/bin/../lib/gcc/arm-none-eabi/4.7.2/../../../../arm-none-eabi/lib/armv7-m/libcs3hosted.a(hosted-_close.o)
                0x000051d8                _close
 *fill*         0x00005222        0x2 
 .text          0x00005224       0x10 /home/tools/CodeSourcery/Sourcery_CodeBench_for_ARM_EABI/bin/../lib/gcc/arm-none-eabi/4.7.2/../../../../arm-none-eabi/lib/armv7-m/libcs3hosted.a(hosted-_exit.o)
                0x00005224                _exit
 .text          0x00005234       0x3e /home/tools/CodeSourcery/Sourcery_CodeBench_for_ARM_EABI/bin/../lib/gcc/arm-none-eabi/4.7.2/../../../../arm-none-eabi/lib/armv7-m/libcs3hosted.a(hosted-_fstat.o)
                0x00005234                _fstat
 .text          0x00005272       0x18 /home/tools/CodeSourcery/Sourcery_CodeBench_for_ARM_EABI/bin/../lib/gcc/arm-none-eabi/4.7.2/../../../../arm-none-eabi/lib/armv7-m/libcs3hosted.a(hosted-isatty.o)
                0x00005272                _isatty
 .text          0x0000528a       0x5c /home/tools/CodeSourcery/Sourcery_CodeBench_for_ARM_EABI/bin/../lib/gcc/arm-none-eabi/4.7.2/../../../../arm-none-eabi/lib/armv7-m/libcs3hosted.a(hosted-_lseek.o)
                0x0000528a                _lseek
 .text          0x000052e6       0x36 /home/tools/CodeSourcery/Sourcery_CodeBench_for_ARM_EABI/bin/../lib/gcc/arm-none-eabi/4.7.2/../../../../arm-none-eabi/lib/armv7-m/libcs3hosted.a(hosted-_read.o)
                0x000052e6                _read
 .text          0x0000531c       0x36 /home/tools/CodeSourcery/Sourcery_CodeBench_for_ARM_EABI/bin/../lib/gcc/arm-none-eabi/4.7.2/../../../../arm-none-eabi/lib/armv7-m/libcs3hosted.a(hosted-_write.o)
                0x0000531c                _write
 *fill*         0x00005352        0x2 
 .text          0x00005354       0x44 /home/tools/CodeSourcery/Sourcery_CodeBench_for_ARM_EABI/bin/../lib/gcc/arm-none-eabi/4.7.2/../../../../arm-none-eabi/lib/armv7-m/libcs3hosted.a(hosted-sbrk.o)
                0x00005354                _sbrk
 .text          0x00005398       0xf4 /home/tools/CodeSourcery/Sourcery_CodeBench_for_ARM_EABI/bin/../lib/gcc/arm-none-eabi/4.7.2/../../../../arm-none-eabi/lib/armv7-m/libcs3hosted.a(hosted-rdi.o)
                0x000053fc                __cs3_openslot
                0x00005434                __cs3_newslot
                0x00005470                __cs3_checkerror
 .text.startup  0x0000548c       0xe8 /home/tools/CodeSourcery/Sourcery_CodeBench_for_ARM_EABI/bin/../lib/gcc/arm-none-eabi/4.7.2/../../../../arm-none-eabi/lib/armv7-m/libcs3hosted.a(hosted-rdi.o)
 .text          0x00005574        0x0 /home/tools/CodeSourcery/Sourcery_CodeBench_for_ARM_EABI/bin/../lib/gcc/arm-none-eabi/4.7.2/../../../../arm-none-eabi/lib/armv7-m/libcs3micro.a(micro-vector.o)
 .text          0x00005574        0x2 /home/tools/CodeSourcery/Sourcery_CodeBench_for_ARM_EABI/bin/../lib/gcc/arm-none-eabi/4.7.2/../../../../arm-none-eabi/lib/armv7-m/libcs3micro.a(micro_isr_interrupt.o)
                0x00005574                __cs3_isr_external_24
                0x00005574                __cs3_isr_external_9
                0x00005574                __cs3_isr_external_14
                0x00005574                __cs3_isr_reserved_9
                0x00005574                __cs3_isr_external_4
                0x00005574                __cs3_isr_external_21
                0x00005574                __cs3_isr_external_0
                0x00005574                __cs3_isr_external_27
                0x00005574                __cs3_isr_external_11
                0x00005574                __cs3_isr_external_3
                0x00005574                __cs3_isr_external_16
                0x00005574                __cs3_isr_external_31
                0x00005574                __cs3_isr_external_5
                0x00005574                __cs3_isr_external_6
                0x00005574                __cs3_isr_external_12
                0x00005574                __cs3_isr_external_13
                0x00005574                __cs3_isr_external_30
                0x00005574                __cs3_isr_external_23
                0x00005574                __cs3_isr_external_20
                0x00005574                __cs3_isr_reserved_13
                0x00005574                __cs3_isr_external_8
                0x00005574                __cs3_isr_external_26
                0x00005574                __cs3_isr_reserved_8
                0x00005574                __cs3_isr_reserved_7
                0x00005574                __cs3_isr_external_7
                0x00005574                __cs3_isr_external_28
                0x00005574                __cs3_isr_external_22
                0x00005574                __cs3_isr_external_10
                0x00005574                __cs3_isr_external_15
                0x00005574                __cs3_isr_interrupt
                0x00005574                __cs3_isr_external_18
                0x00005574                __cs3_isr_external_29
                0x00005574                __cs3_isr_external_25
                0x00005574                __cs3_isr_reserved_10
                0x00005574                __cs3_isr_external_2
                0x00005574                __cs3_isr_external_17
                0x00005574                __cs3_isr_external_19
 .text          0x00005576        0x2 /home/tools/CodeSourcery/Sourcery_CodeBench_for_ARM_EABI/bin/../lib/gcc/arm-none-eabi/4.7.2/../../../../arm-none-eabi/lib/armv7-m/libcs3micro.a(micro_isr_nmi.o)
                0x00005576                __cs3_isr_nmi
 .text          0x00005578        0x2 /home/tools/CodeSourcery/Sourcery_CodeBench_for_ARM_EABI/bin/../lib/gcc/arm-none-eabi/4.7.2/../../../../arm-none-eabi/lib/armv7-m/libcs3micro.a(micro_isr_hard_fault.o)
                0x00005578                __cs3_isr_hard_fault
 .text          0x0000557a        0x2 /home/tools/CodeSourcery/Sourcery_CodeBench_for_ARM_EABI/bin/../lib/gcc/arm-none-eabi/4.7.2/../../../../arm-none-eabi/lib/armv7-m/libcs3micro.a(micro_isr_mpu_fault.o)
                0x0000557a                __cs3_isr_mpu_fault
 .text          0x0000557c        0x2 /home/tools/CodeSourcery/Sourcery_CodeBench_for_ARM_EABI/bin/../lib/gcc/arm-none-eabi/4.7.2/../../../../arm-none-eabi/lib/armv7-m/libcs3micro.a(micro_isr_bus_fault.o)
                0x0000557c                __cs3_isr_bus_fault
 .text          0x0000557e        0x2 /home/tools/CodeSourcery/Sourcery_CodeBench_for_ARM_EABI/bin/../lib/gcc/arm-none-eabi/4.7.2/../../../../arm-none-eabi/lib/armv7-m/libcs3micro.a(micro_isr_usage_fault.o)
                0x0000557e                __cs3_isr_usage_fault
 .text          0x00005580        0x2 /home/tools/CodeSourcery/Sourcery_CodeBench_for_ARM_EABI/bin/../lib/gcc/arm-none-eabi/4.7.2/../../../../arm-none-eabi/lib/armv7-m/libcs3micro.a(micro_isr_svcall.o)
                0x00005580                __cs3_isr_svcall
 .text          0x00005582        0x2 /home/tools/CodeSourcery/Sourcery_CodeBench_for_ARM_EABI/bin/../lib/gcc/arm-none-eabi/4.7.2/../../../../arm-none-eabi/lib/armv7-m/libcs3micro.a(micro_isr_debug.o)
                0x00005582                __cs3_isr_debug
 .text          0x00005584        0x2 /home/tools/CodeSourcery/Sourcery_CodeBench_for_ARM_EABI/bin/../lib/gcc/arm-none-eabi/4.7.2/../../../../arm-none-eabi/lib/armv7-m/libcs3micro.a(micro_isr_pendsv.o)
                0x00005584                __cs3_isr_pendsv
 .text          0x00005586        0x2 /home/tools/CodeSourcery/Sourcery_CodeBench_for_ARM_EABI/bin/../lib/gcc/arm-none-eabi/4.7.2/../../../../arm-none-eabi/lib/armv7-m/libcs3micro.a(micro_isr_systick.o)
                0x00005586                __cs3_isr_systick
 .text          0x00005588       0x24 /home/tools/CodeSourcery/Sourcery_CodeBench_for_ARM_EABI/bin/../lib/gcc/arm-none-eabi/4.7.2/../../../../arm-none-eabi/lib/armv7-m/libc.a(lib_a-errno.o)
                0x00005588                __errno
                0x00005590                _get_errno
                0x0000559c                _set_errno
 .text          0x000055ac       0x4c /home/tools/CodeSourcery/Sourcery_CodeBench_for_ARM_EABI/bin/../lib/gcc/arm-none-eabi/4.7.2/../../../../arm-none-eabi/lib/armv7-m/libc.a(lib_a-init.o)
                0x000055ac                __libc_init_array
 *(.plt)
 *(.gnu.warning)
 *(.glue_7t)
 .glue_7t       0x00000000        0x0 linker stubs
 *(.glue_7)
 .glue_7        0x00000000        0x0 linker stubs
 *(.vfp11_veneer)
 .vfp11_veneer  0x00000000        0x0 linker stubs
 *(.ARM.extab* .gnu.linkonce.armextab.*)
 .ARM.extab     0x000055f8        0x0 /home/tools/CodeSourcery/Sourcery_CodeBench_for_ARM_EABI/bin/../lib/gcc/arm-none-eabi/4.7.2/armv7-m/libgcc.a(_divdi3.o)
 .ARM.extab     0x000055f8        0x0 /home/tools/CodeSourcery/Sourcery_CodeBench_for_ARM_EABI/bin/../lib/gcc/arm-none-eabi/4.7.2/armv7-m/libgcc.a(_udivdi3.o)
 *(.gcc_except_table)

.v4_bx          0x000055f8        0x0
 .v4_bx         0x00000000        0x0 linker stubs

.iplt           0x000055f8        0x0
 .iplt          0x00000000        0x0 /home/tools/CodeSourcery/Sourcery_CodeBench_for_ARM_EABI/bin/../lib/gcc/arm-none-eabi/4.7.2/armv7-m/crtbegin.o

.eh_frame_hdr
 *(.eh_frame_hdr)
 *(.eh_frame_entry .eh_frame_entry.*)

.eh_frame       0x000055f8        0x4
 *(.eh_frame)
 .eh_frame      0x000055f8        0x0 /home/tools/CodeSourcery/Sourcery_CodeBench_for_ARM_EABI/bin/../lib/gcc/arm-none-eabi/4.7.2/armv7-m/crtbegin.o
 .eh_frame      0x000055f8        0x4 /home/tools/CodeSourcery/Sourcery_CodeBench_for_ARM_EABI/bin/../lib/gcc/arm-none-eabi/4.7.2/armv7-m/crtend.o
 *(.eh_frame.*)
                0x000055fc                PROVIDE (__exidx_start, .)

.ARM.exidx      0x000055fc        0x8
 *(.ARM.exidx* .gnu.linkonce.armexidx.*)
 .ARM.exidx     0x000055fc        0x8 /home/tools/CodeSourcery/Sourcery_CodeBench_for_ARM_EABI/bin/../lib/gcc/arm-none-eabi/4.7.2/armv7-m/libgcc.a(_divdi3.o)
 .ARM.exidx     0x00005604        0x0 /home/tools/CodeSourcery/Sourcery_CodeBench_for_ARM_EABI/bin/../lib/gcc/arm-none-eabi/4.7.2/armv7-m/libgcc.a(_udivdi3.o)
                                  0x8 (size before relaxing)
                0x00005604                PROVIDE (__exidx_end, .)

.rel.dyn        0x00005604        0x0
 .rel.iplt      0x00000000        0x0 /home/tools/CodeSourcery/Sourcery_CodeBench_for_ARM_EABI/bin/../lib/gcc/arm-none-eabi/4.7.2/armv7-m/crtbegin.o

.rodata         0x00005608      0x238
 *(.rodata .rodata.* .gnu.linkonce.r.*)
 .rodata        0x00005608       0x10 /home/jon/work/arm/m3/CBwork/demo/Debug/demo.o
 .rodata        0x00005618       0x20 /home/tools/CodeSourcery/Sourcery_CodeBench_for_ARM_EABI/bin/../lib/gcc/arm-none-eabi/4.7.2/../../../../arm-none-eabi/lib/armv7-m/libc.a(lib_a-vfprintf.o)
 .rodata.str1.1
                0x00005638       0x2a /home/tools/CodeSourcery/Sourcery_CodeBench_for_ARM_EABI/bin/../lib/gcc/arm-none-eabi/4.7.2/../../../../arm-none-eabi/lib/armv7-m/libc.a(lib_a-vfprintf.o)
 .rodata.str1.1
                0x00005662       0x10 /home/tools/CodeSourcery/Sourcery_CodeBench_for_ARM_EABI/bin/../lib/gcc/arm-none-eabi/4.7.2/../../../../arm-none-eabi/lib/armv7-m/libc.a(lib_a-__fpspecifierhelp.o)
 .rodata.str1.1
                0x00005672        0xd /home/tools/CodeSourcery/Sourcery_CodeBench_for_ARM_EABI/bin/../lib/gcc/arm-none-eabi/4.7.2/../../../../arm-none-eabi/lib/armv7-m/libc.a(lib_a-dtoa.o)
                                  0xf (size before relaxing)
 .rodata.str1.1
                0x0000567f        0x2 /home/tools/CodeSourcery/Sourcery_CodeBench_for_ARM_EABI/bin/../lib/gcc/arm-none-eabi/4.7.2/../../../../arm-none-eabi/lib/armv7-m/libc.a(lib_a-impure.o)
 *fill*         0x00005681        0x3 
 .rodata        0x00005684       0x38 /home/tools/CodeSourcery/Sourcery_CodeBench_for_ARM_EABI/bin/../lib/gcc/arm-none-eabi/4.7.2/../../../../arm-none-eabi/lib/armv7-m/libc.a(lib_a-locale.o)
 .rodata.str1.1
                0x000056bc        0xe /home/tools/CodeSourcery/Sourcery_CodeBench_for_ARM_EABI/bin/../lib/gcc/arm-none-eabi/4.7.2/../../../../arm-none-eabi/lib/armv7-m/libc.a(lib_a-locale.o)
                                 0x11 (size before relaxing)
 *fill*         0x000056ca        0x6 
 .rodata        0x000056d0      0x128 /home/tools/CodeSourcery/Sourcery_CodeBench_for_ARM_EABI/bin/../lib/gcc/arm-none-eabi/4.7.2/../../../../arm-none-eabi/lib/armv7-m/libc.a(lib_a-mprec.o)
                0x000056e0                __mprec_tens
                0x000057a8                __mprec_tinytens
                0x000057d0                __mprec_bigtens
 .rodata.str1.1
                0x000057f8        0x4 /home/tools/CodeSourcery/Sourcery_CodeBench_for_ARM_EABI/bin/../lib/gcc/arm-none-eabi/4.7.2/../../../../arm-none-eabi/lib/armv7-m/libcs3hosted.a(hosted-rdi.o)
                0x000057fc                . = ALIGN (0x4)
 *(.init)
 .init          0x000057fc        0x4 /home/tools/CodeSourcery/Sourcery_CodeBench_for_ARM_EABI/bin/../lib/gcc/arm-none-eabi/4.7.2/armv7-m/crti.o
                0x000057fc                _init
 .init          0x00005800        0x8 /home/tools/CodeSourcery/Sourcery_CodeBench_for_ARM_EABI/bin/../lib/gcc/arm-none-eabi/4.7.2/armv7-m/crtn.o
                0x00005808                . = ALIGN (0x4)
                0x00005808                __preinit_array_start = .
 *(.preinit_array)
                0x00005808                __preinit_array_end = .
                0x00005808                . = ALIGN (0x4)
                0x00005808                __init_array_start = .
 *(SORT(.init_array.*))
 .init_array.00000
                0x00005808        0x4 /home/tools/CodeSourcery/Sourcery_CodeBench_for_ARM_EABI/bin/../lib/gcc/arm-none-eabi/4.7.2/../../../../arm-none-eabi/lib/armv7-m/libc.a(lib_a-__call_atexit.o)
 .init_array.00005
                0x0000580c        0x4 /home/tools/CodeSourcery/Sourcery_CodeBench_for_ARM_EABI/bin/../lib/gcc/arm-none-eabi/4.7.2/../../../../arm-none-eabi/lib/armv7-m/libc.a(lib_a-stdout.o)
 *(.init_array)
 .init_array    0x00005810        0x4 /home/tools/CodeSourcery/Sourcery_CodeBench_for_ARM_EABI/bin/../lib/gcc/arm-none-eabi/4.7.2/armv7-m/crtbegin.o
 .init_array    0x00005814        0x4 /home/tools/CodeSourcery/Sourcery_CodeBench_for_ARM_EABI/bin/../lib/gcc/arm-none-eabi/4.7.2/../../../../arm-none-eabi/lib/armv7-m/libcs3hosted.a(hosted-rdi.o)
                0x00005818                __init_array_end = .
                0x00005818                . = ALIGN (0x4)
 *(.fini)
 .fini          0x00005818        0x4 /home/tools/CodeSourcery/Sourcery_CodeBench_for_ARM_EABI/bin/../lib/gcc/arm-none-eabi/4.7.2/armv7-m/crti.o
                0x00005818                _fini
 .fini          0x0000581c        0x8 /home/tools/CodeSourcery/Sourcery_CodeBench_for_ARM_EABI/bin/../lib/gcc/arm-none-eabi/4.7.2/armv7-m/crtn.o
                0x00005824                . = ALIGN (0x4)
                0x00005824                __fini_array_start = .
 *(.fini_array)
 .fini_array    0x00005824        0x4 /home/tools/CodeSourcery/Sourcery_CodeBench_for_ARM_EABI/bin/../lib/gcc/arm-none-eabi/4.7.2/armv7-m/crtbegin.o
 *(SORT(.fini_array.*))
                0x00005828                __fini_array_end = .
                0x00005828                . = ALIGN (0x4)
 *crtbegin.o(.ctors)
 *(EXCLUDE_FILE(*crtend.o) .ctors)
 *(SORT(.ctors.*))
 *crtend.o(.ctors)
                0x00005828                . = ALIGN (0x4)
 *crtbegin.o(.dtors)
 *(EXCLUDE_FILE(*crtend.o) .dtors)
 *(SORT(.dtors.*))
 *crtend.o(.dtors)
                0x00005828                . = ALIGN (0x4)
                0x00005828                __cs3_regions = .
                0x00005828        0x4 LONG 0x0
                0x0000582c        0x4 LONG 0x0 __cs3_region_init_ram
                0x00005830        0x4 LONG 0x0 __cs3_region_start_ram
                0x00005834        0x4 LONG 0x5d60 __cs3_region_init_size_ram
                0x00005838        0x4 LONG 0x238 __cs3_region_zero_size_ram
                0x0000583c                __cs3_regions_end = .
                0x00005840                . = ALIGN (0x8)
 *fill*         0x0000583c        0x4 
                0x00005840                _etext = .
                0x00000001                ASSERT (! ((__cs3_region_init_ram & 0x7)), __cs3_region_init_ram not aligned)
                0x00000001                ASSERT (! ((__cs3_region_start_ram & 0x7)), __cs3_region_start_ram not aligned)
                0x00000001                ASSERT (! ((__cs3_region_init_size_ram & 0x7)), __cs3_region_init_size_ram not aligned)
                0x00000001                ASSERT (! ((__cs3_region_zero_size_ram & 0x7)), __cs3_region_zero_size_ram not aligned)

.data           0x00005840      0x520
 *(.jcr)
 .jcr           0x00005840        0x0 /home/tools/CodeSourcery/Sourcery_CodeBench_for_ARM_EABI/bin/../lib/gcc/arm-none-eabi/4.7.2/armv7-m/crtbegin.o
 .jcr           0x00005840        0x4 /home/tools/CodeSourcery/Sourcery_CodeBench_for_ARM_EABI/bin/../lib/gcc/arm-none-eabi/4.7.2/armv7-m/crtend.o
 *(.got.plt)
 *(.got)
 *(.shdata)
 *(.data .data.* .gnu.linkonce.d.*)
 .data          0x00005844        0x0 /home/tools/CodeSourcery/Sourcery_CodeBench_for_ARM_EABI/bin/../lib/gcc/arm-none-eabi/4.7.2/armv7-m/crti.o
 .data          0x00005844        0x4 /home/tools/CodeSourcery/Sourcery_CodeBench_for_ARM_EABI/bin/../lib/gcc/arm-none-eabi/4.7.2/armv7-m/crtbegin.o
                0x00005844                __dso_handle
 .data          0x00005848        0x0 /home/jon/work/arm/m3/CBwork/demo/Debug/demo.o
 .data          0x00005848        0x0 /home/tools/CodeSourcery/Sourcery_CodeBench_for_ARM_EABI/bin/../lib/gcc/arm-none-eabi/4.7.2/../../../../arm-none-eabi/lib/armv7-m/libc.a(lib_a-atexit.o)
 .data          0x00005848        0x0 /home/tools/CodeSourcery/Sourcery_CodeBench_for_ARM_EABI/bin/../lib/gcc/arm-none-eabi/4.7.2/../../../../arm-none-eabi/lib/armv7-m/libc.a(lib_a-exit.o)
 .data          0x00005848        0x0 /home/tools/CodeSourcery/Sourcery_CodeBench_for_ARM_EABI/bin/../lib/gcc/arm-none-eabi/4.7.2/../../../../arm-none-eabi/lib/armv7-m/libc.a(lib_a-printf.o)
 .data          0x00005848        0x0 /home/tools/CodeSourcery/Sourcery_CodeBench_for_ARM_EABI/bin/../lib/gcc/arm-none-eabi/4.7.2/../../../../arm-none-eabi/lib/armv7-m/libc.a(lib_a-sinit.o)
 .data          0x00005848        0x0 /home/tools/CodeSourcery/Sourcery_CodeBench_for_ARM_EABI/bin/../lib/gcc/arm-none-eabi/4.7.2/../../../../arm-none-eabi/lib/armv7-m/libc.a(lib_a-stdout.o)
 .data          0x00005848        0x4 /home/tools/CodeSourcery/Sourcery_CodeBench_for_ARM_EABI/bin/../lib/gcc/arm-none-eabi/4.7.2/../../../../arm-none-eabi/lib/armv7-m/libc.a(lib_a-vfprintf.o)
 .data          0x0000584c        0x0 /home/tools/CodeSourcery/Sourcery_CodeBench_for_ARM_EABI/bin/../lib/gcc/arm-none-eabi/4.7.2/../../../../arm-none-eabi/lib/armv7-m/libc.a(lib_a-vfsprint.o)
 .data          0x0000584c        0x0 /home/tools/CodeSourcery/Sourcery_CodeBench_for_ARM_EABI/bin/../lib/gcc/arm-none-eabi/4.7.2/../../../../arm-none-eabi/lib/armv7-m/libc.a(lib_a-wsetup.o)
 .data          0x0000584c        0x0 /home/tools/CodeSourcery/Sourcery_CodeBench_for_ARM_EABI/bin/../lib/gcc/arm-none-eabi/4.7.2/../../../../arm-none-eabi/lib/armv7-m/libc.a(lib_a-__atexit.o)
 .data          0x0000584c        0x0 /home/tools/CodeSourcery/Sourcery_CodeBench_for_ARM_EABI/bin/../lib/gcc/arm-none-eabi/4.7.2/../../../../arm-none-eabi/lib/armv7-m/libc.a(lib_a-__atexitg.o)
 .data          0x0000584c        0x0 /home/tools/CodeSourcery/Sourcery_CodeBench_for_ARM_EABI/bin/../lib/gcc/arm-none-eabi/4.7.2/../../../../arm-none-eabi/lib/armv7-m/libc.a(lib_a-__call_atexit.o)
 .data          0x0000584c        0x0 /home/tools/CodeSourcery/Sourcery_CodeBench_for_ARM_EABI/bin/../lib/gcc/arm-none-eabi/4.7.2/../../../../arm-none-eabi/lib/armv7-m/libc.a(lib_a-__fpspecifierhelp.o)
 .data          0x0000584c        0x0 /home/tools/CodeSourcery/Sourcery_CodeBench_for_ARM_EABI/bin/../lib/gcc/arm-none-eabi/4.7.2/../../../../arm-none-eabi/lib/armv7-m/libc.a(lib_a-_cleanup.o)
 .data          0x0000584c        0x0 /home/tools/CodeSourcery/Sourcery_CodeBench_for_ARM_EABI/bin/../lib/gcc/arm-none-eabi/4.7.2/../../../../arm-none-eabi/lib/armv7-m/libc.a(lib_a-cleanupg.o)
 .data          0x0000584c        0x0 /home/tools/CodeSourcery/Sourcery_CodeBench_for_ARM_EABI/bin/../lib/gcc/arm-none-eabi/4.7.2/../../../../arm-none-eabi/lib/armv7-m/libc.a(lib_a-dtoa.o)
 .data          0x0000584c        0x0 /home/tools/CodeSourcery/Sourcery_CodeBench_for_ARM_EABI/bin/../lib/gcc/arm-none-eabi/4.7.2/../../../../arm-none-eabi/lib/armv7-m/libc.a(lib_a-fclose.o)
 .data          0x0000584c        0x0 /home/tools/CodeSourcery/Sourcery_CodeBench_for_ARM_EABI/bin/../lib/gcc/arm-none-eabi/4.7.2/../../../../arm-none-eabi/lib/armv7-m/libc.a(lib_a-fflush.o)
 .data          0x0000584c        0x0 /home/tools/CodeSourcery/Sourcery_CodeBench_for_ARM_EABI/bin/../lib/gcc/arm-none-eabi/4.7.2/../../../../arm-none-eabi/lib/armv7-m/libc.a(lib_a-fini.o)
 .data          0x0000584c        0x0 /home/tools/CodeSourcery/Sourcery_CodeBench_for_ARM_EABI/bin/../lib/gcc/arm-none-eabi/4.7.2/../../../../arm-none-eabi/lib/armv7-m/libc.a(lib_a-fvwrite.o)
 .data          0x0000584c        0x0 /home/tools/CodeSourcery/Sourcery_CodeBench_for_ARM_EABI/bin/../lib/gcc/arm-none-eabi/4.7.2/../../../../arm-none-eabi/lib/armv7-m/libc.a(lib_a-fwalk.o)
 .data          0x0000584c       0xf4 /home/tools/CodeSourcery/Sourcery_CodeBench_for_ARM_EABI/bin/../lib/gcc/arm-none-eabi/4.7.2/../../../../arm-none-eabi/lib/armv7-m/libc.a(lib_a-impure.o)
                0x0000584c                _csl_impure_ptr
 .data          0x00005940        0x4 /home/tools/CodeSourcery/Sourcery_CodeBench_for_ARM_EABI/bin/../lib/gcc/arm-none-eabi/4.7.2/../../../../arm-none-eabi/lib/armv7-m/libc.a(lib_a-locale.o)
                0x00005940                __mb_cur_max
 .data          0x00005944        0x4 /home/tools/CodeSourcery/Sourcery_CodeBench_for_ARM_EABI/bin/../lib/gcc/arm-none-eabi/4.7.2/../../../../arm-none-eabi/lib/armv7-m/libc.a(lib_a-makebuf.o)
 .data          0x00005948        0x0 /home/tools/CodeSourcery/Sourcery_CodeBench_for_ARM_EABI/bin/../lib/gcc/arm-none-eabi/4.7.2/../../../../arm-none-eabi/lib/armv7-m/libc.a(lib_a-malloc.o)
 .data          0x00005948      0x410 /home/tools/CodeSourcery/Sourcery_CodeBench_for_ARM_EABI/bin/../lib/gcc/arm-none-eabi/4.7.2/../../../../arm-none-eabi/lib/armv7-m/libc.a(lib_a-mallocr.o)
                0x00005948                __malloc_av_
                0x00005d50                __malloc_sbrk_base
                0x00005d54                __malloc_trim_threshold
 .data          0x00005d58        0x0 /home/tools/CodeSourcery/Sourcery_CodeBench_for_ARM_EABI/bin/../lib/gcc/arm-none-eabi/4.7.2/../../../../arm-none-eabi/lib/armv7-m/libc.a(lib_a-memchr.o)
 .data          0x00005d58        0x0 /home/tools/CodeSourcery/Sourcery_CodeBench_for_ARM_EABI/bin/../lib/gcc/arm-none-eabi/4.7.2/../../../../arm-none-eabi/lib/armv7-m/libc.a(lib_a-memmove.o)
 .data          0x00005d58        0x0 /home/tools/CodeSourcery/Sourcery_CodeBench_for_ARM_EABI/bin/../lib/gcc/arm-none-eabi/4.7.2/../../../../arm-none-eabi/lib/armv7-m/libc.a(lib_a-mlock.o)
 .data          0x00005d58        0x0 /home/tools/CodeSourcery/Sourcery_CodeBench_for_ARM_EABI/bin/../lib/gcc/arm-none-eabi/4.7.2/../../../../arm-none-eabi/lib/armv7-m/libc.a(lib_a-mprec.o)
 .data          0x00005d58        0x0 /home/tools/CodeSourcery/Sourcery_CodeBench_for_ARM_EABI/bin/../lib/gcc/arm-none-eabi/4.7.2/../../../../arm-none-eabi/lib/armv7-m/libc.a(lib_a-s_isinf.o)
 .data          0x00005d58        0x0 /home/tools/CodeSourcery/Sourcery_CodeBench_for_ARM_EABI/bin/../lib/gcc/arm-none-eabi/4.7.2/../../../../arm-none-eabi/lib/armv7-m/libc.a(lib_a-s_isnan.o)
 .data          0x00005d58        0x0 /home/tools/CodeSourcery/Sourcery_CodeBench_for_ARM_EABI/bin/../lib/gcc/arm-none-eabi/4.7.2/../../../../arm-none-eabi/lib/armv7-m/libc.a(lib_a-sfplock.o)
 .data          0x00005d58        0x0 /home/tools/CodeSourcery/Sourcery_CodeBench_for_ARM_EABI/bin/../lib/gcc/arm-none-eabi/4.7.2/../../../../arm-none-eabi/lib/armv7-m/libc.a(lib_a-sglueg.o)
 .data          0x00005d58        0x0 /home/tools/CodeSourcery/Sourcery_CodeBench_for_ARM_EABI/bin/../lib/gcc/arm-none-eabi/4.7.2/../../../../arm-none-eabi/lib/armv7-m/libc.a(lib_a-stdio.o)
 .data          0x00005d58        0x0 /home/tools/CodeSourcery/Sourcery_CodeBench_for_ARM_EABI/bin/../lib/gcc/arm-none-eabi/4.7.2/../../../../arm-none-eabi/lib/armv7-m/libc.a(lib_a-strcmp.o)
 .data          0x00005d58        0x0 /home/tools/CodeSourcery/Sourcery_CodeBench_for_ARM_EABI/bin/../lib/gcc/arm-none-eabi/4.7.2/../../../../arm-none-eabi/lib/armv7-m/libc.a(lib_a-strlen.o)
 .data          0x00005d58        0x0 /home/tools/CodeSourcery/Sourcery_CodeBench_for_ARM_EABI/bin/../lib/gcc/arm-none-eabi/4.7.2/../../../../arm-none-eabi/lib/armv7-m/libc.a(lib_a-__stdiobufferinghelp.o)
 .data          0x00005d58        0x0 /home/tools/CodeSourcery/Sourcery_CodeBench_for_ARM_EABI/bin/../lib/gcc/arm-none-eabi/4.7.2/../../../../arm-none-eabi/lib/armv7-m/libc.a(lib_a-asm-memcpy.o)
 .data          0x00005d58        0x0 /home/tools/CodeSourcery/Sourcery_CodeBench_for_ARM_EABI/bin/../lib/gcc/arm-none-eabi/4.7.2/../../../../arm-none-eabi/lib/armv7-m/libc.a(lib_a-calloc.o)
 .data          0x00005d58        0x0 /home/tools/CodeSourcery/Sourcery_CodeBench_for_ARM_EABI/bin/../lib/gcc/arm-none-eabi/4.7.2/../../../../arm-none-eabi/lib/armv7-m/libc.a(lib_a-callocr.o)
 .data          0x00005d58        0x0 /home/tools/CodeSourcery/Sourcery_CodeBench_for_ARM_EABI/bin/../lib/gcc/arm-none-eabi/4.7.2/../../../../arm-none-eabi/lib/armv7-m/libc.a(lib_a-errnog.o)
 .data          0x00005d58        0x0 /home/tools/CodeSourcery/Sourcery_CodeBench_for_ARM_EABI/bin/../lib/gcc/arm-none-eabi/4.7.2/../../../../arm-none-eabi/lib/armv7-m/libc.a(lib_a-freer.o)
 .data          0x00005d58        0x0 /home/tools/CodeSourcery/Sourcery_CodeBench_for_ARM_EABI/bin/../lib/gcc/arm-none-eabi/4.7.2/../../../../arm-none-eabi/lib/armv7-m/libc.a(lib_a-memset.o)
 .data          0x00005d58        0x0 /home/tools/CodeSourcery/Sourcery_CodeBench_for_ARM_EABI/bin/../lib/gcc/arm-none-eabi/4.7.2/armv7-m/libgcc.a(_arm_addsubdf3.o)
 .data          0x00005d58        0x0 /home/tools/CodeSourcery/Sourcery_CodeBench_for_ARM_EABI/bin/../lib/gcc/arm-none-eabi/4.7.2/armv7-m/libgcc.a(_arm_muldivdf3.o)
 .data          0x00005d58        0x0 /home/tools/CodeSourcery/Sourcery_CodeBench_for_ARM_EABI/bin/../lib/gcc/arm-none-eabi/4.7.2/armv7-m/libgcc.a(_arm_cmpdf2.o)
 .data          0x00005d58        0x0 /home/tools/CodeSourcery/Sourcery_CodeBench_for_ARM_EABI/bin/../lib/gcc/arm-none-eabi/4.7.2/armv7-m/libgcc.a(_arm_fixdfsi.o)
 .data          0x00005d58        0x0 /home/tools/CodeSourcery/Sourcery_CodeBench_for_ARM_EABI/bin/../lib/gcc/arm-none-eabi/4.7.2/armv7-m/libgcc.a(_aeabi_uldivmod.o)
 .data          0x00005d58        0x0 /home/tools/CodeSourcery/Sourcery_CodeBench_for_ARM_EABI/bin/../lib/gcc/arm-none-eabi/4.7.2/armv7-m/libgcc.a(bpabi.o)
 .data          0x00005d58        0x0 /home/tools/CodeSourcery/Sourcery_CodeBench_for_ARM_EABI/bin/../lib/gcc/arm-none-eabi/4.7.2/armv7-m/libgcc.a(_dvmd_tls.o)
 .data          0x00005d58        0x0 /home/tools/CodeSourcery/Sourcery_CodeBench_for_ARM_EABI/bin/../lib/gcc/arm-none-eabi/4.7.2/armv7-m/libgcc.a(_divdi3.o)
 .data          0x00005d58        0x0 /home/tools/CodeSourcery/Sourcery_CodeBench_for_ARM_EABI/bin/../lib/gcc/arm-none-eabi/4.7.2/armv7-m/libgcc.a(_udivdi3.o)
 .data          0x00005d58        0x0 /home/tools/CodeSourcery/Sourcery_CodeBench_for_ARM_EABI/bin/../lib/gcc/arm-none-eabi/4.7.2/armv7-m/crtend.o
 .data          0x00005d58        0x0 /home/tools/CodeSourcery/Sourcery_CodeBench_for_ARM_EABI/bin/../lib/gcc/arm-none-eabi/4.7.2/armv7-m/crtn.o
 .data          0x00005d58        0x0 /home/tools/CodeSourcery/Sourcery_CodeBench_for_ARM_EABI/bin/../lib/gcc/arm-none-eabi/4.7.2/../../../../arm-none-eabi/lib/armv7-m/libcs3.a(start-sim.o)
 .data          0x00005d58        0x0 /home/tools/CodeSourcery/Sourcery_CodeBench_for_ARM_EABI/bin/../lib/gcc/arm-none-eabi/4.7.2/../../../../arm-none-eabi/lib/armv7-m/libcs3.a(start_c.o)
 .data          0x00005d58        0x4 /home/tools/CodeSourcery/Sourcery_CodeBench_for_ARM_EABI/bin/../lib/gcc/arm-none-eabi/4.7.2/../../../../arm-none-eabi/lib/armv7-m/libcs3.a(heap.o)
                0x00005d58                __cs3_heap_limit
 .data          0x00005d5c        0x0 /home/tools/CodeSourcery/Sourcery_CodeBench_for_ARM_EABI/bin/../lib/gcc/arm-none-eabi/4.7.2/../../../../arm-none-eabi/lib/armv7-m/libcs3.a(qemu-micro-reset.o)
 .data          0x00005d5c        0x0 /home/tools/CodeSourcery/Sourcery_CodeBench_for_ARM_EABI/bin/../lib/gcc/arm-none-eabi/4.7.2/../../../../arm-none-eabi/lib/armv7-m/libcs3hosted.a(hosted-_close.o)
 .data          0x00005d5c        0x0 /home/tools/CodeSourcery/Sourcery_CodeBench_for_ARM_EABI/bin/../lib/gcc/arm-none-eabi/4.7.2/../../../../arm-none-eabi/lib/armv7-m/libcs3hosted.a(hosted-_exit.o)
 .data          0x00005d5c        0x0 /home/tools/CodeSourcery/Sourcery_CodeBench_for_ARM_EABI/bin/../lib/gcc/arm-none-eabi/4.7.2/../../../../arm-none-eabi/lib/armv7-m/libcs3hosted.a(hosted-_fstat.o)
 .data          0x00005d5c        0x0 /home/tools/CodeSourcery/Sourcery_CodeBench_for_ARM_EABI/bin/../lib/gcc/arm-none-eabi/4.7.2/../../../../arm-none-eabi/lib/armv7-m/libcs3hosted.a(hosted-isatty.o)
 .data          0x00005d5c        0x0 /home/tools/CodeSourcery/Sourcery_CodeBench_for_ARM_EABI/bin/../lib/gcc/arm-none-eabi/4.7.2/../../../../arm-none-eabi/lib/armv7-m/libcs3hosted.a(hosted-_lseek.o)
 .data          0x00005d5c        0x0 /home/tools/CodeSourcery/Sourcery_CodeBench_for_ARM_EABI/bin/../lib/gcc/arm-none-eabi/4.7.2/../../../../arm-none-eabi/lib/armv7-m/libcs3hosted.a(hosted-_read.o)
 .data          0x00005d5c        0x0 /home/tools/CodeSourcery/Sourcery_CodeBench_for_ARM_EABI/bin/../lib/gcc/arm-none-eabi/4.7.2/../../../../arm-none-eabi/lib/armv7-m/libcs3hosted.a(hosted-_write.o)
 .data          0x00005d5c        0x4 /home/tools/CodeSourcery/Sourcery_CodeBench_for_ARM_EABI/bin/../lib/gcc/arm-none-eabi/4.7.2/../../../../arm-none-eabi/lib/armv7-m/libcs3hosted.a(hosted-sbrk.o)
 .data          0x00005d60        0x0 /home/tools/CodeSourcery/Sourcery_CodeBench_for_ARM_EABI/bin/../lib/gcc/arm-none-eabi/4.7.2/../../../../arm-none-eabi/lib/armv7-m/libcs3hosted.a(hosted-rdi.o)
 .data          0x00005d60        0x0 /home/tools/CodeSourcery/Sourcery_CodeBench_for_ARM_EABI/bin/../lib/gcc/arm-none-eabi/4.7.2/../../../../arm-none-eabi/lib/armv7-m/libcs3micro.a(micro-vector.o)
 .data          0x00005d60        0x0 /home/tools/CodeSourcery/Sourcery_CodeBench_for_ARM_EABI/bin/../lib/gcc/arm-none-eabi/4.7.2/../../../../arm-none-eabi/lib/armv7-m/libcs3micro.a(micro_isr_interrupt.o)
 .data          0x00005d60        0x0 /home/tools/CodeSourcery/Sourcery_CodeBench_for_ARM_EABI/bin/../lib/gcc/arm-none-eabi/4.7.2/../../../../arm-none-eabi/lib/armv7-m/libcs3micro.a(micro_isr_nmi.o)
 .data          0x00005d60        0x0 /home/tools/CodeSourcery/Sourcery_CodeBench_for_ARM_EABI/bin/../lib/gcc/arm-none-eabi/4.7.2/../../../../arm-none-eabi/lib/armv7-m/libcs3micro.a(micro_isr_hard_fault.o)
 .data          0x00005d60        0x0 /home/tools/CodeSourcery/Sourcery_CodeBench_for_ARM_EABI/bin/../lib/gcc/arm-none-eabi/4.7.2/../../../../arm-none-eabi/lib/armv7-m/libcs3micro.a(micro_isr_mpu_fault.o)
 .data          0x00005d60        0x0 /home/tools/CodeSourcery/Sourcery_CodeBench_for_ARM_EABI/bin/../lib/gcc/arm-none-eabi/4.7.2/../../../../arm-none-eabi/lib/armv7-m/libcs3micro.a(micro_isr_bus_fault.o)
 .data          0x00005d60        0x0 /home/tools/CodeSourcery/Sourcery_CodeBench_for_ARM_EABI/bin/../lib/gcc/arm-none-eabi/4.7.2/../../../../arm-none-eabi/lib/armv7-m/libcs3micro.a(micro_isr_usage_fault.o)
 .data          0x00005d60        0x0 /home/tools/CodeSourcery/Sourcery_CodeBench_for_ARM_EABI/bin/../lib/gcc/arm-none-eabi/4.7.2/../../../../arm-none-eabi/lib/armv7-m/libcs3micro.a(micro_isr_svcall.o)
 .data          0x00005d60        0x0 /home/tools/CodeSourcery/Sourcery_CodeBench_for_ARM_EABI/bin/../lib/gcc/arm-none-eabi/4.7.2/../../../../arm-none-eabi/lib/armv7-m/libcs3micro.a(micro_isr_debug.o)
 .data          0x00005d60        0x0 /home/tools/CodeSourcery/Sourcery_CodeBench_for_ARM_EABI/bin/../lib/gcc/arm-none-eabi/4.7.2/../../../../arm-none-eabi/lib/armv7-m/libcs3micro.a(micro_isr_pendsv.o)
 .data          0x00005d60        0x0 /home/tools/CodeSourcery/Sourcery_CodeBench_for_ARM_EABI/bin/../lib/gcc/arm-none-eabi/4.7.2/../../../../arm-none-eabi/lib/armv7-m/libcs3micro.a(micro_isr_systick.o)
 .data          0x00005d60        0x0 /home/tools/CodeSourcery/Sourcery_CodeBench_for_ARM_EABI/bin/../lib/gcc/arm-none-eabi/4.7.2/../../../../arm-none-eabi/lib/armv7-m/libc.a(lib_a-errno.o)
 .data          0x00005d60        0x0 /home/tools/CodeSourcery/Sourcery_CodeBench_for_ARM_EABI/bin/../lib/gcc/arm-none-eabi/4.7.2/../../../../arm-none-eabi/lib/armv7-m/libc.a(lib_a-init.o)
                0x00005d60                . = ALIGN (0x8)
 *(.ram)
                0x00005d60                . = ALIGN (0x8)
                0x00005d60                _edata = .

.tm_clone_table
                0x00005d60        0x0
 .tm_clone_table
                0x00005d60        0x0 /home/tools/CodeSourcery/Sourcery_CodeBench_for_ARM_EABI/bin/../lib/gcc/arm-none-eabi/4.7.2/armv7-m/crtbegin.o
 .tm_clone_table
                0x00005d60        0x0 /home/tools/CodeSourcery/Sourcery_CodeBench_for_ARM_EABI/bin/../lib/gcc/arm-none-eabi/4.7.2/armv7-m/crtend.o

.igot.plt       0x00005d60        0x0
 .igot.plt      0x00000000        0x0 /home/tools/CodeSourcery/Sourcery_CodeBench_for_ARM_EABI/bin/../lib/gcc/arm-none-eabi/4.7.2/armv7-m/crtbegin.o

.bss            0x00005d60      0x238
 *(.shbss)
 *(.bss .bss.* .gnu.linkonce.b.*)
 .bss           0x00005d60        0x0 /home/tools/CodeSourcery/Sourcery_CodeBench_for_ARM_EABI/bin/../lib/gcc/arm-none-eabi/4.7.2/armv7-m/crti.o
 .bss           0x00005d60       0x1c /home/tools/CodeSourcery/Sourcery_CodeBench_for_ARM_EABI/bin/../lib/gcc/arm-none-eabi/4.7.2/armv7-m/crtbegin.o
 .bss           0x00005d7c        0x4 /home/jon/work/arm/m3/CBwork/demo/Debug/demo.o
                0x00005d7c                ffFull
 .bss           0x00005d80        0x0 /home/tools/CodeSourcery/Sourcery_CodeBench_for_ARM_EABI/bin/../lib/gcc/arm-none-eabi/4.7.2/../../../../arm-none-eabi/lib/armv7-m/libc.a(lib_a-atexit.o)
 .bss           0x00005d80        0x0 /home/tools/CodeSourcery/Sourcery_CodeBench_for_ARM_EABI/bin/../lib/gcc/arm-none-eabi/4.7.2/../../../../arm-none-eabi/lib/armv7-m/libc.a(lib_a-exit.o)
 .bss           0x00005d80        0x0 /home/tools/CodeSourcery/Sourcery_CodeBench_for_ARM_EABI/bin/../lib/gcc/arm-none-eabi/4.7.2/../../../../arm-none-eabi/lib/armv7-m/libc.a(lib_a-printf.o)
 .bss           0x00005d80        0x0 /home/tools/CodeSourcery/Sourcery_CodeBench_for_ARM_EABI/bin/../lib/gcc/arm-none-eabi/4.7.2/../../../../arm-none-eabi/lib/armv7-m/libc.a(lib_a-sinit.o)
 .bss           0x00005d80       0x7c /home/tools/CodeSourcery/Sourcery_CodeBench_for_ARM_EABI/bin/../lib/gcc/arm-none-eabi/4.7.2/../../../../arm-none-eabi/lib/armv7-m/libc.a(lib_a-stdout.o)
                0x00005d80                _cslibc_global__stdout
                0x00005dec                __stdout
 .bss           0x00005dfc        0x0 /home/tools/CodeSourcery/Sourcery_CodeBench_for_ARM_EABI/bin/../lib/gcc/arm-none-eabi/4.7.2/../../../../arm-none-eabi/lib/armv7-m/libc.a(lib_a-vfprintf.o)
 .bss           0x00005dfc        0x0 /home/tools/CodeSourcery/Sourcery_CodeBench_for_ARM_EABI/bin/../lib/gcc/arm-none-eabi/4.7.2/../../../../arm-none-eabi/lib/armv7-m/libc.a(lib_a-vfsprint.o)
 .bss           0x00005dfc        0x0 /home/tools/CodeSourcery/Sourcery_CodeBench_for_ARM_EABI/bin/../lib/gcc/arm-none-eabi/4.7.2/../../../../arm-none-eabi/lib/armv7-m/libc.a(lib_a-wsetup.o)
 .bss           0x00005dfc        0x0 /home/tools/CodeSourcery/Sourcery_CodeBench_for_ARM_EABI/bin/../lib/gcc/arm-none-eabi/4.7.2/../../../../arm-none-eabi/lib/armv7-m/libc.a(lib_a-__atexit.o)
 .bss           0x00005dfc       0x90 /home/tools/CodeSourcery/Sourcery_CodeBench_for_ARM_EABI/bin/../lib/gcc/arm-none-eabi/4.7.2/../../../../arm-none-eabi/lib/armv7-m/libc.a(lib_a-__atexitg.o)
                0x00005dfc                _cslibc_global__atexit0
                0x00005e88                _cslibc_global__atexit
 .bss           0x00005e8c        0x0 /home/tools/CodeSourcery/Sourcery_CodeBench_for_ARM_EABI/bin/../lib/gcc/arm-none-eabi/4.7.2/../../../../arm-none-eabi/lib/armv7-m/libc.a(lib_a-__call_atexit.o)
 .bss           0x00005e8c        0x1 /home/tools/CodeSourcery/Sourcery_CodeBench_for_ARM_EABI/bin/../lib/gcc/arm-none-eabi/4.7.2/../../../../arm-none-eabi/lib/armv7-m/libc.a(lib_a-__fpspecifierhelp.o)
                0x00005e8c                __cslibc$printf_fp_override
 .bss           0x00005e8d        0x0 /home/tools/CodeSourcery/Sourcery_CodeBench_for_ARM_EABI/bin/../lib/gcc/arm-none-eabi/4.7.2/../../../../arm-none-eabi/lib/armv7-m/libc.a(lib_a-_cleanup.o)
 *fill*         0x00005e8d        0x3 
 .bss           0x00005e90        0x8 /home/tools/CodeSourcery/Sourcery_CodeBench_for_ARM_EABI/bin/../lib/gcc/arm-none-eabi/4.7.2/../../../../arm-none-eabi/lib/armv7-m/libc.a(lib_a-cleanupg.o)
                0x00005e90                _cslibc_global___cleanup
                0x00005e94                _cslibc_global___sdidinit
 .bss           0x00005e98        0x0 /home/tools/CodeSourcery/Sourcery_CodeBench_for_ARM_EABI/bin/../lib/gcc/arm-none-eabi/4.7.2/../../../../arm-none-eabi/lib/armv7-m/libc.a(lib_a-dtoa.o)
 .bss           0x00005e98        0x0 /home/tools/CodeSourcery/Sourcery_CodeBench_for_ARM_EABI/bin/../lib/gcc/arm-none-eabi/4.7.2/../../../../arm-none-eabi/lib/armv7-m/libc.a(lib_a-fclose.o)
 .bss           0x00005e98        0x0 /home/tools/CodeSourcery/Sourcery_CodeBench_for_ARM_EABI/bin/../lib/gcc/arm-none-eabi/4.7.2/../../../../arm-none-eabi/lib/armv7-m/libc.a(lib_a-fflush.o)
 .bss           0x00005e98        0x0 /home/tools/CodeSourcery/Sourcery_CodeBench_for_ARM_EABI/bin/../lib/gcc/arm-none-eabi/4.7.2/../../../../arm-none-eabi/lib/armv7-m/libc.a(lib_a-fini.o)
 .bss           0x00005e98        0x0 /home/tools/CodeSourcery/Sourcery_CodeBench_for_ARM_EABI/bin/../lib/gcc/arm-none-eabi/4.7.2/../../../../arm-none-eabi/lib/armv7-m/libc.a(lib_a-fvwrite.o)
 .bss           0x00005e98        0x0 /home/tools/CodeSourcery/Sourcery_CodeBench_for_ARM_EABI/bin/../lib/gcc/arm-none-eabi/4.7.2/../../../../arm-none-eabi/lib/armv7-m/libc.a(lib_a-fwalk.o)
 .bss           0x00005e98        0x0 /home/tools/CodeSourcery/Sourcery_CodeBench_for_ARM_EABI/bin/../lib/gcc/arm-none-eabi/4.7.2/../../../../arm-none-eabi/lib/armv7-m/libc.a(lib_a-impure.o)
 .bss           0x00005e98        0xc /home/tools/CodeSourcery/Sourcery_CodeBench_for_ARM_EABI/bin/../lib/gcc/arm-none-eabi/4.7.2/../../../../arm-none-eabi/lib/armv7-m/libc.a(lib_a-locale.o)
                0x00005e98                _PathLocale
                0x00005e9c                __mlocale_changed
                0x00005ea0                __nlocale_changed
 .bss           0x00005ea4        0x0 /home/tools/CodeSourcery/Sourcery_CodeBench_for_ARM_EABI/bin/../lib/gcc/arm-none-eabi/4.7.2/../../../../arm-none-eabi/lib/armv7-m/libc.a(lib_a-makebuf.o)
 .bss           0x00005ea4        0x0 /home/tools/CodeSourcery/Sourcery_CodeBench_for_ARM_EABI/bin/../lib/gcc/arm-none-eabi/4.7.2/../../../../arm-none-eabi/lib/armv7-m/libc.a(lib_a-malloc.o)
 .bss           0x00005ea4       0x34 /home/tools/CodeSourcery/Sourcery_CodeBench_for_ARM_EABI/bin/../lib/gcc/arm-none-eabi/4.7.2/../../../../arm-none-eabi/lib/armv7-m/libc.a(lib_a-mallocr.o)
                0x00005ea4                __malloc_top_pad
                0x00005ea8                __malloc_current_mallinfo
                0x00005ed0                __malloc_max_sbrked_mem
                0x00005ed4                __malloc_max_total_mem
 .bss           0x00005ed8        0x0 /home/tools/CodeSourcery/Sourcery_CodeBench_for_ARM_EABI/bin/../lib/gcc/arm-none-eabi/4.7.2/../../../../arm-none-eabi/lib/armv7-m/libc.a(lib_a-memchr.o)
 .bss           0x00005ed8        0x0 /home/tools/CodeSourcery/Sourcery_CodeBench_for_ARM_EABI/bin/../lib/gcc/arm-none-eabi/4.7.2/../../../../arm-none-eabi/lib/armv7-m/libc.a(lib_a-memmove.o)
 .bss           0x00005ed8        0x0 /home/tools/CodeSourcery/Sourcery_CodeBench_for_ARM_EABI/bin/../lib/gcc/arm-none-eabi/4.7.2/../../../../arm-none-eabi/lib/armv7-m/libc.a(lib_a-mlock.o)
 .bss           0x00005ed8        0x0 /home/tools/CodeSourcery/Sourcery_CodeBench_for_ARM_EABI/bin/../lib/gcc/arm-none-eabi/4.7.2/../../../../arm-none-eabi/lib/armv7-m/libc.a(lib_a-mprec.o)
 .bss           0x00005ed8        0x0 /home/tools/CodeSourcery/Sourcery_CodeBench_for_ARM_EABI/bin/../lib/gcc/arm-none-eabi/4.7.2/../../../../arm-none-eabi/lib/armv7-m/libc.a(lib_a-s_isinf.o)
 .bss           0x00005ed8        0x0 /home/tools/CodeSourcery/Sourcery_CodeBench_for_ARM_EABI/bin/../lib/gcc/arm-none-eabi/4.7.2/../../../../arm-none-eabi/lib/armv7-m/libc.a(lib_a-s_isnan.o)
 .bss           0x00005ed8        0x0 /home/tools/CodeSourcery/Sourcery_CodeBench_for_ARM_EABI/bin/../lib/gcc/arm-none-eabi/4.7.2/../../../../arm-none-eabi/lib/armv7-m/libc.a(lib_a-sfplock.o)
 .bss           0x00005ed8        0xc /home/tools/CodeSourcery/Sourcery_CodeBench_for_ARM_EABI/bin/../lib/gcc/arm-none-eabi/4.7.2/../../../../arm-none-eabi/lib/armv7-m/libc.a(lib_a-sglueg.o)
                0x00005ed8                _cslibc_global___sglue
 .bss           0x00005ee4        0x0 /home/tools/CodeSourcery/Sourcery_CodeBench_for_ARM_EABI/bin/../lib/gcc/arm-none-eabi/4.7.2/../../../../arm-none-eabi/lib/armv7-m/libc.a(lib_a-stdio.o)
 .bss           0x00005ee4        0x0 /home/tools/CodeSourcery/Sourcery_CodeBench_for_ARM_EABI/bin/../lib/gcc/arm-none-eabi/4.7.2/../../../../arm-none-eabi/lib/armv7-m/libc.a(lib_a-strcmp.o)
 .bss           0x00005ee4        0x0 /home/tools/CodeSourcery/Sourcery_CodeBench_for_ARM_EABI/bin/../lib/gcc/arm-none-eabi/4.7.2/../../../../arm-none-eabi/lib/armv7-m/libc.a(lib_a-strlen.o)
 .bss           0x00005ee4        0x1 /home/tools/CodeSourcery/Sourcery_CodeBench_for_ARM_EABI/bin/../lib/gcc/arm-none-eabi/4.7.2/../../../../arm-none-eabi/lib/armv7-m/libc.a(lib_a-__stdiobufferinghelp.o)
                0x00005ee4                __cslibc$stdio_alloc_buffer_override
 .bss           0x00005ee5        0x0 /home/tools/CodeSourcery/Sourcery_CodeBench_for_ARM_EABI/bin/../lib/gcc/arm-none-eabi/4.7.2/../../../../arm-none-eabi/lib/armv7-m/libc.a(lib_a-asm-memcpy.o)
 .bss           0x00005ee5        0x0 /home/tools/CodeSourcery/Sourcery_CodeBench_for_ARM_EABI/bin/../lib/gcc/arm-none-eabi/4.7.2/../../../../arm-none-eabi/lib/armv7-m/libc.a(lib_a-calloc.o)
 .bss           0x00005ee5        0x0 /home/tools/CodeSourcery/Sourcery_CodeBench_for_ARM_EABI/bin/../lib/gcc/arm-none-eabi/4.7.2/../../../../arm-none-eabi/lib/armv7-m/libc.a(lib_a-callocr.o)
 *fill*         0x00005ee5        0x3 
 .bss           0x00005ee8        0x4 /home/tools/CodeSourcery/Sourcery_CodeBench_for_ARM_EABI/bin/../lib/gcc/arm-none-eabi/4.7.2/../../../../arm-none-eabi/lib/armv7-m/libc.a(lib_a-errnog.o)
                0x00005ee8                _cslibc_global__errno
 .bss           0x00005eec        0x0 /home/tools/CodeSourcery/Sourcery_CodeBench_for_ARM_EABI/bin/../lib/gcc/arm-none-eabi/4.7.2/../../../../arm-none-eabi/lib/armv7-m/libc.a(lib_a-freer.o)
 .bss           0x00005eec        0x0 /home/tools/CodeSourcery/Sourcery_CodeBench_for_ARM_EABI/bin/../lib/gcc/arm-none-eabi/4.7.2/../../../../arm-none-eabi/lib/armv7-m/libc.a(lib_a-memset.o)
 .bss           0x00005eec        0x0 /home/tools/CodeSourcery/Sourcery_CodeBench_for_ARM_EABI/bin/../lib/gcc/arm-none-eabi/4.7.2/armv7-m/libgcc.a(_arm_addsubdf3.o)
 .bss           0x00005eec        0x0 /home/tools/CodeSourcery/Sourcery_CodeBench_for_ARM_EABI/bin/../lib/gcc/arm-none-eabi/4.7.2/armv7-m/libgcc.a(_arm_muldivdf3.o)
 .bss           0x00005eec        0x0 /home/tools/CodeSourcery/Sourcery_CodeBench_for_ARM_EABI/bin/../lib/gcc/arm-none-eabi/4.7.2/armv7-m/libgcc.a(_arm_cmpdf2.o)
 .bss           0x00005eec        0x0 /home/tools/CodeSourcery/Sourcery_CodeBench_for_ARM_EABI/bin/../lib/gcc/arm-none-eabi/4.7.2/armv7-m/libgcc.a(_arm_fixdfsi.o)
 .bss           0x00005eec        0x0 /home/tools/CodeSourcery/Sourcery_CodeBench_for_ARM_EABI/bin/../lib/gcc/arm-none-eabi/4.7.2/armv7-m/libgcc.a(_aeabi_uldivmod.o)
 .bss           0x00005eec        0x0 /home/tools/CodeSourcery/Sourcery_CodeBench_for_ARM_EABI/bin/../lib/gcc/arm-none-eabi/4.7.2/armv7-m/libgcc.a(bpabi.o)
 .bss           0x00005eec        0x0 /home/tools/CodeSourcery/Sourcery_CodeBench_for_ARM_EABI/bin/../lib/gcc/arm-none-eabi/4.7.2/armv7-m/libgcc.a(_dvmd_tls.o)
 .bss           0x00005eec        0x0 /home/tools/CodeSourcery/Sourcery_CodeBench_for_ARM_EABI/bin/../lib/gcc/arm-none-eabi/4.7.2/armv7-m/libgcc.a(_divdi3.o)
 .bss           0x00005eec        0x0 /home/tools/CodeSourcery/Sourcery_CodeBench_for_ARM_EABI/bin/../lib/gcc/arm-none-eabi/4.7.2/armv7-m/libgcc.a(_udivdi3.o)
 .bss           0x00005eec        0x0 /home/tools/CodeSourcery/Sourcery_CodeBench_for_ARM_EABI/bin/../lib/gcc/arm-none-eabi/4.7.2/armv7-m/crtend.o
 .bss           0x00005eec        0x0 /home/tools/CodeSourcery/Sourcery_CodeBench_for_ARM_EABI/bin/../lib/gcc/arm-none-eabi/4.7.2/armv7-m/crtn.o
 .bss           0x00005eec        0x0 /home/tools/CodeSourcery/Sourcery_CodeBench_for_ARM_EABI/bin/../lib/gcc/arm-none-eabi/4.7.2/../../../../arm-none-eabi/lib/armv7-m/libcs3.a(start-sim.o)
 .bss           0x00005eec        0x0 /home/tools/CodeSourcery/Sourcery_CodeBench_for_ARM_EABI/bin/../lib/gcc/arm-none-eabi/4.7.2/../../../../arm-none-eabi/lib/armv7-m/libcs3.a(start_c.o)
 .bss           0x00005eec        0x0 /home/tools/CodeSourcery/Sourcery_CodeBench_for_ARM_EABI/bin/../lib/gcc/arm-none-eabi/4.7.2/../../../../arm-none-eabi/lib/armv7-m/libcs3.a(heap.o)
 .bss           0x00005eec        0x0 /home/tools/CodeSourcery/Sourcery_CodeBench_for_ARM_EABI/bin/../lib/gcc/arm-none-eabi/4.7.2/../../../../arm-none-eabi/lib/armv7-m/libcs3.a(qemu-micro-reset.o)
 .bss           0x00005eec        0x0 /home/tools/CodeSourcery/Sourcery_CodeBench_for_ARM_EABI/bin/../lib/gcc/arm-none-eabi/4.7.2/../../../../arm-none-eabi/lib/armv7-m/libcs3hosted.a(hosted-_close.o)
 .bss           0x00005eec        0x0 /home/tools/CodeSourcery/Sourcery_CodeBench_for_ARM_EABI/bin/../lib/gcc/arm-none-eabi/4.7.2/../../../../arm-none-eabi/lib/armv7-m/libcs3hosted.a(hosted-_exit.o)
 .bss           0x00005eec        0x0 /home/tools/CodeSourcery/Sourcery_CodeBench_for_ARM_EABI/bin/../lib/gcc/arm-none-eabi/4.7.2/../../../../arm-none-eabi/lib/armv7-m/libcs3hosted.a(hosted-_fstat.o)
 .bss           0x00005eec        0x0 /home/tools/CodeSourcery/Sourcery_CodeBench_for_ARM_EABI/bin/../lib/gcc/arm-none-eabi/4.7.2/../../../../arm-none-eabi/lib/armv7-m/libcs3hosted.a(hosted-isatty.o)
 .bss           0x00005eec        0x0 /home/tools/CodeSourcery/Sourcery_CodeBench_for_ARM_EABI/bin/../lib/gcc/arm-none-eabi/4.7.2/../../../../arm-none-eabi/lib/armv7-m/libcs3hosted.a(hosted-_lseek.o)
 .bss           0x00005eec        0x0 /home/tools/CodeSourcery/Sourcery_CodeBench_for_ARM_EABI/bin/../lib/gcc/arm-none-eabi/4.7.2/../../../../arm-none-eabi/lib/armv7-m/libcs3hosted.a(hosted-_read.o)
 .bss           0x00005eec        0x0 /home/tools/CodeSourcery/Sourcery_CodeBench_for_ARM_EABI/bin/../lib/gcc/arm-none-eabi/4.7.2/../../../../arm-none-eabi/lib/armv7-m/libcs3hosted.a(hosted-_write.o)
 .bss           0x00005eec        0x0 /home/tools/CodeSourcery/Sourcery_CodeBench_for_ARM_EABI/bin/../lib/gcc/arm-none-eabi/4.7.2/../../../../arm-none-eabi/lib/armv7-m/libcs3hosted.a(hosted-sbrk.o)
 .bss           0x00005eec       0xac /home/tools/CodeSourcery/Sourcery_CodeBench_for_ARM_EABI/bin/../lib/gcc/arm-none-eabi/4.7.2/../../../../arm-none-eabi/lib/armv7-m/libcs3hosted.a(hosted-rdi.o)
                0x00005f90                __cs3_argc
                0x00005f94                __cs3_argv
 .bss           0x00005f98        0x0 /home/tools/CodeSourcery/Sourcery_CodeBench_for_ARM_EABI/bin/../lib/gcc/arm-none-eabi/4.7.2/../../../../arm-none-eabi/lib/armv7-m/libcs3micro.a(micro-vector.o)
 .bss           0x00005f98        0x0 /home/tools/CodeSourcery/Sourcery_CodeBench_for_ARM_EABI/bin/../lib/gcc/arm-none-eabi/4.7.2/../../../../arm-none-eabi/lib/armv7-m/libcs3micro.a(micro_isr_interrupt.o)
 .bss           0x00005f98        0x0 /home/tools/CodeSourcery/Sourcery_CodeBench_for_ARM_EABI/bin/../lib/gcc/arm-none-eabi/4.7.2/../../../../arm-none-eabi/lib/armv7-m/libcs3micro.a(micro_isr_nmi.o)
 .bss           0x00005f98        0x0 /home/tools/CodeSourcery/Sourcery_CodeBench_for_ARM_EABI/bin/../lib/gcc/arm-none-eabi/4.7.2/../../../../arm-none-eabi/lib/armv7-m/libcs3micro.a(micro_isr_hard_fault.o)
 .bss           0x00005f98        0x0 /home/tools/CodeSourcery/Sourcery_CodeBench_for_ARM_EABI/bin/../lib/gcc/arm-none-eabi/4.7.2/../../../../arm-none-eabi/lib/armv7-m/libcs3micro.a(micro_isr_mpu_fault.o)
 .bss           0x00005f98        0x0 /home/tools/CodeSourcery/Sourcery_CodeBench_for_ARM_EABI/bin/../lib/gcc/arm-none-eabi/4.7.2/../../../../arm-none-eabi/lib/armv7-m/libcs3micro.a(micro_isr_bus_fault.o)
 .bss           0x00005f98        0x0 /home/tools/CodeSourcery/Sourcery_CodeBench_for_ARM_EABI/bin/../lib/gcc/arm-none-eabi/4.7.2/../../../../arm-none-eabi/lib/armv7-m/libcs3micro.a(micro_isr_usage_fault.o)
 .bss           0x00005f98        0x0 /home/tools/CodeSourcery/Sourcery_CodeBench_for_ARM_EABI/bin/../lib/gcc/arm-none-eabi/4.7.2/../../../../arm-none-eabi/lib/armv7-m/libcs3micro.a(micro_isr_svcall.o)
 .bss           0x00005f98        0x0 /home/tools/CodeSourcery/Sourcery_CodeBench_for_ARM_EABI/bin/../lib/gcc/arm-none-eabi/4.7.2/../../../../arm-none-eabi/lib/armv7-m/libcs3micro.a(micro_isr_debug.o)
 .bss           0x00005f98        0x0 /home/tools/CodeSourcery/Sourcery_CodeBench_for_ARM_EABI/bin/../lib/gcc/arm-none-eabi/4.7.2/../../../../arm-none-eabi/lib/armv7-m/libcs3micro.a(micro_isr_pendsv.o)
 .bss           0x00005f98        0x0 /home/tools/CodeSourcery/Sourcery_CodeBench_for_ARM_EABI/bin/../lib/gcc/arm-none-eabi/4.7.2/../../../../arm-none-eabi/lib/armv7-m/libcs3micro.a(micro_isr_systick.o)
 .bss           0x00005f98        0x0 /home/tools/CodeSourcery/Sourcery_CodeBench_for_ARM_EABI/bin/../lib/gcc/arm-none-eabi/4.7.2/../../../../arm-none-eabi/lib/armv7-m/libc.a(lib_a-errno.o)
 .bss           0x00005f98        0x0 /home/tools/CodeSourcery/Sourcery_CodeBench_for_ARM_EABI/bin/../lib/gcc/arm-none-eabi/4.7.2/../../../../arm-none-eabi/lib/armv7-m/libc.a(lib_a-init.o)
 *(COMMON)
                0x00005f98                . = ALIGN (0x8)
 *(.ram.b .bss.ram)
                0x00005f98                . = ALIGN (0x8)
                0x00005f98                _end = .
                0x00005f98                __end = .
                0x00000000                __cs3_region_init_ram = __cs3_region_start_ram
                0x00005d60                __cs3_region_init_size_ram = (_edata - __cs3_region_start_ram)
                0x00000238                __cs3_region_zero_size_ram = (_end - _edata)
                0x00106000                __cs3_region_size_ram = ((ALIGN (0x400) - __cs3_region_start_ram) + 0x100000)

.stab
 *(.stab)

.stabstr
 *(.stabstr)

.debug
 *(.debug)

.line
 *(.line)

.debug_srcinfo
 *(.debug_srcinfo)

.debug_sfnames
 *(.debug_sfnames)

.debug_aranges  0x00000000      0x428
 *(.debug_aranges)
 .debug_aranges
                0x00000000       0x20 /home/jon/work/arm/m3/CBwork/demo/Debug/demo.o
 .debug_aranges
                0x00000020       0x20 /home/tools/CodeSourcery/Sourcery_CodeBench_for_ARM_EABI/bin/../lib/gcc/arm-none-eabi/4.7.2/armv7-m/libgcc.a(_arm_addsubdf3.o)
 .debug_aranges
                0x00000040       0x20 /home/tools/CodeSourcery/Sourcery_CodeBench_for_ARM_EABI/bin/../lib/gcc/arm-none-eabi/4.7.2/armv7-m/libgcc.a(_arm_muldivdf3.o)
 .debug_aranges
                0x00000060       0x20 /home/tools/CodeSourcery/Sourcery_CodeBench_for_ARM_EABI/bin/../lib/gcc/arm-none-eabi/4.7.2/armv7-m/libgcc.a(_arm_cmpdf2.o)
 .debug_aranges
                0x00000080       0x20 /home/tools/CodeSourcery/Sourcery_CodeBench_for_ARM_EABI/bin/../lib/gcc/arm-none-eabi/4.7.2/armv7-m/libgcc.a(_arm_fixdfsi.o)
 .debug_aranges
                0x000000a0       0x20 /home/tools/CodeSourcery/Sourcery_CodeBench_for_ARM_EABI/bin/../lib/gcc/arm-none-eabi/4.7.2/armv7-m/libgcc.a(_aeabi_uldivmod.o)
 .debug_aranges
                0x000000c0       0x20 /home/tools/CodeSourcery/Sourcery_CodeBench_for_ARM_EABI/bin/../lib/gcc/arm-none-eabi/4.7.2/armv7-m/libgcc.a(bpabi.o)
 .debug_aranges
                0x000000e0       0x20 /home/tools/CodeSourcery/Sourcery_CodeBench_for_ARM_EABI/bin/../lib/gcc/arm-none-eabi/4.7.2/armv7-m/libgcc.a(_dvmd_tls.o)
 .debug_aranges
                0x00000100       0x20 /home/tools/CodeSourcery/Sourcery_CodeBench_for_ARM_EABI/bin/../lib/gcc/arm-none-eabi/4.7.2/armv7-m/libgcc.a(_divdi3.o)
 .debug_aranges
                0x00000120       0x20 /home/tools/CodeSourcery/Sourcery_CodeBench_for_ARM_EABI/bin/../lib/gcc/arm-none-eabi/4.7.2/armv7-m/libgcc.a(_udivdi3.o)
 .debug_aranges
                0x00000140       0x20 /home/tools/CodeSourcery/Sourcery_CodeBench_for_ARM_EABI/bin/../lib/gcc/arm-none-eabi/4.7.2/../../../../arm-none-eabi/lib/armv7-m/libcs3.a(start-sim.o)
 .debug_aranges
                0x00000160       0x28 /home/tools/CodeSourcery/Sourcery_CodeBench_for_ARM_EABI/bin/../lib/gcc/arm-none-eabi/4.7.2/../../../../arm-none-eabi/lib/armv7-m/libcs3.a(start_c.o)
 .debug_aranges
                0x00000188       0x18 /home/tools/CodeSourcery/Sourcery_CodeBench_for_ARM_EABI/bin/../lib/gcc/arm-none-eabi/4.7.2/../../../../arm-none-eabi/lib/armv7-m/libcs3.a(heap.o)
 .debug_aranges
                0x000001a0       0x20 /home/tools/CodeSourcery/Sourcery_CodeBench_for_ARM_EABI/bin/../lib/gcc/arm-none-eabi/4.7.2/../../../../arm-none-eabi/lib/armv7-m/libcs3.a(qemu-micro-reset.o)
 .debug_aranges
                0x000001c0       0x20 /home/tools/CodeSourcery/Sourcery_CodeBench_for_ARM_EABI/bin/../lib/gcc/arm-none-eabi/4.7.2/../../../../arm-none-eabi/lib/armv7-m/libcs3hosted.a(hosted-_close.o)
 .debug_aranges
                0x000001e0       0x20 /home/tools/CodeSourcery/Sourcery_CodeBench_for_ARM_EABI/bin/../lib/gcc/arm-none-eabi/4.7.2/../../../../arm-none-eabi/lib/armv7-m/libcs3hosted.a(hosted-_exit.o)
 .debug_aranges
                0x00000200       0x20 /home/tools/CodeSourcery/Sourcery_CodeBench_for_ARM_EABI/bin/../lib/gcc/arm-none-eabi/4.7.2/../../../../arm-none-eabi/lib/armv7-m/libcs3hosted.a(hosted-_fstat.o)
 .debug_aranges
                0x00000220       0x20 /home/tools/CodeSourcery/Sourcery_CodeBench_for_ARM_EABI/bin/../lib/gcc/arm-none-eabi/4.7.2/../../../../arm-none-eabi/lib/armv7-m/libcs3hosted.a(hosted-isatty.o)
 .debug_aranges
                0x00000240       0x20 /home/tools/CodeSourcery/Sourcery_CodeBench_for_ARM_EABI/bin/../lib/gcc/arm-none-eabi/4.7.2/../../../../arm-none-eabi/lib/armv7-m/libcs3hosted.a(hosted-_lseek.o)
 .debug_aranges
                0x00000260       0x20 /home/tools/CodeSourcery/Sourcery_CodeBench_for_ARM_EABI/bin/../lib/gcc/arm-none-eabi/4.7.2/../../../../arm-none-eabi/lib/armv7-m/libcs3hosted.a(hosted-_read.o)
 .debug_aranges
                0x00000280       0x20 /home/tools/CodeSourcery/Sourcery_CodeBench_for_ARM_EABI/bin/../lib/gcc/arm-none-eabi/4.7.2/../../../../arm-none-eabi/lib/armv7-m/libcs3hosted.a(hosted-_write.o)
 .debug_aranges
                0x000002a0       0x20 /home/tools/CodeSourcery/Sourcery_CodeBench_for_ARM_EABI/bin/../lib/gcc/arm-none-eabi/4.7.2/../../../../arm-none-eabi/lib/armv7-m/libcs3hosted.a(hosted-sbrk.o)
 .debug_aranges
                0x000002c0       0x28 /home/tools/CodeSourcery/Sourcery_CodeBench_for_ARM_EABI/bin/../lib/gcc/arm-none-eabi/4.7.2/../../../../arm-none-eabi/lib/armv7-m/libcs3hosted.a(hosted-rdi.o)
 .debug_aranges
                0x000002e8       0x20 /home/tools/CodeSourcery/Sourcery_CodeBench_for_ARM_EABI/bin/../lib/gcc/arm-none-eabi/4.7.2/../../../../arm-none-eabi/lib/armv7-m/libcs3micro.a(micro_isr_interrupt.o)
 .debug_aranges
                0x00000308       0x20 /home/tools/CodeSourcery/Sourcery_CodeBench_for_ARM_EABI/bin/../lib/gcc/arm-none-eabi/4.7.2/../../../../arm-none-eabi/lib/armv7-m/libcs3micro.a(micro_isr_nmi.o)
 .debug_aranges
                0x00000328       0x20 /home/tools/CodeSourcery/Sourcery_CodeBench_for_ARM_EABI/bin/../lib/gcc/arm-none-eabi/4.7.2/../../../../arm-none-eabi/lib/armv7-m/libcs3micro.a(micro_isr_hard_fault.o)
 .debug_aranges
                0x00000348       0x20 /home/tools/CodeSourcery/Sourcery_CodeBench_for_ARM_EABI/bin/../lib/gcc/arm-none-eabi/4.7.2/../../../../arm-none-eabi/lib/armv7-m/libcs3micro.a(micro_isr_mpu_fault.o)
 .debug_aranges
                0x00000368       0x20 /home/tools/CodeSourcery/Sourcery_CodeBench_for_ARM_EABI/bin/../lib/gcc/arm-none-eabi/4.7.2/../../../../arm-none-eabi/lib/armv7-m/libcs3micro.a(micro_isr_bus_fault.o)
 .debug_aranges
                0x00000388       0x20 /home/tools/CodeSourcery/Sourcery_CodeBench_for_ARM_EABI/bin/../lib/gcc/arm-none-eabi/4.7.2/../../../../arm-none-eabi/lib/armv7-m/libcs3micro.a(micro_isr_usage_fault.o)
 .debug_aranges
                0x000003a8       0x20 /home/tools/CodeSourcery/Sourcery_CodeBench_for_ARM_EABI/bin/../lib/gcc/arm-none-eabi/4.7.2/../../../../arm-none-eabi/lib/armv7-m/libcs3micro.a(micro_isr_svcall.o)
 .debug_aranges
                0x000003c8       0x20 /home/tools/CodeSourcery/Sourcery_CodeBench_for_ARM_EABI/bin/../lib/gcc/arm-none-eabi/4.7.2/../../../../arm-none-eabi/lib/armv7-m/libcs3micro.a(micro_isr_debug.o)
 .debug_aranges
                0x000003e8       0x20 /home/tools/CodeSourcery/Sourcery_CodeBench_for_ARM_EABI/bin/../lib/gcc/arm-none-eabi/4.7.2/../../../../arm-none-eabi/lib/armv7-m/libcs3micro.a(micro_isr_pendsv.o)
 .debug_aranges
                0x00000408       0x20 /home/tools/CodeSourcery/Sourcery_CodeBench_for_ARM_EABI/bin/../lib/gcc/arm-none-eabi/4.7.2/../../../../arm-none-eabi/lib/armv7-m/libcs3micro.a(micro_isr_systick.o)

.debug_pubnames
 *(.debug_pubnames)

.debug_info     0x00000000     0x3543
 *(.debug_info .gnu.linkonce.wi.*)
 .debug_info    0x00000000      0x330 /home/jon/work/arm/m3/CBwork/demo/Debug/demo.o
 .debug_info    0x00000330       0xbf /home/tools/CodeSourcery/Sourcery_CodeBench_for_ARM_EABI/bin/../lib/gcc/arm-none-eabi/4.7.2/armv7-m/libgcc.a(_arm_addsubdf3.o)
 .debug_info    0x000003ef       0xbf /home/tools/CodeSourcery/Sourcery_CodeBench_for_ARM_EABI/bin/../lib/gcc/arm-none-eabi/4.7.2/armv7-m/libgcc.a(_arm_muldivdf3.o)
 .debug_info    0x000004ae       0xbf /home/tools/CodeSourcery/Sourcery_CodeBench_for_ARM_EABI/bin/../lib/gcc/arm-none-eabi/4.7.2/armv7-m/libgcc.a(_arm_cmpdf2.o)
 .debug_info    0x0000056d       0xbf /home/tools/CodeSourcery/Sourcery_CodeBench_for_ARM_EABI/bin/../lib/gcc/arm-none-eabi/4.7.2/armv7-m/libgcc.a(_arm_fixdfsi.o)
 .debug_info    0x0000062c       0xba /home/tools/CodeSourcery/Sourcery_CodeBench_for_ARM_EABI/bin/../lib/gcc/arm-none-eabi/4.7.2/armv7-m/libgcc.a(_aeabi_uldivmod.o)
 .debug_info    0x000006e6      0x170 /home/tools/CodeSourcery/Sourcery_CodeBench_for_ARM_EABI/bin/../lib/gcc/arm-none-eabi/4.7.2/armv7-m/libgcc.a(bpabi.o)
 .debug_info    0x00000856       0xbe /home/tools/CodeSourcery/Sourcery_CodeBench_for_ARM_EABI/bin/../lib/gcc/arm-none-eabi/4.7.2/armv7-m/libgcc.a(_dvmd_tls.o)
 .debug_info    0x00000914      0x689 /home/tools/CodeSourcery/Sourcery_CodeBench_for_ARM_EABI/bin/../lib/gcc/arm-none-eabi/4.7.2/armv7-m/libgcc.a(_divdi3.o)
 .debug_info    0x00000f9d      0x64c /home/tools/CodeSourcery/Sourcery_CodeBench_for_ARM_EABI/bin/../lib/gcc/arm-none-eabi/4.7.2/armv7-m/libgcc.a(_udivdi3.o)
 .debug_info    0x000015e9       0xce /home/tools/CodeSourcery/Sourcery_CodeBench_for_ARM_EABI/bin/../lib/gcc/arm-none-eabi/4.7.2/../../../../arm-none-eabi/lib/armv7-m/libcs3.a(start-sim.o)
 .debug_info    0x000016b7      0x248 /home/tools/CodeSourcery/Sourcery_CodeBench_for_ARM_EABI/bin/../lib/gcc/arm-none-eabi/4.7.2/../../../../arm-none-eabi/lib/armv7-m/libcs3.a(start_c.o)
 .debug_info    0x000018ff       0x42 /home/tools/CodeSourcery/Sourcery_CodeBench_for_ARM_EABI/bin/../lib/gcc/arm-none-eabi/4.7.2/../../../../arm-none-eabi/lib/armv7-m/libcs3.a(heap.o)
 .debug_info    0x00001941       0xd5 /home/tools/CodeSourcery/Sourcery_CodeBench_for_ARM_EABI/bin/../lib/gcc/arm-none-eabi/4.7.2/../../../../arm-none-eabi/lib/armv7-m/libcs3.a(qemu-micro-reset.o)
 .debug_info    0x00001a16      0x172 /home/tools/CodeSourcery/Sourcery_CodeBench_for_ARM_EABI/bin/../lib/gcc/arm-none-eabi/4.7.2/../../../../arm-none-eabi/lib/armv7-m/libcs3hosted.a(hosted-_close.o)
 .debug_info    0x00001b88       0xcf /home/tools/CodeSourcery/Sourcery_CodeBench_for_ARM_EABI/bin/../lib/gcc/arm-none-eabi/4.7.2/../../../../arm-none-eabi/lib/armv7-m/libcs3hosted.a(hosted-_exit.o)
 .debug_info    0x00001c57      0x39e /home/tools/CodeSourcery/Sourcery_CodeBench_for_ARM_EABI/bin/../lib/gcc/arm-none-eabi/4.7.2/../../../../arm-none-eabi/lib/armv7-m/libcs3hosted.a(hosted-_fstat.o)
 .debug_info    0x00001ff5      0x166 /home/tools/CodeSourcery/Sourcery_CodeBench_for_ARM_EABI/bin/../lib/gcc/arm-none-eabi/4.7.2/../../../../arm-none-eabi/lib/armv7-m/libcs3hosted.a(hosted-isatty.o)
 .debug_info    0x0000215b      0x25c /home/tools/CodeSourcery/Sourcery_CodeBench_for_ARM_EABI/bin/../lib/gcc/arm-none-eabi/4.7.2/../../../../arm-none-eabi/lib/armv7-m/libcs3hosted.a(hosted-_lseek.o)
 .debug_info    0x000023b7      0x1c0 /home/tools/CodeSourcery/Sourcery_CodeBench_for_ARM_EABI/bin/../lib/gcc/arm-none-eabi/4.7.2/../../../../arm-none-eabi/lib/armv7-m/libcs3hosted.a(hosted-_read.o)
 .debug_info    0x00002577      0x1c5 /home/tools/CodeSourcery/Sourcery_CodeBench_for_ARM_EABI/bin/../lib/gcc/arm-none-eabi/4.7.2/../../../../arm-none-eabi/lib/armv7-m/libcs3hosted.a(hosted-_write.o)
 .debug_info    0x0000273c      0x10b /home/tools/CodeSourcery/Sourcery_CodeBench_for_ARM_EABI/bin/../lib/gcc/arm-none-eabi/4.7.2/../../../../arm-none-eabi/lib/armv7-m/libcs3hosted.a(hosted-sbrk.o)
 .debug_info    0x00002847      0x4e6 /home/tools/CodeSourcery/Sourcery_CodeBench_for_ARM_EABI/bin/../lib/gcc/arm-none-eabi/4.7.2/../../../../arm-none-eabi/lib/armv7-m/libcs3hosted.a(hosted-rdi.o)
 .debug_info    0x00002d2d       0xcf /home/tools/CodeSourcery/Sourcery_CodeBench_for_ARM_EABI/bin/../lib/gcc/arm-none-eabi/4.7.2/../../../../arm-none-eabi/lib/armv7-m/libcs3micro.a(micro_isr_interrupt.o)
 .debug_info    0x00002dfc       0xcf /home/tools/CodeSourcery/Sourcery_CodeBench_for_ARM_EABI/bin/../lib/gcc/arm-none-eabi/4.7.2/../../../../arm-none-eabi/lib/armv7-m/libcs3micro.a(micro_isr_nmi.o)
 .debug_info    0x00002ecb       0xcf /home/tools/CodeSourcery/Sourcery_CodeBench_for_ARM_EABI/bin/../lib/gcc/arm-none-eabi/4.7.2/../../../../arm-none-eabi/lib/armv7-m/libcs3micro.a(micro_isr_hard_fault.o)
 .debug_info    0x00002f9a       0xcf /home/tools/CodeSourcery/Sourcery_CodeBench_for_ARM_EABI/bin/../lib/gcc/arm-none-eabi/4.7.2/../../../../arm-none-eabi/lib/armv7-m/libcs3micro.a(micro_isr_mpu_fault.o)
 .debug_info    0x00003069       0xcf /home/tools/CodeSourcery/Sourcery_CodeBench_for_ARM_EABI/bin/../lib/gcc/arm-none-eabi/4.7.2/../../../../arm-none-eabi/lib/armv7-m/libcs3micro.a(micro_isr_bus_fault.o)
 .debug_info    0x00003138       0xcf /home/tools/CodeSourcery/Sourcery_CodeBench_for_ARM_EABI/bin/../lib/gcc/arm-none-eabi/4.7.2/../../../../arm-none-eabi/lib/armv7-m/libcs3micro.a(micro_isr_usage_fault.o)
 .debug_info    0x00003207       0xcf /home/tools/CodeSourcery/Sourcery_CodeBench_for_ARM_EABI/bin/../lib/gcc/arm-none-eabi/4.7.2/../../../../arm-none-eabi/lib/armv7-m/libcs3micro.a(micro_isr_svcall.o)
 .debug_info    0x000032d6       0xcf /home/tools/CodeSourcery/Sourcery_CodeBench_for_ARM_EABI/bin/../lib/gcc/arm-none-eabi/4.7.2/../../../../arm-none-eabi/lib/armv7-m/libcs3micro.a(micro_isr_debug.o)
 .debug_info    0x000033a5       0xcf /home/tools/CodeSourcery/Sourcery_CodeBench_for_ARM_EABI/bin/../lib/gcc/arm-none-eabi/4.7.2/../../../../arm-none-eabi/lib/armv7-m/libcs3micro.a(micro_isr_pendsv.o)
 .debug_info    0x00003474       0xcf /home/tools/CodeSourcery/Sourcery_CodeBench_for_ARM_EABI/bin/../lib/gcc/arm-none-eabi/4.7.2/../../../../arm-none-eabi/lib/armv7-m/libcs3micro.a(micro_isr_systick.o)

.debug_abbrev   0x00000000     0x143a
 *(.debug_abbrev)
 .debug_abbrev  0x00000000      0x15f /home/jon/work/arm/m3/CBwork/demo/Debug/demo.o
 .debug_abbrev  0x0000015f       0x14 /home/tools/CodeSourcery/Sourcery_CodeBench_for_ARM_EABI/bin/../lib/gcc/arm-none-eabi/4.7.2/armv7-m/libgcc.a(_arm_addsubdf3.o)
 .debug_abbrev  0x00000173       0x14 /home/tools/CodeSourcery/Sourcery_CodeBench_for_ARM_EABI/bin/../lib/gcc/arm-none-eabi/4.7.2/armv7-m/libgcc.a(_arm_muldivdf3.o)
 .debug_abbrev  0x00000187       0x14 /home/tools/CodeSourcery/Sourcery_CodeBench_for_ARM_EABI/bin/../lib/gcc/arm-none-eabi/4.7.2/armv7-m/libgcc.a(_arm_cmpdf2.o)
 .debug_abbrev  0x0000019b       0x14 /home/tools/CodeSourcery/Sourcery_CodeBench_for_ARM_EABI/bin/../lib/gcc/arm-none-eabi/4.7.2/armv7-m/libgcc.a(_arm_fixdfsi.o)
 .debug_abbrev  0x000001af       0x14 /home/tools/CodeSourcery/Sourcery_CodeBench_for_ARM_EABI/bin/../lib/gcc/arm-none-eabi/4.7.2/armv7-m/libgcc.a(_aeabi_uldivmod.o)
 .debug_abbrev  0x000001c3       0xb5 /home/tools/CodeSourcery/Sourcery_CodeBench_for_ARM_EABI/bin/../lib/gcc/arm-none-eabi/4.7.2/armv7-m/libgcc.a(bpabi.o)
 .debug_abbrev  0x00000278       0x14 /home/tools/CodeSourcery/Sourcery_CodeBench_for_ARM_EABI/bin/../lib/gcc/arm-none-eabi/4.7.2/armv7-m/libgcc.a(_dvmd_tls.o)
 .debug_abbrev  0x0000028c      0x15a /home/tools/CodeSourcery/Sourcery_CodeBench_for_ARM_EABI/bin/../lib/gcc/arm-none-eabi/4.7.2/armv7-m/libgcc.a(_divdi3.o)
 .debug_abbrev  0x000003e6      0x154 /home/tools/CodeSourcery/Sourcery_CodeBench_for_ARM_EABI/bin/../lib/gcc/arm-none-eabi/4.7.2/armv7-m/libgcc.a(_udivdi3.o)
 .debug_abbrev  0x0000053a       0x14 /home/tools/CodeSourcery/Sourcery_CodeBench_for_ARM_EABI/bin/../lib/gcc/arm-none-eabi/4.7.2/../../../../arm-none-eabi/lib/armv7-m/libcs3.a(start-sim.o)
 .debug_abbrev  0x0000054e      0x143 /home/tools/CodeSourcery/Sourcery_CodeBench_for_ARM_EABI/bin/../lib/gcc/arm-none-eabi/4.7.2/../../../../arm-none-eabi/lib/armv7-m/libcs3.a(start_c.o)
 .debug_abbrev  0x00000691       0x42 /home/tools/CodeSourcery/Sourcery_CodeBench_for_ARM_EABI/bin/../lib/gcc/arm-none-eabi/4.7.2/../../../../arm-none-eabi/lib/armv7-m/libcs3.a(heap.o)
 .debug_abbrev  0x000006d3       0x14 /home/tools/CodeSourcery/Sourcery_CodeBench_for_ARM_EABI/bin/../lib/gcc/arm-none-eabi/4.7.2/../../../../arm-none-eabi/lib/armv7-m/libcs3.a(qemu-micro-reset.o)
 .debug_abbrev  0x000006e7      0x15d /home/tools/CodeSourcery/Sourcery_CodeBench_for_ARM_EABI/bin/../lib/gcc/arm-none-eabi/4.7.2/../../../../arm-none-eabi/lib/armv7-m/libcs3hosted.a(hosted-_close.o)
 .debug_abbrev  0x00000844       0xb6 /home/tools/CodeSourcery/Sourcery_CodeBench_for_ARM_EABI/bin/../lib/gcc/arm-none-eabi/4.7.2/../../../../arm-none-eabi/lib/armv7-m/libcs3hosted.a(hosted-_exit.o)
 .debug_abbrev  0x000008fa      0x180 /home/tools/CodeSourcery/Sourcery_CodeBench_for_ARM_EABI/bin/../lib/gcc/arm-none-eabi/4.7.2/../../../../arm-none-eabi/lib/armv7-m/libcs3hosted.a(hosted-_fstat.o)
 .debug_abbrev  0x00000a7a      0x14e /home/tools/CodeSourcery/Sourcery_CodeBench_for_ARM_EABI/bin/../lib/gcc/arm-none-eabi/4.7.2/../../../../arm-none-eabi/lib/armv7-m/libcs3hosted.a(hosted-isatty.o)
 .debug_abbrev  0x00000bc8      0x1a4 /home/tools/CodeSourcery/Sourcery_CodeBench_for_ARM_EABI/bin/../lib/gcc/arm-none-eabi/4.7.2/../../../../arm-none-eabi/lib/armv7-m/libcs3hosted.a(hosted-_lseek.o)
 .debug_abbrev  0x00000d6c      0x16a /home/tools/CodeSourcery/Sourcery_CodeBench_for_ARM_EABI/bin/../lib/gcc/arm-none-eabi/4.7.2/../../../../arm-none-eabi/lib/armv7-m/libcs3hosted.a(hosted-_read.o)
 .debug_abbrev  0x00000ed6      0x171 /home/tools/CodeSourcery/Sourcery_CodeBench_for_ARM_EABI/bin/../lib/gcc/arm-none-eabi/4.7.2/../../../../arm-none-eabi/lib/armv7-m/libcs3hosted.a(hosted-_write.o)
 .debug_abbrev  0x00001047       0xf4 /home/tools/CodeSourcery/Sourcery_CodeBench_for_ARM_EABI/bin/../lib/gcc/arm-none-eabi/4.7.2/../../../../arm-none-eabi/lib/armv7-m/libcs3hosted.a(hosted-sbrk.o)
 .debug_abbrev  0x0000113b      0x237 /home/tools/CodeSourcery/Sourcery_CodeBench_for_ARM_EABI/bin/../lib/gcc/arm-none-eabi/4.7.2/../../../../arm-none-eabi/lib/armv7-m/libcs3hosted.a(hosted-rdi.o)
 .debug_abbrev  0x00001372       0x14 /home/tools/CodeSourcery/Sourcery_CodeBench_for_ARM_EABI/bin/../lib/gcc/arm-none-eabi/4.7.2/../../../../arm-none-eabi/lib/armv7-m/libcs3micro.a(micro_isr_interrupt.o)
 .debug_abbrev  0x00001386       0x14 /home/tools/CodeSourcery/Sourcery_CodeBench_for_ARM_EABI/bin/../lib/gcc/arm-none-eabi/4.7.2/../../../../arm-none-eabi/lib/armv7-m/libcs3micro.a(micro_isr_nmi.o)
 .debug_abbrev  0x0000139a       0x14 /home/tools/CodeSourcery/Sourcery_CodeBench_for_ARM_EABI/bin/../lib/gcc/arm-none-eabi/4.7.2/../../../../arm-none-eabi/lib/armv7-m/libcs3micro.a(micro_isr_hard_fault.o)
 .debug_abbrev  0x000013ae       0x14 /home/tools/CodeSourcery/Sourcery_CodeBench_for_ARM_EABI/bin/../lib/gcc/arm-none-eabi/4.7.2/../../../../arm-none-eabi/lib/armv7-m/libcs3micro.a(micro_isr_mpu_fault.o)
 .debug_abbrev  0x000013c2       0x14 /home/tools/CodeSourcery/Sourcery_CodeBench_for_ARM_EABI/bin/../lib/gcc/arm-none-eabi/4.7.2/../../../../arm-none-eabi/lib/armv7-m/libcs3micro.a(micro_isr_bus_fault.o)
 .debug_abbrev  0x000013d6       0x14 /home/tools/CodeSourcery/Sourcery_CodeBench_for_ARM_EABI/bin/../lib/gcc/arm-none-eabi/4.7.2/../../../../arm-none-eabi/lib/armv7-m/libcs3micro.a(micro_isr_usage_fault.o)
 .debug_abbrev  0x000013ea       0x14 /home/tools/CodeSourcery/Sourcery_CodeBench_for_ARM_EABI/bin/../lib/gcc/arm-none-eabi/4.7.2/../../../../arm-none-eabi/lib/armv7-m/libcs3micro.a(micro_isr_svcall.o)
 .debug_abbrev  0x000013fe       0x14 /home/tools/CodeSourcery/Sourcery_CodeBench_for_ARM_EABI/bin/../lib/gcc/arm-none-eabi/4.7.2/../../../../arm-none-eabi/lib/armv7-m/libcs3micro.a(micro_isr_debug.o)
 .debug_abbrev  0x00001412       0x14 /home/tools/CodeSourcery/Sourcery_CodeBench_for_ARM_EABI/bin/../lib/gcc/arm-none-eabi/4.7.2/../../../../arm-none-eabi/lib/armv7-m/libcs3micro.a(micro_isr_pendsv.o)
 .debug_abbrev  0x00001426       0x14 /home/tools/CodeSourcery/Sourcery_CodeBench_for_ARM_EABI/bin/../lib/gcc/arm-none-eabi/4.7.2/../../../../arm-none-eabi/lib/armv7-m/libcs3micro.a(micro_isr_systick.o)

.debug_line     0x00000000     0x1c32
 *(.debug_line)
 .debug_line    0x00000000      0x3b3 /home/jon/work/arm/m3/CBwork/demo/Debug/demo.o
 .debug_line    0x000003b3      0x213 /home/tools/CodeSourcery/Sourcery_CodeBench_for_ARM_EABI/bin/../lib/gcc/arm-none-eabi/4.7.2/armv7-m/libgcc.a(_arm_addsubdf3.o)
 .debug_line    0x000005c6      0x22f /home/tools/CodeSourcery/Sourcery_CodeBench_for_ARM_EABI/bin/../lib/gcc/arm-none-eabi/4.7.2/armv7-m/libgcc.a(_arm_muldivdf3.o)
 .debug_line    0x000007f5      0x115 /home/tools/CodeSourcery/Sourcery_CodeBench_for_ARM_EABI/bin/../lib/gcc/arm-none-eabi/4.7.2/armv7-m/libgcc.a(_arm_cmpdf2.o)
 .debug_line    0x0000090a       0x8f /home/tools/CodeSourcery/Sourcery_CodeBench_for_ARM_EABI/bin/../lib/gcc/arm-none-eabi/4.7.2/armv7-m/libgcc.a(_arm_fixdfsi.o)
 .debug_line    0x00000999       0x7a /home/tools/CodeSourcery/Sourcery_CodeBench_for_ARM_EABI/bin/../lib/gcc/arm-none-eabi/4.7.2/armv7-m/libgcc.a(_aeabi_uldivmod.o)
 .debug_line    0x00000a13       0x7a /home/tools/CodeSourcery/Sourcery_CodeBench_for_ARM_EABI/bin/../lib/gcc/arm-none-eabi/4.7.2/armv7-m/libgcc.a(bpabi.o)
 .debug_line    0x00000a8d       0x76 /home/tools/CodeSourcery/Sourcery_CodeBench_for_ARM_EABI/bin/../lib/gcc/arm-none-eabi/4.7.2/armv7-m/libgcc.a(_dvmd_tls.o)
 .debug_line    0x00000b03       0xf7 /home/tools/CodeSourcery/Sourcery_CodeBench_for_ARM_EABI/bin/../lib/gcc/arm-none-eabi/4.7.2/armv7-m/libgcc.a(_divdi3.o)
 .debug_line    0x00000bfa       0xe5 /home/tools/CodeSourcery/Sourcery_CodeBench_for_ARM_EABI/bin/../lib/gcc/arm-none-eabi/4.7.2/armv7-m/libgcc.a(_udivdi3.o)
 .debug_line    0x00000cdf       0x7e /home/tools/CodeSourcery/Sourcery_CodeBench_for_ARM_EABI/bin/../lib/gcc/arm-none-eabi/4.7.2/../../../../arm-none-eabi/lib/armv7-m/libcs3.a(start-sim.o)